Iteration	Posterior	Likelihood	Prior	rate_log_sd	tree_length
0	-1623.884	-1981.534	357.6504	1.473512	1.090182
6	-1611.342	-1969.02	357.6784	1.445487	1.090182
12	-1611.308	-1969.089	357.7806	1.319883	1.111637
18	-1621.278	-1978.923	357.6448	1.347885	1.206451
24	-1613.599	-1971.244	357.6453	1.29131	1.25368
30	-1618.974	-1976.297	357.3224	1.25067	1.537465
36	-1624.032	-1981.751	357.7195	1.340777	1.147728
42	-1627.926	-1985.446	357.5201	1.605392	1.088672
48	-1619.601	-1977.176	357.575	1.471494	1.159849
54	-1609.062	-1966.688	357.6254	1.582315	1.010164
60	-1637.506	-1994.932	357.4264	1.487292	1.272621
66	-1628.94	-1986.486	357.546	1.48402	1.174247
72	-1636.092	-1993.689	357.5973	1.809277	0.7839666
78	-1630.25	-1987.932	357.6816	1.665044	0.8605689
84	-1626.914	-1984.531	357.6173	1.892648	0.5910001
90	-1619.047	-1976.625	357.5783	1.946393	0.504622
96	-1618.4	-1975.978	357.5783	1.946393	0.504622
102	-1630.05	-1987.746	357.6954	1.792897	0.6473223
108	-1618.767	-1976.411	357.6438	1.774145	0.7679592
114	-1632.078	-1989.81	357.7329	1.551184	0.9313301
120	-1621.303	-1978.998	357.6953	1.660383	0.8496392
126	-1632.691	-1990.414	357.7226	1.633036	0.8496392
132	-1630.6	-1988.341	357.7415	1.571265	0.8997763
138	-1635.18	-1992.966	357.7858	1.563766	0.8569844
144	-1623.744	-1981.696	357.952	1.510554	0.6976526
150	-1618.659	-1976.437	357.7777	1.658977	0.7402294
156	-1618.132	-1975.948	357.8159	1.6871	0.6115858
162	-1618.16	-1975.811	357.6512	1.797072	0.7218946
168	-1631.611	-1989.382	357.7709	1.677306	0.7218946
174	-1637.819	-1995.615	357.7964	1.60285	0.7940129
180	-1631.111	-1988.973	357.862	1.442981	0.908466
186	-1631.709	-1989.524	357.8147	1.515777	0.8795561
192	-1615.972	-1973.69	357.7179	1.717112	0.742708
198	-1633.372	-1991.069	357.6978	1.720673	0.7672795
204	-1630.658	-1988.443	357.7842	1.634211	0.7672795
210	-1637.954	-1995.678	357.7242	1.687576	0.7767224
216	-1638.093	-1995.738	357.6454	1.458107	1.10891
222	-1646.668	-2004.396	357.7275	1.375968	1.10891
228	-1646.199	-2003.791	357.5924	1.249427	1.33098
234	-1629.951	-1987.614	357.6632	1.337909	1.199234
240	-1628.75	-1986.399	357.6489	1.304021	1.240079
246	-1624.188	-1981.765	357.5773	1.371896	1.243223
252	-1627.885	-1985.484	357.5988	1.445313	1.161959
258	-1631.241	-1988.775	357.5345	1.269709	1.360945
264	-1619.983	-1977.688	357.7049	1.548664	0.9636152
270	-1617.392	-1975.105	357.7131	1.737295	0.7183803
276	-1619.232	-1976.995	357.763	1.668571	0.7479277
282	-1631.393	-1989.029	357.6363	1.839961	0.6722423
288	-1634.981	-1992.821	357.8395	1.63676	0.6722423
294	-1632.875	-1990.684	357.8093	1.64	0.7200974
300	-1638.645	-1996.077	357.4316	1.326106	1.397431
306	-1637.545	-1995.081	357.5355	1.40859	1.247501
312	-1626.204	-1983.871	357.6666	1.191005	1.31833
318	-1631.103	-1988.681	357.578	1.311982	1.292085
324	-1631.076	-1988.579	357.5032	1.380645	1.29707
330	-1625.382	-1983.221	357.8383	1.527459	0.837213
336	-1631.331	-1989.217	357.8861	1.527459	0.7742836
342	-1619.64	-1977.438	357.798	1.521959	0.8916607
348	-1629.995	-1987.526	357.5305	1.35486	1.295867
354	-1623.416	-1981.224	357.8079	1.547511	0.8500152
360	-1621.206	-1978.949	357.7422	1.614871	0.8479754
366	-1615.118	-1972.851	357.7324	1.748903	0.6622716
372	-1612.167	-1969.851	357.6842	1.563809	0.9694307
378	-1619.283	-1976.785	357.5021	1.51141	1.188597
384	-1623.978	-1981.599	357.6208	1.390776	1.190271
390	-1621.916	-1979.635	357.7192	1.54707	0.9503472
396	-1617.695	-1975.317	357.6224	1.735254	0.8472038
402	-1621.397	-1979.002	357.6042	1.626884	0.9867238
408	-1616.617	-1974.354	357.7374	1.603404	0.867427
414	-1623.332	-1980.968	357.636	1.508882	1.070615
420	-1635.742	-1993.427	357.6851	1.491962	1.040043
426	-1628.829	-1986.496	357.6671	1.591656	0.9582834
432	-1633.089	-1990.963	357.8747	1.417783	0.9222786
438	-1628.692	-1986.37	357.6773	1.81538	0.6375907
444	-1623.795	-1981.522	357.7275	1.602313	0.8802507
450	-1614.164	-1971.908	357.7441	1.702651	0.7243323
456	-1627.038	-1984.918	357.8804	1.566295	0.7243323
462	-1623.963	-1981.668	357.7053	1.700895	0.7845632
468	-1627.609	-1985.422	357.8123	1.649048	0.6998115
474	-1616.131	-1973.96	357.8292	1.645398	0.6755768
480	-1615.824	-1973.581	357.7563	1.621737	0.8218142
486	-1619.431	-1977.211	357.7804	1.51882	0.9148114
492	-1622.635	-1980.399	357.7637	1.51882	0.9330642
498	-1623.352	-1981.015	357.6627	1.541077	1.013999
504	-1625.293	-1983.029	357.7362	1.467629	1.013999
510	-1630.704	-1988.451	357.7469	1.507348	0.962991
516	-1633.317	-1991.065	357.7479	1.442259	1.027416
522	-1629.428	-1987.231	357.8034	1.442259	0.9718121
528	-1630.663	-1988.433	357.7703	1.509365	0.9361259
534	-1632.397	-1990.062	357.6654	1.630117	0.9189323
540	-1645.86	-2003.631	357.7706	1.593535	0.839248
546	-1642.331	-1999.882	357.5507	1.476188	1.176942
552	-1634.776	-1992.395	357.6194	1.519522	1.076168
558	-1622.264	-1979.986	357.7218	1.55078	0.9436322
564	-1635.188	-1993.04	357.8523	1.548333	0.7920921
570	-1633.407	-1991.028	357.6203	1.821094	0.7328042
576	-1628.202	-1985.947	357.7452	1.709733	0.7107449
582	-1638.065	-1995.87	357.8045	1.504167	0.9043505
588	-1624.81	-1982.615	357.8057	1.571727	0.8225504
594	-1622.885	-1980.476	357.591	1.442948	1.170849
600	-1623.814	-1981.463	357.6494	1.406274	1.151748
606	-1630.661	-1988.366	357.7056	1.350074	1.151748
612	-1639.593	-1997.153	357.5602	1.696617	0.9603157
618	-1627.123	-1984.787	357.6634	1.427212	1.120559
624	-1636.043	-1993.855	357.8121	1.506462	0.8931652
630	-1631.811	-1989.681	357.8694	1.433796	0.9104579
636	-1629.787	-1987.469	357.6822	1.331381	1.188492
642	-1638.423	-1996.344	357.9209	1.272272	1.024403
648	-1636.021	-1993.715	357.6935	1.499696	1.024403
654	-1630.453	-1987.985	357.5323	1.490607	1.180479
660	-1642.299	-2000.14	357.8405	1.561935	0.7896595
666	-1635.122	-1992.854	357.7321	1.563696	0.9186435
672	-1649.074	-2006.862	357.7884	1.630217	0.7669818
678	-1644.342	-2002.114	357.7712	1.625366	0.7975663
684	-1650.107	-2007.831	357.7246	1.767548	0.6388666
690	-1628.437	-1986.134	357.6967	1.800364	0.6270776
696	-1633.158	-1990.832	357.6744	1.74626	0.7640839
702	-1628.27	-1985.991	357.7206	1.720961	0.7325988
708	-1647.718	-2005.533	357.8147	1.634368	0.7205413
714	-1640.843	-1998.674	357.8313	1.597436	0.7522395
720	-1636.036	-1993.738	357.7026	1.75832	0.7005729
726	-1645.61	-2003.23	357.6195	1.88833	0.5977519
732	-1653.213	-2010.961	357.7483	1.724892	0.6781422
738	-1664.244	-2022.077	357.833	1.679237	0.5834801
744	-1646.113	-2004.034	357.9209	1.507785	0.7522777
750	-1637.7	-1995.521	357.8211	1.3471	1.048587
756	-1626.942	-1984.648	357.7065	1.596991	0.9101498
762	-1622.018	-1979.751	357.7326	1.725488	0.7054915
768	-1629.313	-1986.979	357.666	1.749976	0.7708048
774	-1614.689	-1972.397	357.7087	1.605822	0.8977655
780	-1614.968	-1972.567	357.5988	1.571158	1.046894
786	-1618.977	-1976.737	357.7603	1.585571	0.8614948
792	-1622.424	-1980.005	357.5804	1.61108	1.026065
798	-1647.059	-2004.731	357.6716	1.412349	1.126604
804	-1638.385	-1996.195	357.8102	1.65246	0.6975007
810	-1629.571	-1987.183	357.6122	1.275148	1.294227
816	-1635.993	-1993.723	357.7304	1.204311	1.255297
822	-1622.863	-1980.394	357.5306	1.404048	1.255297
828	-1637.54	-1995.089	357.5496	1.385111	1.255297
834	-1636.898	-1994.302	357.4036	1.383525	1.374395
840	-1645.423	-2002.98	357.5574	1.525407	1.127582
846	-1620.007	-1977.682	357.6749	1.380028	1.152385
852	-1620.956	-1978.626	357.67	1.384951	1.152385
858	-1611.67	-1969.302	357.632	1.42295	1.152385
864	-1625.712	-1983.346	357.6338	1.42295	1.150814
870	-1645.451	-2002.985	357.5339	1.53443	1.140567
876	-1632.466	-1990.391	357.925	1.4014	0.8842218
882	-1632.142	-1989.766	357.6239	1.591716	1.00232
888	-1623.118	-1980.82	357.7026	1.504145	1.011075
894	-1617.522	-1975.325	357.8026	1.48516	0.9273935
900	-1621.918	-1979.625	357.7073	1.580433	0.9273935
906	-1629.136	-1986.69	357.5548	1.751193	0.9072836
912	-1622.58	-1980.044	357.4639	1.549076	1.189025
918	-1633.854	-1991.453	357.5995	1.15383	1.400849
924	-1638.227	-1995.797	357.5702	1.411795	1.21556
930	-1637.042	-1994.88	357.8376	1.39812	0.9820306
936	-1619.093	-1976.985	357.8913	1.45781	0.8575298
942	-1626.291	-1983.954	357.6627	1.768635	0.7483319
948	-1622.332	-1980.064	357.7311	1.715126	0.7250674
954	-1635.689	-1993.462	357.7722	1.674109	0.7250674
960	-1636.224	-1993.96	357.736	1.710307	0.7250674
966	-1651.634	-2009.234	357.6002	1.76758	0.8347911
972	-1646.122	-2003.907	357.785	1.507563	0.9221595
978	-1638.559	-1996.17	357.6104	1.635697	0.9713418
984	-1637.036	-1994.697	357.6617	1.511342	1.043927
990	-1628.466	-1986.056	357.5903	1.563013	1.062663
996	-1625.756	-1983.549	357.7931	1.556853	0.8565588
1002	-1616.892	-1974.599	357.7069	1.697471	0.7869474
1008	-1619.302	-1977.101	357.7986	1.457022	0.9615194
1014	-1622.194	-1979.906	357.7127	1.370016	1.127657
1020	-1628.121	-1985.665	357.5439	1.504007	1.158578
1026	-1611.229	-1968.939	357.7094	1.560258	0.9467797
1032	-1617.31	-1974.97	357.6607	1.47505	1.07921
1038	-1627.667	-1985.316	357.6491	1.44593	1.116605
1044	-1624.46	-1982.029	357.5687	1.44593	1.187588
1050	-1623.492	-1981.228	357.7365	1.469412	1.011894
1056	-1629.36	-1987.142	357.7814	1.522977	0.909178
1062	-1627.513	-1985.233	357.7203	1.310864	1.173229
1068	-1628.883	-1986.495	357.612	1.385413	1.202394
1074	-1629.154	-1987.024	357.8693	1.476386	0.8616332
1080	-1624.464	-1982.155	357.6915	1.574253	0.9508533
1086	-1632.549	-1990.229	357.6797	1.675338	0.8503767
1092	-1639.022	-1996.83	357.8077	1.553776	0.8425814
1098	-1621.428	-1979.171	357.7425	1.59353	0.873096
1104	-1623.466	-1981.299	357.8339	1.384404	0.9996222
1110	-1632.079	-1989.699	357.6193	1.553901	1.043806
1116	-1639.155	-1996.934	357.7787	1.709056	0.648706
1122	-1630.286	-1988.114	357.8275	1.60895	0.7405925
1128	-1624.384	-1982.101	357.7172	1.69012	0.782951
1134	-1627.013	-1984.83	357.8173	1.600489	0.7682092
1140	-1620.441	-1978.221	357.7795	1.689476	0.6860031
1146	-1634.239	-1992.114	357.8752	1.52778	0.7889637
1152	-1638.331	-1996.089	357.7574	1.523619	0.9346794
1158	-1640.587	-1998.276	357.6882	1.552818	0.9765831
1164	-1644.261	-2001.94	357.6799	1.637272	0.8948131
1170	-1642.129	-1999.946	357.8175	1.637272	0.710998
1176	-1640.088	-1997.834	357.7466	1.751823	0.623605
1182	-1646.09	-2003.601	357.5103	2.012517	0.5314443
1188	-1636.903	-1994.432	357.5285	1.988375	0.5654061
1194	-1622.484	-1980.097	357.613	1.753882	0.835838
1200	-1628.946	-1986.637	357.6917	1.537473	0.9886681
1206	-1620.443	-1977.986	357.5429	1.622137	1.051601
1212	-1620.17	-1977.849	357.6785	1.337757	1.186183
1218	-1622.23	-1979.869	357.6383	1.507729	1.069531
1224	-1626.717	-1984.398	357.6812	1.369703	1.155997
1230	-1623.974	-1981.542	357.568	1.377495	1.246268
1236	-1625.525	-1983.074	357.5489	1.436182	1.212949
1242	-1639.197	-1996.629	357.4327	1.6065	1.166228
1248	-1634.854	-1992.492	357.6383	1.481645	1.093828
1254	-1632.902	-1990.757	357.8549	1.551353	0.7844414
1260	-1615.166	-1972.954	357.7882	1.586459	0.8260843
1266	-1626.55	-1984.335	357.7848	1.518656	0.9101949
1272	-1629.823	-1987.478	357.6549	1.54491	1.017889
1278	-1628.149	-1985.79	357.6409	1.717859	0.8458485
1284	-1627.909	-1985.578	357.6696	1.767907	0.7388829
1290	-1637.638	-1995.185	357.5464	1.901882	0.7218263
1296	-1644.365	-2002.042	357.6775	1.714432	0.803782
1302	-1634.991	-1992.59	357.599	1.440185	1.166279
1308	-1635.574	-1993.164	357.5892	1.362098	1.241401
1314	-1628.64	-1986.068	357.4287	1.364079	1.369918
1320	-1631.395	-1989.01	357.6149	1.832441	0.7232794
1326	-1625.466	-1983.196	357.7297	1.748974	0.6675164
1332	-1629.66	-1987.396	357.7358	1.688552	0.7587233
1338	-1623.682	-1981.332	357.6497	1.697585	0.8597963
1344	-1639.439	-1997.245	357.8058	1.516359	0.8891183
1350	-1637.587	-1995.356	357.7687	1.35928	1.086377
1356	-1612.84	-1970.522	357.6818	1.432456	1.099084
1362	-1618.209	-1976.021	357.8119	1.467741	0.9360808
1368	-1618.144	-1975.814	357.6695	1.59278	0.9545777
1374	-1631.88	-1989.616	357.7367	1.367314	1.10842
1380	-1631.455	-1989.046	357.5912	1.367314	1.235423
1386	-1617.895	-1975.755	357.8606	1.400263	0.9560574
1392	-1612.514	-1970.405	357.8911	1.478661	0.8322563
1398	-1616.995	-1974.786	357.7914	1.693392	0.6550512
1404	-1627.05	-1984.985	357.9345	1.528314	0.6972881
1410	-1630.956	-1988.736	357.7808	1.651241	0.74727
1416	-1631.665	-1989.462	357.7971	1.572991	0.831874
1422	-1638.703	-1996.406	357.7024	1.740727	0.7300294
1428	-1630.986	-1988.713	357.7265	1.632359	0.8458011
1434	-1637.129	-1994.811	357.6823	1.818462	0.6176881
1440	-1628.78	-1986.498	357.7181	1.735998	0.7122014
1446	-1629.589	-1987.3	357.7112	1.63234	0.8642093
1452	-1633.931	-1991.508	357.5765	1.854645	0.7485544
1458	-1629.215	-1986.768	357.5525	1.510847	1.145005
1464	-1627.296	-1984.978	357.6821	1.250284	1.257203
1470	-1630.316	-1987.74	357.4248	1.25561	1.45692
1476	-1633.757	-1991.394	357.6364	1.533849	1.046585
1482	-1638.636	-1996.36	357.7245	1.726944	0.7166155
1488	-1620.367	-1978.13	357.7624	1.633089	0.7990524
1494	-1636.701	-1994.486	357.785	1.564265	0.8574405
1500	-1643.616	-2001.055	357.4388	1.400353	1.33313
1506	-1654.951	-2012.589	357.6381	1.362354	1.199828
1512	-1621.611	-1979.326	357.7149	1.679285	0.8007086
1518	-1630.434	-1988.189	357.7548	1.520508	0.9407801
1524	-1625.7	-1983.465	357.7653	1.537091	0.9113844
1530	-1631.992	-1989.699	357.7079	1.641678	0.8570114
1536	-1624.28	-1982.01	357.7294	1.641678	0.8305976
1542	-1634.644	-1992.319	357.6755	1.594633	0.9462281
1548	-1649.622	-2007.379	357.7568	1.524	0.9348748
1554	-1638.801	-1996.55	357.7486	1.650651	0.7939929
1560	-1631.854	-1989.558	357.7047	1.787099	0.6395938
1566	-1631.257	-1988.951	357.6936	1.726831	0.7644369
1572	-1631.96	-1989.653	357.6928	1.605325	0.9159887
1578	-1634.928	-1992.684	357.7565	1.555129	0.9010074
1584	-1626.53	-1984.287	357.7573	1.617454	0.8260378
1590	-1622.04	-1979.677	357.6375	1.468761	1.10635
1596	-1626.727	-1984.486	357.7587	1.667184	0.7564167
1602	-1620.284	-1978.041	357.7565	1.654236	0.7781622
1608	-1638.272	-1995.943	357.6707	1.63807	0.9042334
1614	-1626.983	-1984.808	357.825	1.63218	0.7069484
1620	-1625.842	-1983.678	357.8368	1.621286	0.7054179
1626	-1628.635	-1986.408	357.773	1.70132	0.6760673
1632	-1621.213	-1978.83	357.6171	1.899985	0.5646165
1638	-1612.278	-1969.984	357.7063	1.737065	0.7297346
1644	-1620.409	-1977.994	357.5842	1.932082	0.5678871
1650	-1611.706	-1969.42	357.7139	1.731023	0.7272445
1656	-1627.071	-1984.719	357.6487	1.38293	1.172857
1662	-1627.485	-1985.216	357.7309	1.552362	0.9322002
1668	-1617.988	-1975.778	357.7903	1.50787	0.9160253
1674	-1624.993	-1982.589	357.5963	1.444226	1.165114
1680	-1623.9	-1981.474	357.574	1.339293	1.273012
1686	-1615.842	-1973.585	357.7427	1.501359	0.9734939
1692	-1625.633	-1983.416	357.7832	1.694295	0.6697631
1698	-1617.337	-1975.123	357.7861	1.581135	0.8354339
1704	-1625.475	-1983.177	357.7024	1.476963	1.037847
1710	-1628.643	-1986.396	357.7527	1.654725	0.7827691
1716	-1627.334	-1985.032	357.698	1.825534	0.4755263
1722	-1616.862	-1974.558	357.6958	1.818698	0.5751201
1728	-1614.625	-1972.174	357.5488	1.97144	0.5491175
1734	-1617.33	-1975.15	357.82	1.62679	0.7242927
1740	-1625.688	-1983.446	357.7574	1.761624	0.5552486
1746	-1624.712	-1982.393	357.6811	1.836801	0.5609138
1752	-1617.294	-1974.964	357.6699	1.737147	0.783257
1758	-1620.923	-1978.718	357.7957	1.567389	0.8405936
1764	-1627.374	-1985.255	357.8805	1.41874	0.9147763
1770	-1626.019	-1983.957	357.9386	1.352131	0.9241608
1776	-1631.123	-1988.757	357.6343	1.369124	1.197229
1782	-1630.919	-1988.571	357.6525	1.248881	1.282806
1788	-1634.621	-1992.478	357.8574	1.225395	1.127563
1794	-1624.427	-1982.177	357.7503	1.589653	0.8684992
1800	-1616.859	-1974.581	357.7217	1.618193	0.8684992
1806	-1622.729	-1980.501	357.7719	1.475135	0.9704023
1812	-1636.974	-1994.672	357.6978	1.551955	0.9675806
1818	-1652.195	-2009.97	357.7746	1.595309	0.8321101
1824	-1662.662	-2020.396	357.7338	1.641596	0.825172
1830	-1640.979	-1998.74	357.7616	1.718389	0.6648765
1836	-1628.416	-1986.158	357.7419	1.71232	0.712042
1842	-1633.504	-1991.381	357.8771	1.41927	0.918001
1848	-1626.673	-1984.291	357.6181	1.610293	0.9894849
1854	-1620.78	-1978.582	357.8021	1.621376	0.7599632
1860	-1633.994	-1991.797	357.8022	1.621242	0.7599632
1866	-1639.748	-1997.478	357.7299	1.6135	0.8643272
1872	-1651.974	-2009.784	357.8099	1.445277	0.9619823
1878	-1657.001	-2014.872	357.8712	1.497302	0.8337965
1884	-1648.107	-2005.844	357.7371	1.492398	0.9883557
1890	-1648.207	-2006.053	357.846	1.451643	0.9165175
1896	-1630.869	-1988.546	357.6765	1.795413	0.6805249
1902	-1634.337	-1991.924	357.5872	1.910302	0.6259108
1908	-1634.585	-1992.534	357.9497	1.382449	0.8776369
1914	-1632.72	-1990.369	357.6487	1.338622	1.210995
1920	-1625.681	-1983.396	357.7145	1.49569	1.007686
1926	-1624.108	-1981.686	357.578	1.511413	1.121647
1932	-1633.049	-1990.737	357.688	1.439168	1.08713
1938	-1632.584	-1990.37	357.7863	1.367288	1.062472
1944	-1624.834	-1982.628	357.7942	1.498828	0.9215951
1950	-1636.109	-1993.76	357.6504	1.470506	1.092955
1956	-1627.465	-1985.284	357.8185	1.631602	0.7188805
1962	-1635.103	-1992.788	357.6848	1.616009	0.9131251
1968	-1627.913	-1985.64	357.7267	1.741214	0.6880953
1974	-1637.637	-1995.299	357.6624	1.696863	0.8452297
1980	-1650.051	-2007.642	357.5905	1.924498	0.572986
1986	-1637.986	-1995.589	357.6027	1.894675	0.6263829
1992	-1641.432	-1999.149	357.7167	1.762049	0.6674105
1998	-1637.216	-1994.915	357.6996	1.74944	0.7205188
2004	-1624.007	-1981.526	357.5186	1.727807	0.9710874
2010	-1624.957	-1982.632	357.6749	1.571438	0.9710874
2016	-1637.367	-1995.075	357.708	1.571438	0.9363515
2022	-1641.962	-1999.662	357.7002	1.619522	0.8918961
2028	-1634.777	-1992.527	357.7499	1.600873	0.8555306
2034	-1627.069	-1984.621	357.5524	1.664303	1.001228
2040	-1632.464	-1990.141	357.6768	1.676169	0.8529434
2046	-1640.728	-1998.42	357.6924	1.747178	0.7356869
2052	-1630.079	-1987.722	357.643	1.737438	0.8186764
2058	-1628.065	-1985.69	357.6247	1.626533	0.9661286
2064	-1635.982	-1993.509	357.527	1.529246	1.151222
2070	-1625.19	-1982.935	357.7451	1.68488	0.7503541
2076	-1626.178	-1983.858	357.6806	1.835392	0.5691053
2082	-1624.107	-1981.768	357.6602	1.619254	0.9363401
2088	-1614.141	-1971.858	357.7177	1.720825	0.7373945
2094	-1612.747	-1970.368	357.6207	1.479891	1.11149
2100	-1615.208	-1972.728	357.5198	1.580793	1.11149
2106	-1618.788	-1976.39	357.6026	1.771999	0.8261546
2112	-1618.698	-1976.424	357.726	1.504535	0.9873123
2118	-1624.915	-1982.607	357.6916	1.492236	1.033511
2124	-1620.694	-1978.477	357.7826	1.557118	0.8687749
2130	-1639.059	-1996.817	357.7574	1.604796	0.8416681
2136	-1634.728	-1992.503	357.7755	1.603481	0.820582
2142	-1629.344	-1987.174	357.8292	1.598407	0.7538326
2148	-1629.118	-1986.896	357.7781	1.553283	0.8784443
2154	-1619.248	-1976.963	357.7148	1.677847	0.8028535
2160	-1625.451	-1983.232	357.7811	1.567797	0.857823
2166	-1628.897	-1986.724	357.8262	1.567797	0.8009483
2172	-1627.965	-1985.589	357.6242	1.567797	1.02555
2178	-1611.213	-1968.753	357.5403	1.561013	1.110875
2184	-1616.829	-1974.41	357.5815	1.680547	0.9548458
2190	-1625.459	-1983.341	357.8828	1.571691	0.7115948
2196	-1628.054	-1985.868	357.8137	1.511462	0.8856659
2202	-1630.668	-1988.564	357.8954	1.534448	0.7505204
2208	-1614.896	-1972.341	357.4455	1.545485	1.207881
2214	-1616.318	-1973.609	357.2905	1.200359	1.597839
2220	-1618.579	-1976.176	357.5963	1.573816	1.046735
2226	-1622.835	-1980.732	357.8962	1.481834	0.8217661
2232	-1633.487	-1991.236	357.7487	1.62936	0.8217661
2238	-1628.337	-1985.997	357.6607	1.682753	0.8642796
2244	-1636.851	-1994.55	357.6982	1.80416	0.6134877
2250	-1633.245	-1990.935	357.6908	1.814379	0.6056123
2256	-1624.31	-1982.096	357.7859	1.689886	0.6731517
2262	-1627.031	-1984.672	357.6411	1.538162	1.037951
2268	-1617.968	-1975.693	357.7244	1.454881	1.037951
2274	-1621.177	-1978.98	357.8033	1.426746	0.9878117
2280	-1623.276	-1981.042	357.7668	1.426746	1.024063
2286	-1624.495	-1982.168	357.6737	1.519874	1.024063
2292	-1614.598	-1972.289	357.6912	1.670162	0.8427432
2298	-1617.422	-1975.2	357.7781	1.630719	0.7808489
2304	-1625.57	-1983.263	357.6922	1.711897	0.7874293
2310	-1633.389	-1991.2	357.8111	1.631594	0.7307411
2316	-1632.701	-1990.371	357.6697	1.531085	1.016938
2322	-1638.785	-1996.298	357.5129	1.456653	1.226081
2328	-1641.964	-1999.691	357.7266	1.221746	1.243891
2334	-1632.283	-1989.725	357.4419	1.345676	1.37404
2340	-1630.184	-1987.968	357.784	1.3938	1.039315
2346	-1639.664	-1997.449	357.7849	1.260631	1.16073
2352	-1643.407	-2001.109	357.7023	1.250592	1.240124
2358	-1644.185	-2001.656	357.4702	1.479225	1.243033
2364	-1625.272	-1983.017	357.7448	1.511255	0.9610621
2370	-1629.25	-1986.936	357.6856	1.44882	1.080369
2376	-1628.953	-1986.649	357.6958	1.403276	1.112854
2382	-1627.454	-1985.15	357.6965	1.697198	0.8013933
2388	-1624.352	-1982.076	357.7238	1.679594	0.7882927
2394	-1623.267	-1980.925	357.6588	1.835969	0.6326365
2400	-1633.005	-1990.902	357.8976	1.58105	0.6676069
2406	-1627.141	-1985.042	357.9015	1.577136	0.6676069
2412	-1629.185	-1986.9	357.7147	1.566386	0.9345242
2418	-1630.79	-1988.499	357.71	1.527483	0.9802425
2424	-1625.307	-1983.056	357.7491	1.564835	0.8984723
2430	-1622.252	-1979.972	357.7206	1.410351	1.08367
2436	-1609.108	-1966.887	357.7789	1.474687	0.9636283
2442	-1615.261	-1972.929	357.6689	1.607756	0.9393141
2448	-1621.696	-1979.323	357.6276	1.418765	1.159926
2454	-1622.521	-1980.285	357.7641	1.729992	0.6342356
2460	-1619.121	-1976.9	357.7785	1.640525	0.7663997
2466	-1628.734	-1986.687	357.9529	1.466163	0.7663997
2472	-1626.154	-1983.867	357.7128	1.80464	0.5630522
2478	-1639.846	-1997.622	357.7762	1.643044	0.7661131
2484	-1633.611	-1991.374	357.7627	1.44524	1.009889
2490	-1629.594	-1987.441	357.8468	1.601237	0.7222133
2496	-1626.282	-1984.054	357.773	1.591643	0.8386838
2502	-1630.898	-1988.775	357.8765	1.48811	0.8386838
2508	-1628.381	-1986.053	357.6726	1.69203	0.8386838
2514	-1641.654	-1999.398	357.7445	1.620095	0.8386838
2520	-1633.408	-1991.148	357.7391	1.654572	0.8013838
2526	-1636.131	-1993.831	357.7001	1.693072	0.8021707
2532	-1630.118	-1987.827	357.7095	1.605712	0.8969921
2538	-1622.599	-1980.444	357.8447	1.531838	0.8236647
2544	-1600.893	-1958.71	357.8164	1.653172	0.6850672
2550	-1617.544	-1975.153	357.609	1.915767	0.503632
2556	-1615.374	-1973.055	357.6817	1.830684	0.5829446
2562	-1618.199	-1975.907	357.7082	1.725928	0.7440685
2568	-1612.774	-1970.556	357.7822	1.597884	0.8191764
2574	-1613.062	-1970.703	357.6417	1.738429	0.8191764
2580	-1613.014	-1970.804	357.7899	1.590165	0.8191764
2586	-1627.439	-1985.215	357.7764	1.603663	0.8191764
2592	-1645.902	-2003.707	357.8043	1.495841	0.9138171
2598	-1635.213	-1993.131	357.918	1.382124	0.9138171
2604	-1629.474	-1987.396	357.9223	1.426902	0.8574834
2610	-1631.012	-1988.75	357.7373	1.598325	0.8734952
2616	-1647.145	-2004.875	357.7301	1.605592	0.8734952
2622	-1647.998	-2005.621	357.6236	1.493272	1.096614
2628	-1660.244	-2017.926	357.6815	1.351949	1.171265
2634	-1639.527	-1997.149	357.6217	1.590543	1.005691
2640	-1614.951	-1972.595	357.6438	1.265368	1.276376
2646	-1615.125	-1972.609	357.4833	1.344348	1.342322
2652	-1617.415	-1974.989	357.5743	1.38041	1.238616
2658	-1624.088	-1981.748	357.6607	1.399778	1.147526
2664	-1627.563	-1985.286	357.7226	1.537993	0.956348
2670	-1635.259	-1993.006	357.7468	1.55091	0.9164466
2676	-1619.341	-1977.161	357.8199	1.55091	0.8309926
2682	-1619.792	-1977.603	357.8108	1.665531	0.6720499
2688	-1620.965	-1978.661	357.6952	1.797468	0.6375402
2694	-1621.443	-1979.179	357.7354	1.772882	0.5962414
2700	-1625.557	-1983.319	357.762	1.698513	0.7012791
2706	-1626.274	-1984.043	357.7691	1.743121	0.5833921
2712	-1621.62	-1979.404	357.7833	1.621912	0.7858712
2718	-1628.253	-1986.094	357.8407	1.463689	0.9090998
2724	-1625.997	-1983.698	357.7002	1.685227	0.8123235
2730	-1620.864	-1978.538	357.6731	1.508509	1.035705
2736	-1627.515	-1985.166	357.6504	1.369345	1.183138
2742	-1639.283	-1997.032	357.7489	1.599237	0.8587724
2748	-1635.927	-1993.743	357.816	1.513163	0.8810674
2754	-1621.811	-1979.771	357.9604	1.329301	0.9253116
2760	-1642.89	-2000.447	357.5567	1.693267	0.9673614
2766	-1638.096	-1995.77	357.6738	1.78475	0.7047116
2772	-1625.185	-1983.096	357.9104	1.521315	0.747817
2778	-1626.022	-1983.719	357.6972	1.55091	0.9693582
2784	-1632.234	-1990.012	357.778	1.469432	0.9699697
2790	-1626.583	-1984.488	357.9048	1.349038	0.963411
2796	-1617.268	-1975.155	357.8875	1.406308	0.9208135
2802	-1606.662	-1964.451	357.7888	1.422041	1.007044
2808	-1616.324	-1973.952	357.628	1.341346	1.226264
2814	-1617.436	-1975.191	357.7545	1.334858	1.121667
2820	-1604.158	-1961.89	357.7325	1.684741	0.7689421
2826	-1607.927	-1965.649	357.7217	1.378601	1.111755
2832	-1625.618	-1983.487	357.869	1.377612	0.9708281
2838	-1625.622	-1983.215	357.5935	1.334662	1.260724
2844	-1624.885	-1982.513	357.6282	1.299978	1.260724
2850	-1613.435	-1970.813	357.3782	1.572113	1.242241
2856	-1625.945	-1983.723	357.7779	1.471383	0.9681143
2862	-1625.956	-1983.797	357.8413	1.323977	1.051366
2868	-1628.639	-1986.311	357.672	1.45112	1.090876
2874	-1629.423	-1987.286	357.8631	1.506683	0.8322991
2880	-1613.48	-1971.236	357.7562	1.472232	0.9893766
2886	-1626.505	-1984.232	357.7273	1.556304	0.9318927
2892	-1628.96	-1986.738	357.778	1.556304	0.8750186
2898	-1621.03	-1978.737	357.7065	1.735563	0.7317619
2904	-1632.368	-1989.953	357.5857	1.480651	1.142258
2910	-1624.442	-1982.05	357.6085	1.527427	1.079004
2916	-1638.462	-1996.179	357.7166	1.482975	1.018152
2922	-1637.569	-1995.327	357.7578	1.523653	0.9342063
2928	-1650.08	-2007.989	357.9096	1.3631	0.9435122
2934	-1644.275	-2002.239	357.9636	1.454965	0.7670925
2940	-1627.724	-1985.495	357.7715	1.653237	0.7581124
2946	-1624.723	-1982.587	357.8646	1.490661	0.8501749
2952	-1635.66	-1993.469	357.809	1.546243	0.8501749
2958	-1633.622	-1991.39	357.7685	1.586718	0.8501749
2964	-1620.288	-1978.023	357.7347	1.466047	1.016998
2970	-1626.715	-1984.397	357.6815	1.605885	0.9278141
2976	-1624.13	-1981.833	357.7023	1.553264	0.9615679
2982	-1625.246	-1983.254	358.0077	1.402953	0.7782632
2988	-1629.778	-1987.347	357.569	1.807337	0.823936
2994	-1626.879	-1984.791	357.9125	1.439434	0.8541791
3000	-1643.36	-2001.175	357.8151	1.660311	0.6740259
3006	-1622.492	-1980.078	357.5862	1.524195	1.102557
3012	-1627.106	-1984.946	357.8406	1.391153	0.9861
3018	-1632.296	-1989.861	357.5643	1.224962	1.372679
3024	-1628.755	-1986.475	357.7203	1.281373	1.198751
3030	-1620.768	-1978.624	357.8563	1.318706	1.042058
3036	-1637.896	-1995.416	357.5205	1.466623	1.211228
3042	-1617.652	-1975.296	357.6441	1.567965	1.005821
3048	-1631.661	-1989.303	357.6415	1.844977	0.6513857
3054	-1633.395	-1990.982	357.5873	1.752999	0.868023
3060	-1624.579	-1982.25	357.6713	1.759184	0.7495851
3066	-1617.524	-1975.281	357.7573	1.60982	0.8355182
3072	-1627.606	-1985.389	357.7833	1.501791	0.930252
3078	-1620.865	-1978.773	357.9081	1.376519	0.9308121
3084	-1625.947	-1983.727	357.7802	1.458745	0.978718
3090	-1622.801	-1980.621	357.8199	1.556473	0.8238933
3096	-1628.447	-1986.185	357.7386	1.669019	0.7824921
3102	-1613.285	-1971.026	357.7413	1.75607	0.6263491
3108	-1616.874	-1974.667	357.7927	1.48697	0.9361201
3114	-1615.768	-1973.506	357.7386	1.416818	1.060753
3120	-1628.136	-1985.686	357.55	1.60542	1.060753
3126	-1629.923	-1987.735	357.8121	1.629957	0.731835
3132	-1623.966	-1981.68	357.7146	1.409823	1.089692
3138	-1645.35	-2002.915	357.5649	1.485948	1.15599
3144	-1647.46	-2005.123	357.6631	1.292998	1.237409
3150	-1654.469	-2012.354	357.8856	1.506315	0.8037563
3156	-1650.055	-2007.806	357.751	1.707987	0.7038651
3162	-1623.53	-1981.185	357.6549	1.677783	0.8769999
3168	-1617.936	-1975.558	357.6215	1.502111	1.09043
3174	-1617.907	-1975.702	357.7941	1.639956	0.7441895
3180	-1614.045	-1971.767	357.7212	1.712888	0.7441895
3186	-1610.411	-1968.317	357.906	1.518136	0.7589441
3192	-1623.532	-1981.103	357.5713	1.578574	1.065969
3198	-1631.094	-1988.856	357.7615	1.421042	1.034723
3204	-1642.818	-2000.505	357.6866	1.616426	0.9106574
3210	-1641.923	-1999.661	357.7382	1.634037	0.8291597
3216	-1638.112	-1995.894	357.7822	1.516525	0.9153955
3222	-1640.887	-1998.533	357.6459	1.507717	1.062403
3228	-1635.968	-1993.727	357.7597	1.409582	1.047543
3234	-1642.044	-1999.801	357.7563	1.508072	0.952381
3240	-1636.446	-1994.059	357.6135	1.575054	1.028921
3246	-1639.302	-1997.136	357.8336	1.322897	1.05971
3252	-1654.797	-2012.205	357.4076	1.380347	1.373723
3258	-1626.873	-1984.595	357.7215	1.552277	0.9423702
3264	-1626.84	-1984.467	357.6261	1.56995	1.0216
3270	-1635.354	-1992.974	357.6201	1.633881	0.9632393
3276	-1628.274	-1986.084	357.8101	1.548957	0.8455603
3282	-1630.396	-1988.282	357.8855	1.583286	0.6864597
3288	-1633.221	-1990.921	357.7	1.653519	0.8523107
3294	-1630.735	-1988.618	357.8832	1.570684	0.7125332
3300	-1622.971	-1980.492	357.5208	1.621825	1.072725
3306	-1625.294	-1983.12	357.8261	1.495974	0.8891785
3312	-1629.994	-1987.772	357.7779	1.642342	0.7646955
3318	-1627.215	-1984.921	357.7065	1.726255	0.7462317
3324	-1628.172	-1985.93	357.7582	1.689444	0.7228868
3330	-1622.229	-1979.935	357.7052	1.653755	0.8456952
3336	-1624.464	-1982.134	357.6695	1.653755	0.8878216
3342	-1623.396	-1981.169	357.7728	1.532706	0.9078455
3348	-1624.804	-1982.571	357.7672	1.668197	0.7422211
3354	-1641.548	-1999.281	357.733	1.771235	0.6081645
3360	-1618.792	-1976.478	357.6859	1.838261	0.4834672
3366	-1611.83	-1969.488	357.6582	1.860529	0.557133
3372	-1605.597	-1963.403	357.8053	1.697451	0.6122785
3378	-1616.101	-1973.904	357.8034	1.660343	0.6956394
3384	-1617.693	-1975.381	357.6884	1.706195	0.8002649
3390	-1611.653	-1969.289	357.6359	1.706195	0.8659508
3396	-1613.783	-1971.603	357.8208	1.687555	0.5961823
3402	-1625.161	-1983.103	357.9418	1.536018	0.6692501
3408	-1624.518	-1982.108	357.5897	1.693708	0.9320548
3414	-1619.267	-1976.89	357.6225	1.781359	0.7877034
3420	-1617.001	-1974.704	357.7032	1.673504	0.8235413
3426	-1620.885	-1978.495	357.61	1.296114	1.278899
3432	-1616.404	-1974.014	357.6107	1.442409	1.154012
3438	-1627.117	-1984.771	357.6543	1.440614	1.116667
3444	-1630.191	-1988.017	357.8252	1.543202	0.8340075
3450	-1621.85	-1979.679	357.8287	1.287431	1.097365
3456	-1618.711	-1976.401	357.6905	1.291047	1.215903
3462	-1620.574	-1978.129	357.5554	1.317941	1.305601
3468	-1611.147	-1968.897	357.7496	1.585805	0.8737433
3474	-1601.324	-1959.044	357.7199	1.638423	0.8464181
3480	-1602.471	-1960.249	357.7782	1.691561	0.6846326
3486	-1613.513	-1971.232	357.7195	1.658243	0.8221742
3492	-1619.537	-1977.082	357.5441	1.377666	1.26601
3498	-1608.169	-1965.906	357.7363	1.4732	1.008321
3504	-1609.753	-1967.432	357.6784	1.601876	0.9354999
3510	-1611.706	-1969.381	357.6746	1.605633	0.9354999
3516	-1616.695	-1974.465	357.7695	1.705075	0.6755263
3522	-1621.685	-1979.397	357.712	1.62171	0.8757935
3528	-1619.339	-1976.924	357.585	1.71439	0.9146275
3534	-1623.635	-1981.444	357.8085	1.407216	1.002164
3540	-1629.909	-1987.505	357.5962	1.410806	1.194153
3546	-1630.517	-1988.129	357.6118	1.892498	0.6080381
3552	-1622.836	-1980.448	357.6118	1.892498	0.6080381
3558	-1619.33	-1977.016	357.6858	1.766701	0.7148516
3564	-1623.31	-1980.86	357.5497	1.632018	1.035603
3570	-1626.406	-1984.169	357.7623	1.497845	0.9568265
3576	-1627.767	-1985.454	357.6874	1.730198	0.7685305
3582	-1624.439	-1982.127	357.6873	1.73431	0.7627375
3588	-1612.767	-1970.445	357.6786	1.703764	0.8161924
3594	-1606.34	-1964.132	357.7914	1.553712	0.8623529
3600	-1605.857	-1963.598	357.7406	1.553712	0.9202447
3606	-1610.142	-1967.819	357.6774	1.408877	1.124454
3612	-1605.114	-1962.734	357.62	1.56427	1.033103
3618	-1610.343	-1968.12	357.7777	1.485382	0.9537421
3624	-1609.438	-1967.143	357.7052	1.709163	0.7730552
3630	-1612.867	-1970.681	357.8141	1.550096	0.8392501
3636	-1629.287	-1986.883	357.5963	1.289444	1.295551
3642	-1627.665	-1985.322	357.6579	1.289444	1.244784
3648	-1618.315	-1975.846	357.5307	1.337246	1.309987
3654	-1623.233	-1980.826	357.5928	1.369244	1.232433
3660	-1615.927	-1973.54	357.613	1.659944	0.943329
3666	-1621.635	-1979.409	357.7734	1.559438	0.8767639
3672	-1637.569	-1995.235	357.6656	1.816137	0.6613165
3678	-1643.593	-2001.286	357.6926	1.656214	0.8578905
3684	-1617.965	-1975.533	357.5681	1.640347	1.009409
3690	-1616.851	-1974.592	357.7414	1.36298	1.108089
3696	-1627.012	-1984.573	357.5604	1.511796	1.137088
3702	-1624.168	-1981.961	357.7928	1.611133	0.7876397
3708	-1639.138	-1997.014	357.8752	1.502394	0.8223883
3714	-1624.313	-1982.103	357.79	1.501063	0.9238081
3720	-1621.527	-1979.243	357.7154	1.49823	1.004279
3726	-1623.461	-1981.199	357.7384	1.435794	1.042863
3732	-1624.768	-1982.474	357.706	1.436746	1.07264
3738	-1626.017	-1983.796	357.7792	1.514105	0.9212751
3744	-1623.532	-1981.201	357.6681	1.62043	0.926478
3750	-1623.736	-1981.417	357.6808	1.537466	0.9996413
3756	-1620.679	-1978.398	357.7186	1.538804	0.9596722
3762	-1608.034	-1965.812	357.7781	1.382369	1.055939
3768	-1631.544	-1989.477	357.9333	1.399852	0.8764181
3774	-1630.766	-1988.53	357.7635	1.685922	0.7199492
3780	-1637.979	-1995.717	357.7384	1.64442	0.8156599
3786	-1633.17	-1991.09	357.9204	1.51921	0.7356704
3792	-1636.072	-1993.721	357.6487	1.78869	0.7391381
3798	-1627.163	-1984.852	357.689	1.68349	0.8288899
3804	-1653.331	-2011.039	357.7088	1.753207	0.6985713
3810	-1634.171	-1992.002	357.831	1.506575	0.8712026
3816	-1629.314	-1987.032	357.7175	1.516124	0.9841243
3822	-1636.566	-1994.396	357.8299	1.278996	1.103976
3828	-1634.305	-1991.964	357.6595	1.422155	1.128638
3834	-1632.502	-1990.238	357.7351	1.332411	1.141236
3840	-1638.187	-1995.896	357.7092	1.267273	1.220238
3846	-1637.824	-1995.615	357.791	1.528636	0.8920242
3852	-1630.988	-1988.669	357.6814	1.549659	0.9867985
3858	-1636.562	-1994.319	357.7575	1.473467	0.9867985
3864	-1635.614	-1993.427	357.8128	1.489061	0.9119239
3870	-1642.876	-2000.592	357.7152	1.58669	0.9119129
3876	-1625.324	-1983.168	357.8439	1.568552	0.7757546
3882	-1630.678	-1988.416	357.7382	1.651112	0.8071562
3888	-1628.153	-1985.901	357.7479	1.595603	0.8642043
3894	-1631.878	-1989.683	357.8045	1.618327	0.7609713
3900	-1630.809	-1988.616	357.8074	1.628522	0.7412957
3906	-1628.202	-1985.898	357.696	1.695746	0.8040346
3912	-1629.138	-1986.862	357.7233	1.695746	0.7663649
3918	-1620.076	-1977.807	357.7312	1.526882	0.9589485
3924	-1615.498	-1973.198	357.6994	1.747083	0.7247564
3930	-1621.734	-1979.626	357.8928	1.555925	0.7211199
3936	-1623.845	-1981.396	357.5513	1.545314	1.115161
3942	-1631.098	-1988.552	357.4547	1.279258	1.415821
3948	-1628.754	-1986.228	357.4736	1.424925	1.285141
3954	-1619.537	-1977.298	357.7609	1.39889	1.056534
3960	-1620.274	-1977.871	357.5966	1.47831	1.134643
3966	-1616.967	-1974.781	357.8131	1.421751	0.9829385
3972	-1619.147	-1976.864	357.7179	1.350127	1.140775
3978	-1627.714	-1985.208	357.494	1.267073	1.394795
3984	-1623.878	-1981.445	357.567	1.385429	1.240459
3990	-1630.449	-1988.208	357.7596	1.634901	0.8003496
3996	-1648.705	-2006.308	357.6024	1.552432	1.061301
4002	-1640.194	-1997.907	357.7131	1.630112	0.8646277
4008	-1641.265	-1999.089	357.8244	1.52248	0.8601795
4014	-1631.765	-1989.324	357.5589	1.412656	1.224371
4020	-1635.216	-1992.639	357.4231	1.611181	1.170532
4026	-1640.921	-1998.737	357.8162	1.468391	0.930777
4032	-1632.652	-1990.22	357.5679	1.628484	1.021278
4038	-1632.412	-1989.879	357.4672	1.450049	1.2697
4044	-1623.334	-1980.88	357.546	1.316141	1.314671
4050	-1616.924	-1974.705	357.7801	1.41333	1.024209
4056	-1618.75	-1976.555	357.8047	1.547323	0.8540775
4062	-1621.09	-1978.865	357.7748	1.577166	0.8540775
4068	-1631.363	-1989.018	357.6545	1.646402	0.9129641
4074	-1615.615	-1973.429	357.8135	1.670159	0.6573482
4080	-1615.673	-1973.309	357.6364	1.781793	0.7675835
4086	-1618.633	-1976.453	357.8199	1.499144	0.8926846
4092	-1629.3	-1987.003	357.7025	1.701509	0.7875137
4098	-1630.7	-1988.559	357.8595	1.637422	0.6273217
4104	-1646.917	-2004.68	357.7627	1.447315	1.007873
4110	-1649.631	-2007.378	357.7476	1.680273	0.7534294
4116	-1650.676	-2008.38	357.7042	1.579877	0.9313768
4122	-1636.557	-1994.109	357.5525	1.727728	0.9354521
4128	-1649.81	-2007.498	357.6879	1.817255	0.6056708
4134	-1645.446	-2003.042	357.5964	1.888541	0.6547091
4140	-1636.719	-1994.577	357.8586	1.554803	0.7743905
4146	-1628.533	-1986.473	357.9397	1.473783	0.7743905
4152	-1628.1	-1985.857	357.7572	1.656224	0.7743905
4158	-1635.062	-1992.817	357.7543	1.68463	0.7366813
4164	-1633.992	-1991.603	357.6112	1.583941	1.022529
4170	-1636.853	-1994.362	357.5092	1.365565	1.304425
4176	-1628.398	-1985.985	357.5863	1.285219	1.307108
4182	-1625.358	-1982.972	357.6136	1.611465	0.9928259
4188	-1621.673	-1979.407	357.7343	1.367169	1.110684
4194	-1619.077	-1976.806	357.729	1.474883	1.013956
4200	-1614.784	-1972.549	357.7647	1.560887	0.8851665
4206	-1611.188	-1968.908	357.7201	1.520478	0.9770617
4212	-1612.673	-1970.197	357.5234	1.444673	1.227341
4218	-1617.437	-1975.168	357.7311	1.600063	0.8787156
4224	-1622.47	-1980.236	357.7661	1.676593	0.7307928
4230	-1624.468	-1982.094	357.6264	1.710152	0.8724492
4236	-1618.928	-1976.437	357.5096	2.004226	0.5776268
4242	-1626.718	-1984.384	357.6655	1.834529	0.6196004
4248	-1618.684	-1976.34	357.6561	1.728223	0.813739
4254	-1624.027	-1981.783	357.7563	1.507543	0.9529526
4260	-1627.017	-1984.735	357.7177	1.588341	0.907323
4266	-1624.093	-1981.783	357.6908	1.628385	0.8924948
4272	-1612.229	-1970.008	357.7783	1.247713	1.177751
4278	-1611.601	-1969.044	357.4425	1.410743	1.321872
4284	-1615.316	-1972.769	357.4534	1.271549	1.4228
4290	-1616.156	-1973.593	357.4366	1.32926	1.391017
4296	-1601.382	-1959.025	357.643	1.439729	1.127663
4302	-1608.606	-1966.268	357.6626	1.706929	0.8325203
4308	-1620.335	-1977.921	357.5851	1.694836	0.9358047
4314	-1624.305	-1981.986	357.6814	1.70644	0.8091675
4320	-1623.1	-1980.781	357.6814	1.571104	0.9648104
4326	-1632.642	-1990.356	357.7143	1.772194	0.6513348
4332	-1649.814	-2007.175	357.3609	2.082858	0.7291735
4338	-1628.177	-1985.849	357.6723	1.837999	0.5898574
4344	-1626.742	-1984.285	357.5422	1.899805	0.7318317
4350	-1631.07	-1988.672	357.602	1.65613	0.9589516
4356	-1630.984	-1988.68	357.6965	1.514847	1.006484
4362	-1637.514	-1995.161	357.6473	1.527278	1.042423
4368	-1647.637	-2005.115	357.4777	1.305423	1.377538
4374	-1650.685	-2008.332	357.6464	1.463224	1.10327
4380	-1655.335	-2012.875	357.5404	1.39714	1.252953
4386	-1661.702	-2019.295	357.5935	1.6853	0.9370182
4392	-1642.787	-2000.484	357.6972	1.647524	0.862748
4398	-1647.898	-2005.488	357.59	1.45377	1.162234
4404	-1639.403	-1997.027	357.6242	1.644481	0.9478215
4410	-1634.228	-1991.956	357.7277	1.540994	0.9478215
4416	-1636.293	-1993.943	357.6503	1.509323	1.056759
4422	-1640.586	-1998.224	357.6387	1.524188	1.053629
4428	-1629.522	-1987.142	357.6203	1.304761	1.263293
4434	-1631.071	-1988.788	357.7171	1.368789	1.124819
4440	-1640.641	-1998.37	357.7284	1.458104	1.03097
4446	-1643.612	-2001.152	357.5398	1.498367	1.167188
4452	-1636.22	-1994.009	357.7891	1.359289	1.067298
4458	-1648.596	-2006.285	357.689	1.447506	1.078463
4464	-1639.07	-1996.831	357.7617	1.550142	0.9007872
4470	-1633.637	-1991.4	357.7639	1.552844	0.8952602
4476	-1618.629	-1976.354	357.7247	1.535426	0.9568272
4482	-1636.668	-1994.464	357.7963	1.555364	0.8544574
4488	-1629.167	-1986.966	357.7985	1.52318	0.889624
4494	-1621.382	-1979.077	357.6956	1.657596	0.8526202
4500	-1612.693	-1970.382	357.6892	1.713247	0.7896489
4506	-1614.186	-1971.959	357.7727	1.493014	0.9509798
4512	-1605.459	-1963.225	357.7658	1.499927	0.9509798
4518	-1614.524	-1972.094	357.5706	1.627333	1.019774
4524	-1606.847	-1964.535	357.6878	1.681931	0.8323442
4530	-1618.644	-1976.267	357.6231	1.791322	0.7729777
4536	-1604.686	-1962.442	357.756	1.677128	0.7456058
4542	-1610.646	-1968.435	357.7889	1.613456	0.7898002
4548	-1621.092	-1978.795	357.7032	1.568179	0.944998
4554	-1616.587	-1974.33	357.743	1.462484	1.012314
4560	-1618.236	-1976.02	357.7839	1.550086	0.8754675
4566	-1632.988	-1990.693	357.7054	1.556288	0.9551542
4572	-1621.796	-1979.615	357.8194	1.589093	0.7813493
4578	-1621.137	-1978.722	357.5857	1.785663	0.8302578
4584	-1621.535	-1979.329	357.7938	1.534626	0.881886
4590	-1625.823	-1983.574	357.751	1.448892	1.017853
4596	-1631.388	-1988.922	357.5347	1.351059	1.295529
4602	-1618.334	-1975.89	357.5556	1.305044	1.315896
4608	-1621.213	-1978.827	357.6138	1.379824	1.205649
4614	-1638.354	-1996.076	357.7216	1.530665	0.9649842
4620	-1652.614	-2010.336	357.722	1.671733	0.801314
4626	-1654.421	-2012.009	357.5878	1.668416	0.9608603
4632	-1627.656	-1985.438	357.7817	1.474548	0.9608603
4638	-1631.367	-1989.005	357.6375	1.813553	0.7173425
4644	-1638.591	-1996.371	357.7803	1.680028	0.7016262
4650	-1632.25	-1990.041	357.7909	1.506764	0.916568
4656	-1637.689	-1995.271	357.5823	1.630812	1.004778
4662	-1628.922	-1986.648	357.7265	1.616009	0.8654554
4668	-1627.867	-1985.497	357.6304	1.643729	0.9420125
4674	-1625.195	-1982.853	357.658	1.615909	0.9422914
4680	-1624.9	-1982.624	357.7246	1.547615	0.9440541
4686	-1606.784	-1964.429	357.6446	1.598231	0.9747014
4692	-1610.907	-1968.615	357.7076	1.598231	0.9075092
4698	-1633.029	-1990.722	357.6933	1.660471	0.8519494
4704	-1631.799	-1989.425	357.6266	1.445885	1.136866
4710	-1640.591	-1998.299	357.7077	1.649174	0.8481763
4716	-1635.9	-1993.32	357.4194	1.781188	1.017144
4722	-1635.345	-1993.019	357.6735	1.578563	0.9652188
4728	-1637.66	-1995.28	357.6204	1.615067	0.9822313
4734	-1636.283	-1994.06	357.7773	1.577819	0.8503697
4740	-1639.449	-1997.263	357.8135	1.572133	0.8119615
4746	-1634.155	-1991.967	357.812	1.597122	0.7804444
4752	-1623.564	-1981.421	357.8573	1.597122	0.7116348
4758	-1630.512	-1988.243	357.7312	1.669335	0.7922563
4764	-1632.096	-1989.922	357.8257	1.582151	0.7821599
4770	-1623.005	-1980.897	357.8918	1.486776	0.8211424
4776	-1623.472	-1981.28	357.8087	1.614332	0.760651
4782	-1627.172	-1984.939	357.7668	1.543594	0.9024636
4788	-1623.575	-1981.282	357.7079	1.727686	0.7419113
4794	-1640.216	-1997.952	357.7352	1.692098	0.7543832
4800	-1643.757	-2001.399	357.6425	1.770378	0.7751449
4806	-1632.494	-1990.372	357.878	1.577473	0.7099773
4812	-1627.904	-1985.657	357.7528	1.44282	1.022014
4818	-1618.746	-1976.315	357.5683	1.407442	1.220833
4824	-1638.981	-1996.784	357.8027	1.493499	0.9181542
4830	-1636.222	-1993.809	357.5869	1.401809	1.209803
4836	-1644.656	-2002.335	357.6786	1.386281	1.143641
4842	-1636.62	-1994.296	357.6754	1.394445	1.13918
4848	-1629.591	-1986.96	357.3698	1.47329	1.330031
4854	-1619.983	-1977.672	357.6891	1.486341	1.041611
4860	-1626.73	-1984.446	357.7165	1.634552	0.8552213
4866	-1626.847	-1984.532	357.6847	1.569049	0.9634374
4872	-1638.501	-1996.276	357.7753	1.568542	0.863882
4878	-1623.688	-1981.464	357.7759	1.568542	0.8631089
4884	-1629.845	-1987.518	357.6731	1.442821	1.097479
4890	-1623.9	-1981.521	357.6208	1.32789	1.243628
4896	-1627.394	-1985.027	357.6327	1.315955	1.243628
4902	-1632.122	-1989.398	357.2764	1.104466	1.67705
4908	-1639.205	-1996.447	357.242	1.252369	1.595323
4914	-1640.052	-1997.067	357.0148	1.535711	1.554164
4920	-1626.791	-1984.52	357.7287	1.389397	1.095541
4926	-1635.715	-1993.391	357.6754	1.306413	1.215683
4932	-1625.511	-1983.262	357.7508	1.355032	1.10676
4938	-1618.112	-1975.48	357.3678	1.355032	1.424383
4944	-1642.82	-2000.481	357.6612	1.326676	1.210536
4950	-1669.454	-2027.247	357.7932	1.388444	1.0356
4956	-1649.687	-2007.418	357.7314	1.663542	0.7997879
4962	-1652.648	-2010.325	357.6768	1.405497	1.128029
4968	-1632.29	-1989.873	357.5834	1.413062	1.203235
4974	-1641.892	-1999.573	357.6809	1.336824	1.18491
4980	-1635.327	-1992.978	357.6517	1.366096	1.18491
4986	-1627.826	-1985.391	357.5644	1.329851	1.288634
4992	-1613.375	-1971.092	357.7169	1.64216	0.8455567
4998	-1623.169	-1980.897	357.728	1.319548	1.158919
5004	-1643.698	-2001.264	357.5667	1.752633	0.8922924
5010	-1643.799	-2001.509	357.7092	1.633418	0.8652755
5016	-1639.368	-1997.026	357.6581	1.524891	1.034327
5022	-1638.3	-1995.87	357.5698	1.706089	0.9401839
5028	-1630.904	-1988.596	357.6921	1.525945	0.9998635
5034	-1622.511	-1980.19	357.6792	1.767671	0.7241073
5040	-1614.428	-1971.908	357.4802	2.044257	0.5126926
5046	-1630.982	-1988.749	357.7666	1.756828	0.5262922
5052	-1629.044	-1986.586	357.5419	1.982676	0.510646
5058	-1634.271	-1991.81	357.5391	1.922332	0.6996946
5064	-1636.244	-1993.927	357.6823	1.773101	0.7099646
5070	-1631.433	-1989.129	357.6963	1.759153	0.7099646
5076	-1641.918	-1999.645	357.7264	1.736794	0.6965742
5082	-1645.513	-2003.238	357.725	1.667211	0.8034462
5088	-1652.655	-2010.297	357.6421	1.872183	0.5757815
5094	-1639.715	-1997.41	357.6951	1.769663	0.6937324
5100	-1641.712	-1999.515	357.8037	1.714878	0.5577124
5106	-1621.242	-1978.943	357.7005	1.785529	0.652291
5112	-1632.932	-1990.619	357.6872	1.687018	0.8265992
5118	-1637.63	-1995.339	357.7088	1.764692	0.6777071
5124	-1620.566	-1978.055	357.4893	1.812403	0.9121344
5130	-1616.089	-1973.774	357.6852	1.606158	0.9234807
5136	-1617.023	-1974.916	357.8929	1.560081	0.7140678
5142	-1638.251	-1995.996	357.7449	1.672237	0.76909
5148	-1641.35	-1999.046	357.6958	1.66728	0.8405718
5154	-1638.053	-1995.848	357.795	1.659466	0.7115574
5160	-1637.028	-1994.922	357.8942	1.569362	0.6958819
5166	-1640.15	-1998.047	357.8969	1.476019	0.8283453
5172	-1621.943	-1979.711	357.7682	1.46144	0.9881806
5178	-1616.866	-1974.551	357.6846	1.743027	0.7538608
5184	-1613.338	-1971.17	357.8323	1.514999	0.8597243
5190	-1617.711	-1975.558	357.8478	1.588075	0.7413784
5196	-1610.438	-1968.16	357.7228	1.488383	1.006668
5202	-1618.324	-1976.085	357.7608	1.622281	0.8153044
5208	-1617.12	-1974.901	357.7812	1.64673	0.7533796
5214	-1632.622	-1990.383	357.761	1.64673	0.7824318
5220	-1614.076	-1971.811	357.7347	1.373454	1.104604
5226	-1620.57	-1977.888	357.3182	1.419225	1.413118
5232	-1627.799	-1985.457	357.6578	1.42611	1.126572
5238	-1627.223	-1984.958	357.7352	1.647379	0.8159919
5244	-1631.361	-1989.098	357.7364	1.593401	0.8803606
5250	-1633.632	-1991.265	357.6335	1.720044	0.8522854
5256	-1635.212	-1992.794	357.5822	1.939161	0.5422023
5262	-1629.625	-1987.399	357.7735	1.403071	1.040546
5268	-1623.085	-1980.538	357.4521	1.492743	1.246826
5274	-1623.965	-1981.508	357.5428	1.40204	1.246826
5280	-1627.297	-1985.192	357.8947	1.429788	0.8864252
5286	-1630.186	-1987.976	357.7904	1.309773	1.111877
5292	-1624.847	-1982.6	357.7529	1.377611	1.084023
5298	-1619.239	-1977.084	357.8455	1.205087	1.15625
5304	-1612.022	-1969.62	357.5983	1.408994	1.193934
5310	-1610.357	-1967.901	357.544	1.369971	1.272448
5316	-1632.084	-1989.877	357.7926	1.334135	1.087526
5322	-1648.719	-2006.394	357.6757	1.314262	1.20876
5328	-1631.908	-1989.661	357.7535	1.355719	1.103609
5334	-1627.516	-1985.242	357.7263	1.383005	1.103609
5340	-1626.567	-1984.25	357.6837	1.301175	1.213072
5346	-1616.921	-1974.647	357.7264	1.511788	0.9795273
5352	-1624.379	-1982.192	357.8124	1.555958	0.8340646
5358	-1650.679	-2008.52	357.8409	1.334126	1.042038
5364	-1638.772	-1996.381	357.6083	1.33672	1.246646
5370	-1628.954	-1986.636	357.6829	1.348692	1.172917
5376	-1637.303	-1994.9	357.5973	1.251182	1.325692
5382	-1619.026	-1976.727	357.7009	1.394452	1.116263
5388	-1627.143	-1984.982	357.8397	1.587663	0.7543018
5394	-1630.088	-1987.788	357.7005	1.771554	0.6803008
5400	-1631.661	-1989.342	357.6809	1.831338	0.5834865
5406	-1638.948	-1996.534	357.5866	1.862284	0.720887
5412	-1631.81	-1989.56	357.7508	1.602759	0.8522685
5418	-1626.022	-1983.919	357.8974	1.466812	0.8392051
5424	-1631.759	-1989.329	357.5706	1.580573	1.064739
5430	-1624.357	-1982.164	357.8073	1.343817	1.064739
5436	-1627.561	-1985.282	357.7211	1.343096	1.144167
5442	-1630.18	-1987.994	357.8147	1.444189	0.9581517
5448	-1626.541	-1984.237	357.6953	1.513309	1.00928
5454	-1620.407	-1978.099	357.6911	1.376677	1.140991
5460	-1618.113	-1975.959	357.8463	1.566457	0.7752957
5466	-1620.123	-1977.89	357.7671	1.491359	0.9585748
5472	-1618.724	-1976.426	357.7017	1.475209	1.04016
5478	-1625.37	-1983.111	357.741	1.68169	0.761104
5484	-1621.264	-1978.965	357.701	1.555608	0.9604856
5490	-1618.721	-1976.491	357.7693	1.542374	0.901008
5496	-1643.283	-2001.156	357.8736	1.43165	0.908165
5502	-1638.372	-1996.047	357.6754	1.489531	1.051698
5508	-1632.218	-1989.97	357.7523	1.407115	1.056877
5514	-1633.2	-1990.855	357.6552	1.415856	1.138149
5520	-1639.277	-1997.026	357.7493	1.448874	1.01954
5526	-1628.527	-1986.292	357.7648	1.531539	0.9180399
5532	-1634.079	-1991.988	357.9087	1.472706	0.8174424
5538	-1622.85	-1980.567	357.7172	1.650721	0.8345757
5544	-1627.094	-1984.764	357.67	1.580955	0.9663622
5550	-1626.528	-1984.215	357.687	1.563929	0.9663622
5556	-1627.059	-1984.838	357.7784	1.443147	0.9963856
5562	-1631.365	-1989.014	357.6494	1.601399	0.9664907
5568	-1631.783	-1989.59	357.8073	1.492727	0.9139929
5574	-1625.724	-1983.362	357.6378	1.634655	0.9438423
5580	-1625.122	-1982.849	357.7268	1.517026	0.9736911
5586	-1620.951	-1978.589	357.638	1.533827	1.045086
5592	-1616.282	-1974.084	357.8012	1.521218	0.8887593
5598	-1619.353	-1977.065	357.7116	1.6592	0.8309513
5604	-1608.322	-1965.981	357.6591	1.613032	0.9441182
5610	-1611.774	-1969.501	357.727	1.668434	0.7990861
5616	-1614.796	-1972.544	357.7489	1.679697	0.7524174
5622	-1612.991	-1970.669	357.6778	1.671395	0.85742
5628	-1622.678	-1980.619	357.9411	1.423302	0.8388977
5634	-1612.974	-1970.686	357.7113	1.576733	0.9270541
5640	-1613.486	-1971.172	357.6856	1.596935	0.9330571
5646	-1625.167	-1982.792	357.6254	1.622636	0.9693794
5652	-1614.748	-1972.336	357.5881	1.776087	0.839243
5658	-1617.361	-1975.208	357.8474	1.564113	0.7771295
5664	-1627.245	-1985.055	357.8102	1.654109	0.6944756
5670	-1626.338	-1983.981	357.643	1.821313	0.6944756
5676	-1640.942	-1998.611	357.6694	1.761743	0.7485688
5682	-1626.612	-1984.485	357.8725	1.571141	0.7292258
5688	-1634.258	-1992.27	358.0125	1.431196	0.7292258
5694	-1626.286	-1984.004	357.7181	1.638472	0.8485192
5700	-1614.531	-1972.152	357.6211	1.611576	0.9850749
5706	-1630.601	-1988.328	357.7266	1.660112	0.8106432
5712	-1625.103	-1982.845	357.7421	1.660112	0.7900003
5718	-1627.346	-1985.137	357.791	1.640127	0.7486667
5724	-1628.159	-1985.86	357.7009	1.756353	0.7068427
5730	-1627.031	-1984.806	357.775	1.722208	0.6266334
5736	-1618.868	-1976.508	357.6395	1.871665	0.5868529
5742	-1619.034	-1976.761	357.7267	1.634348	0.8431385
5748	-1628.534	-1986.365	357.8311	1.552834	0.8142377
5754	-1632.421	-1990.278	357.8566	1.55754	0.7734153
5760	-1631.877	-1989.682	357.8048	1.488237	0.9216656
5766	-1626.559	-1984.261	357.7021	1.551746	0.9633481
5772	-1626.939	-1984.813	357.8741	1.444527	0.8931163
5778	-1633.594	-1991.461	357.867	1.511736	0.8208727
5784	-1614.33	-1972.178	357.8484	1.511736	0.8441659
5790	-1606.539	-1964.363	357.824	1.569493	0.8016272
5796	-1608.659	-1966.349	357.6903	1.715391	0.7852327
5802	-1607.946	-1965.658	357.7125	1.536926	0.9679363
5808	-1621.293	-1979.098	357.8051	1.19287	1.201891
5814	-1616.891	-1974.495	357.6037	1.587323	1.026559
5820	-1627.063	-1984.853	357.7895	1.588024	0.8224458
5826	-1625.387	-1983.059	357.6712	1.83342	0.6071767
5832	-1616.683	-1974.441	357.7587	1.709647	0.6872415
5838	-1622.479	-1980.292	357.813	1.596112	0.7804986
5844	-1626.805	-1984.54	357.7349	1.666572	0.7909319
5850	-1633.066	-1990.879	357.8127	1.435297	0.9694004
5856	-1630.355	-1987.863	357.5083	1.351899	1.316215
5862	-1619.774	-1977.499	357.725	1.447822	1.044096
5868	-1611.431	-1969.094	357.6629	1.65793	0.8906658
5874	-1612.147	-1969.807	357.6596	1.742372	0.7903227
5880	-1619.298	-1977.099	357.8002	1.546196	0.8608439
5886	-1629.799	-1987.612	357.8132	1.404623	1.00008
5892	-1624.578	-1982.268	357.6903	1.633313	0.8874778
5898	-1619.697	-1977.537	357.8395	1.484096	0.8874778
5904	-1623.514	-1981.287	357.7726	1.651211	0.7594572
5910	-1627.586	-1985.323	357.7369	1.716121	0.7139526
5916	-1623.447	-1981.282	357.8352	1.578928	0.7734653
5922	-1636.405	-1994.047	357.6426	1.791987	0.7434377
5928	-1620.307	-1977.969	357.6612	1.810358	0.6812223
5934	-1630.097	-1987.776	357.6785	1.655036	0.8760083
5940	-1626.554	-1984.464	357.9095	1.538813	0.7217859
5946	-1625.628	-1983.203	357.5752	1.306318	1.298989
5952	-1624.741	-1982.146	357.4049	1.288396	1.447083
5958	-1637.341	-1994.836	357.4947	1.312407	1.358602
5964	-1623.31	-1981.055	357.7455	1.395777	1.07397
5970	-1627.125	-1984.875	357.7503	1.599869	0.8563241
5976	-1625.135	-1982.831	357.6961	1.366653	1.145487
5982	-1615.625	-1973.388	357.7623	1.341004	1.109075
5988	-1613.873	-1971.648	357.7749	1.43564	1.007341
5994	-1614.298	-1972.017	357.7193	1.735017	0.7118917
6000	-1618.362	-1976.152	357.7903	1.65433	0.7277019
6006	-1617.821	-1975.543	357.7215	1.705445	0.7549169
6012	-1621.598	-1979.422	357.8249	1.602051	0.7549169
6018	-1617.45	-1975.094	357.6438	1.845319	0.6455954
6024	-1621.395	-1979.12	357.7252	1.716555	0.7322577
6030	-1617.987	-1975.736	357.7487	1.69118	0.7351594
6036	-1628.374	-1986.147	357.7732	1.65437	0.7538883
6042	-1642.21	-1999.92	357.7098	1.641564	0.8549193
6048	-1623.428	-1981.238	357.8101	1.54691	0.8480192
6054	-1646.143	-2003.823	357.6797	1.729839	0.7798407
6060	-1636.756	-1994.415	357.6594	1.525331	1.032654
6066	-1637.965	-1995.785	357.8204	1.440391	0.9561204
6072	-1641.533	-1999.359	357.8264	1.507296	0.875768
6078	-1623.7	-1981.444	357.7436	1.630447	0.8268217
6084	-1633.516	-1991.129	357.613	1.426687	1.165849
6090	-1629.681	-1987.326	357.6448	1.317777	1.231964
6096	-1625.255	-1983.024	357.7688	1.457265	0.9918426
6102	-1627.595	-1985.496	357.9007	1.325369	0.9918426
6108	-1627.604	-1985.096	357.4919	1.44564	1.252914
6114	-1629.105	-1987.001	357.8967	1.395478	0.9225326
6120	-1622.288	-1979.946	357.6585	1.15469	1.353807
6126	-1621.48	-1979.332	357.8518	1.321495	1.043661
6132	-1618.014	-1975.757	357.7435	1.2379	1.216088
6138	-1638.124	-1995.986	357.8625	1.52171	0.8139006
6144	-1630.137	-1987.981	357.844	1.564089	0.7818945
6150	-1633.97	-1991.538	357.5678	1.511945	1.13035
6156	-1623.59	-1981.268	357.6784	1.430917	1.103544
6162	-1615.225	-1973.125	357.8997	1.430917	0.879368
6168	-1610.099	-1967.824	357.7248	1.568773	0.9209842
6174	-1619.422	-1977.194	357.7726	1.610021	0.8159607
6180	-1615.273	-1973.004	357.7309	1.416666	1.068078
6186	-1621.537	-1979.281	357.744	1.377781	1.092082
6192	-1621.048	-1978.84	357.7917	1.506365	0.9161419
6198	-1620.237	-1978.016	357.7788	1.596961	0.8247647
6204	-1624.105	-1981.858	357.7536	1.592189	0.8615822
6210	-1621.687	-1979.33	357.6427	1.856819	0.6208641
6216	-1622.024	-1979.667	357.6423	1.79402	0.7407123
6222	-1619.369	-1977.05	357.6816	1.672687	0.8512867
6228	-1635.845	-1993.618	357.7733	1.436601	1.007929
6234	-1626.491	-1984.2	357.7092	1.497606	1.011024
6240	-1633.746	-1991.44	357.6934	1.443074	1.078532
6246	-1617.992	-1975.762	357.77	1.463637	0.9841051
6252	-1632.631	-1990.307	357.6753	1.725835	0.7914674
6258	-1625.562	-1983.377	357.8148	1.603017	0.7682246
6264	-1617.1	-1974.753	357.6539	1.532397	1.031145
6270	-1616.196	-1974.035	357.8389	1.519789	0.8459679
6276	-1624.922	-1982.77	357.8478	1.42678	0.9415113
6282	-1649.241	-2006.835	357.5946	1.764303	0.8457026
6288	-1641.962	-1999.757	357.7951	1.363042	1.058114
6294	-1632.356	-1990.163	357.8073	1.513766	0.890293
6300	-1647.788	-2005.474	357.6864	1.669088	0.8499081
6306	-1638.1	-1995.859	357.7595	1.553358	0.8996094
6312	-1618.942	-1976.798	357.8565	1.515863	0.8289786
6318	-1621.589	-1979.513	357.9244	1.413445	0.8709512
6324	-1614.181	-1972.078	357.8969	1.569612	0.6905098
6330	-1618.797	-1976.666	357.8689	1.634185	0.611558
6336	-1617.839	-1975.528	357.6888	1.806049	0.6324327
6342	-1630.071	-1987.611	357.5395	1.973622	0.5801241
6348	-1631.543	-1989.238	357.6951	1.699406	0.8003007
6354	-1618.554	-1976.286	357.7323	1.66219	0.8003007
6360	-1611.282	-1968.884	357.6019	1.912791	0.5742386
6366	-1609.954	-1967.505	357.5511	1.932519	0.6573544
6372	-1602.477	-1960.224	357.7465	1.667362	0.7737912
6378	-1626.926	-1984.54	357.6133	1.583843	1.020509
6384	-1635.238	-1993.005	357.7662	1.412968	1.038069
6390	-1610.341	-1968.097	357.756	1.559944	0.8961792
6396	-1615.808	-1973.693	357.8849	1.531725	0.7698402
6402	-1636.071	-1993.95	357.8792	1.540979	0.7648114
6408	-1644.567	-2002.494	357.927	1.481427	0.7814746
6414	-1619.539	-1977.455	357.9164	1.465118	0.8173774
6420	-1622.859	-1980.576	357.7178	1.477881	1.02194
6426	-1631.995	-1989.806	357.8106	1.61432	0.757852
6432	-1631.353	-1989.186	357.8322	1.594104	0.7558903
6438	-1621.703	-1979.471	357.768	1.627	0.7996269
6444	-1628.743	-1986.408	357.6653	1.482359	1.068037
6450	-1645.224	-2003.025	357.8015	1.695257	0.6277049
6456	-1638.872	-1996.605	357.7336	1.763215	0.6277049
6462	-1637.244	-1995.121	357.8773	1.513466	0.8053573
6468	-1629.365	-1986.873	357.5079	1.585194	1.118323
6474	-1632.754	-1990.468	357.7138	1.307483	1.181818
6480	-1630.388	-1988.073	357.6849	1.420492	1.107111
6486	-1619.461	-1977.234	357.7733	1.32143	1.116837
6492	-1621.179	-1978.782	357.6026	1.496194	1.113186
6498	-1623.768	-1981.48	357.712	1.501242	1.004648
6504	-1627.428	-1985.181	357.7535	1.683104	0.7402213
6510	-1633.083	-1990.738	357.655	1.781649	0.7402213
6516	-1633.565	-1991.413	357.848	1.365666	1.004213
6522	-1643.369	-2000.64	357.2713	1.531359	1.362116
6528	-1635.201	-1992.89	357.6892	1.667807	0.8480544
6534	-1615.105	-1972.771	357.6661	1.617228	0.9321878
6540	-1617.96	-1975.647	357.6864	1.433342	1.093965
6546	-1617.936	-1975.783	357.8464	1.435956	0.9331818
6552	-1622.849	-1980.317	357.4684	1.344654	1.353964
6558	-1623.379	-1980.996	357.6173	1.302815	1.267361
6564	-1621.219	-1978.942	357.7236	1.318984	1.163324
6570	-1623.529	-1981.294	357.7648	1.373657	1.076688
6576	-1619.299	-1977.102	357.8034	1.421941	0.9925701
6582	-1632.951	-1990.885	357.9344	1.421941	0.8488569
6588	-1637.528	-1994.955	357.4266	1.195582	1.500912
6594	-1626.633	-1984.487	357.854	1.309359	1.053164
6600	-1614.724	-1972.435	357.7109	1.496855	1.010063
6606	-1622.755	-1980.495	357.7403	1.467472	1.010063
6612	-1602.559	-1960.297	357.7377	1.611796	0.8571514
6618	-1614.207	-1972.093	357.8867	1.490907	0.8223506
6624	-1626.457	-1984.284	357.8268	1.541651	0.8339664
6630	-1622.382	-1979.942	357.5603	1.808095	0.8339664
6636	-1623.183	-1980.767	357.5844	1.938944	0.4741052
6642	-1622.501	-1980.105	357.6043	1.893865	0.6243895
6648	-1610.466	-1967.928	357.4627	2.054085	0.4394799
6654	-1620.345	-1977.85	357.5048	2.017295	0.5371848
6660	-1620.334	-1978	357.6665	1.856689	0.5281537
6666	-1621.973	-1979.635	357.6623	1.824725	0.6502569
6672	-1617.953	-1975.705	357.7523	1.655096	0.7828942
6678	-1621.328	-1979.102	357.7736	1.633783	0.7828942
6684	-1633.351	-1991.171	357.8193	1.638661	0.7055763
6690	-1634.391	-1992.265	357.8739	1.527211	0.7914668
6696	-1635.764	-1993.411	357.6473	1.540837	1.029383
6702	-1633.994	-1991.717	357.7225	1.465547	1.029383
6708	-1631.436	-1989.192	357.7554	1.702599	0.7056657
6714	-1633.875	-1991.634	357.7585	1.617455	0.8244502
6720	-1638.753	-1996.68	357.9266	1.46666	0.8020115
6726	-1625.246	-1982.961	357.7145	1.760271	0.6752305
6732	-1634.17	-1991.948	357.7784	1.715693	0.6343434
6738	-1639.638	-1997.352	357.714	1.567314	0.9343588
6744	-1634.693	-1992.448	357.7548	1.567314	0.8891298
6750	-1634.653	-1992.474	357.8207	1.669808	0.6425778
6756	-1634.103	-1991.919	357.8156	1.669808	0.6536451
6762	-1637.758	-1995.721	357.9627	1.464318	0.7548197
6768	-1635.707	-1993.438	357.7303	1.583131	0.8990479
6774	-1629.978	-1987.805	357.8266	1.402978	0.988264
6780	-1637.522	-1995.264	357.742	1.346716	1.122272
6786	-1635.937	-1993.694	357.7565	1.298568	1.152269
6792	-1629.746	-1987.571	357.8251	1.416464	0.9759985
6798	-1646.002	-2003.707	357.705	1.726976	0.7473174
6804	-1638.983	-1996.961	357.978	1.417261	0.7993526
6810	-1651.069	-2008.602	357.5332	1.366437	1.284222
6816	-1638.456	-1996.227	357.7708	1.249487	1.182682
6822	-1628.991	-1986.676	357.6854	1.6252	0.9021597
6828	-1618.84	-1976.57	357.7304	1.677142	0.7826941
6834	-1620.775	-1978.514	357.7389	1.731643	0.6831033
6840	-1619.357	-1977.134	357.7768	1.619067	0.7985671
6846	-1629.057	-1986.722	357.6655	1.756502	0.7620746
6852	-1624.315	-1982.026	357.7112	1.756502	0.6884474
6858	-1634.762	-1992.255	357.4927	2.015353	0.5971453
6864	-1636.949	-1994.482	357.5322	1.991255	0.525651
6870	-1629.582	-1987.266	357.6844	1.839122	0.525651
6876	-1633.282	-1990.901	357.6193	1.809029	0.7528928
6882	-1624.16	-1981.969	357.8088	1.6946	0.6106621
6888	-1629.817	-1987.512	357.6957	1.624698	0.8910931
6894	-1620.073	-1977.902	357.8287	1.510177	0.869696
6900	-1627.088	-1984.85	357.7623	1.59019	0.8535108
6906	-1626.493	-1984.323	357.8308	1.417161	0.9694875
6912	-1627.214	-1985.021	357.8071	1.543407	0.855929
6918	-1626.714	-1984.516	357.8016	1.634198	0.7415972
6924	-1629.289	-1986.965	357.6762	1.792239	0.6870747
6930	-1635.937	-1993.669	357.7324	1.792239	0.4910805
6936	-1633.112	-1990.779	357.6676	1.837711	0.6053139
6942	-1620.442	-1978.026	357.5846	1.899742	0.6559416
6948	-1615.693	-1973.402	357.7084	1.755155	0.6959462
6954	-1616.528	-1974.206	357.6778	1.808308	0.6522113
6960	-1610.198	-1967.917	357.7187	1.49783	1.001415
6966	-1612.107	-1969.75	357.643	1.794987	0.7381532
6972	-1610.558	-1968.276	357.7187	1.701881	0.7642586
6978	-1606.102	-1963.597	357.4943	2.01359	0.5975034
6984	-1624.479	-1982.218	357.7391	1.785403	0.5117664
6990	-1629.11	-1986.713	357.6031	1.921388	0.5117664
6996	-1627.653	-1985.311	357.6579	1.850179	0.5969233
7002	-1626.718	-1984.4	357.6827	1.691442	0.8267828
7008	-1624.356	-1982.031	357.6752	1.768523	0.7292234
7014	-1631.627	-1989.433	357.8059	1.640799	0.724339
7020	-1615.662	-1973.413	357.7504	1.581832	0.8775332
7026	-1631.277	-1989.122	357.8452	1.53414	0.8200909
7032	-1631.395	-1988.805	357.4099	1.280184	1.44953
7038	-1627.321	-1984.953	357.6325	1.337263	1.225943
7044	-1626.03	-1983.759	357.7287	1.453887	1.034764
7050	-1623.89	-1981.674	357.7844	1.555712	0.868218
7056	-1611.731	-1969.422	357.6913	1.485323	1.0405
7062	-1626.818	-1984.58	357.7621	1.655925	0.7678836
7068	-1619.618	-1977.399	357.7805	1.549606	0.8799202
7074	-1623.211	-1980.84	357.6299	1.727283	0.8478061
7080	-1627.801	-1985.48	357.6796	1.822618	0.6138133
7086	-1624.95	-1982.589	357.6392	1.604272	0.9740565
7092	-1630.914	-1988.543	357.6293	1.725387	0.8508431
7098	-1621.221	-1979.085	357.8632	1.615944	0.6665862
7104	-1617.979	-1975.836	357.8565	1.49749	0.851672
7110	-1647.005	-2004.72	357.7151	1.56447	0.9362396
7116	-1650.648	-2008.231	357.5829	1.587141	1.046841
7122	-1624.641	-1982.242	357.6011	1.530563	1.082964
7128	-1620.373	-1977.955	357.5825	1.494332	1.13298
7134	-1630.873	-1988.701	357.8285	1.44884	0.938579
7140	-1622.019	-1979.679	357.66	1.536166	1.021498
7146	-1631.492	-1989.08	357.5884	1.607812	1.021498
7152	-1626.695	-1984.286	357.591	1.628297	0.9986115
7158	-1633.242	-1990.882	357.6398	1.522362	1.054327
7164	-1628.663	-1986.432	357.7696	1.492228	0.9550455
7170	-1629.426	-1986.978	357.5522	1.391745	1.247544
7176	-1622.93	-1980.713	357.7828	1.448196	0.9868122
7182	-1617.972	-1975.833	357.8613	1.452983	0.8980434
7188	-1629.681	-1987.449	357.7679	1.546385	0.8980434
7194	-1626.502	-1984.119	357.6166	1.533302	1.065893
7200	-1620.889	-1978.611	357.7222	1.698426	0.7641908
7206	-1627.285	-1985.094	357.809	1.560992	0.8319807
7212	-1621.401	-1979.06	357.6588	1.495461	1.061802
7218	-1625.219	-1982.818	357.5984	1.383154	1.215942
7224	-1625.832	-1983.539	357.7068	1.568413	0.9408269
7230	-1608.842	-1966.39	357.5475	1.559352	1.105854
7236	-1610.512	-1968.221	357.7092	1.57903	0.9268119
7242	-1633.117	-1990.867	357.75	1.624352	0.8264399
7248	-1638.196	-1995.991	357.7958	1.518738	0.8977179
7254	-1635.381	-1993.08	357.6991	1.616589	0.8964188
7260	-1641.191	-1998.764	357.5731	1.554455	1.086784
7266	-1630.435	-1988.209	357.7742	1.564606	0.8698478
7272	-1628.631	-1986.404	357.7729	1.565851	0.8698478
7278	-1629.091	-1986.723	357.6319	1.533586	1.051134
7284	-1629.589	-1987.327	357.7384	1.689223	0.753815
7290	-1614.77	-1972.457	357.6867	1.791362	0.6687711
7296	-1623.929	-1981.635	357.7066	1.720297	0.7548954
7302	-1612.866	-1970.65	357.7843	1.464001	0.9691422
7308	-1616.353	-1974.223	357.8699	1.498756	0.8337119
7314	-1625.451	-1983.309	357.8577	1.404089	0.9551164
7320	-1624.944	-1982.838	357.894	1.404089	0.9160608
7326	-1625.414	-1983.122	357.7081	1.260942	1.226548
7332	-1618.002	-1975.566	357.5642	1.261201	1.344115
7338	-1624.929	-1982.773	357.8442	1.191536	1.169278
7344	-1621.498	-1979.235	357.7375	1.537481	0.9410883
7350	-1621.122	-1978.796	357.6744	1.391307	1.142831
7356	-1632.698	-1990.319	357.6217	1.494584	1.097225
7362	-1627.311	-1985.066	357.7557	1.661697	0.7687999
7368	-1622.745	-1980.508	357.7625	1.70143	0.6952126
7374	-1630.295	-1987.93	357.6349	1.728787	0.8398292
7380	-1627.563	-1985.201	357.6382	1.737491	0.8248387
7386	-1627.341	-1985.182	357.8409	1.432847	0.9424537
7392	-1620.356	-1978.04	357.6834	1.620326	0.9099017
7398	-1619.34	-1977.13	357.7898	1.693934	0.6571944
7404	-1614.412	-1972.152	357.7401	1.650707	0.8052587
7410	-1611.131	-1968.787	357.6561	1.717251	0.8278001
7416	-1613.126	-1970.567	357.4411	1.407224	1.325806
7422	-1634.224	-1991.767	357.5426	1.60975	1.063592
7428	-1627.936	-1985.512	357.5765	1.541803	1.095368
7434	-1623.889	-1981.644	357.7554	1.410444	1.050806
7440	-1616.607	-1974.561	357.9542	1.435333	0.806922
7446	-1643.069	-2000.798	357.729	1.501005	0.9877762
7452	-1628.785	-1986.482	357.6963	1.649991	0.8609856
7458	-1642.715	-2000.349	357.6337	1.663942	0.9165772
7464	-1630.173	-1987.971	357.7977	1.293842	1.119741
7470	-1631.307	-1989.033	357.7269	1.493094	0.9978731
7476	-1622.962	-1980.728	357.7669	1.421012	1.029554
7482	-1624.672	-1982.285	357.6129	1.850589	0.6959272
7488	-1629.655	-1987.358	357.7025	1.701532	0.7875323
7494	-1636.599	-1994.26	357.6604	1.641463	0.9118715
7500	-1629.162	-1986.865	357.7029	1.760666	0.6958174
7506	-1622.278	-1980.052	357.7745	1.707253	0.6613816
7512	-1613.928	-1971.574	357.6463	1.835375	0.6613816
7518	-1621.662	-1979.396	357.7337	1.665137	0.794579
7524	-1624.552	-1982.341	357.789	1.412595	1.016202
7530	-1619.062	-1976.709	357.6464	1.532207	1.038603
7536	-1626.005	-1983.879	357.8741	1.49283	0.8358435
7542	-1617.107	-1974.934	357.8274	1.589785	0.7691063
7548	-1612.66	-1970.488	357.8274	1.589785	0.7691063
7554	-1606.757	-1964.522	357.765	1.340062	1.107454
7560	-1629.732	-1987.166	357.4336	1.524864	1.235454
7566	-1640.02	-1997.796	357.7761	1.439727	1.002046
7572	-1608.984	-1966.739	357.7548	1.476735	0.9863169
7578	-1613.324	-1971.159	357.8358	1.387847	0.9942466
7584	-1621.68	-1979.593	357.9129	1.407199	0.8914707
7590	-1630.264	-1988.077	357.8127	1.508662	0.8900186
7596	-1621.341	-1979.146	357.8046	1.585799	0.805815
7602	-1635.934	-1993.866	357.9324	1.212998	1.070154
7608	-1631.417	-1989.222	357.8049	1.438914	0.9737209
7614	-1635.986	-1993.88	357.8935	1.415786	0.9037057
7620	-1641.97	-1999.846	357.8754	1.485266	0.8435504
7626	-1651.487	-2009.38	357.8922	1.376899	0.9473622
7632	-1637.474	-1995.421	357.9466	1.374341	0.8904729
7638	-1652.335	-2009.998	357.6627	1.412829	1.13411
7644	-1656.833	-2014.528	357.6951	1.288772	1.213948
7650	-1649.853	-2007.453	357.6004	1.544731	1.070393
7656	-1644.352	-2002.166	357.814	1.518077	0.8776212
7662	-1627.945	-1985.609	357.6641	1.501094	1.051435
7668	-1633.996	-1991.766	357.7701	1.528782	0.9152518
7674	-1620.98	-1978.687	357.707	1.444191	1.064709
7680	-1621.94	-1979.607	357.6664	1.405427	1.137393
7686	-1633.639	-1991.35	357.7111	1.703891	0.7721931
7692	-1638.199	-1995.812	357.6133	1.868291	0.6616551
7698	-1613.025	-1970.722	357.6964	1.765161	0.6994226
7704	-1612.017	-1969.833	357.8168	1.666502	0.6580112
7710	-1617.34	-1975.155	357.8154	1.455946	0.9449513
7716	-1623.899	-1981.521	357.6226	1.444705	1.141406
7722	-1636.323	-1994.11	357.7864	1.65147	0.7382801
7728	-1628.017	-1985.811	357.7937	1.63424	0.7533304
7734	-1617.436	-1975.206	357.7707	1.649147	0.7652826
7740	-1624.564	-1982.387	357.8231	1.664964	0.6478655
7746	-1613.232	-1970.846	357.6146	1.598458	1.004849
7752	-1624.762	-1982.595	357.8331	1.37992	1.004849
7758	-1645.158	-2003.001	357.8434	1.520159	0.8399746
7764	-1651.367	-2009.037	357.6699	1.581037	0.9663963
7770	-1640.27	-1998.174	357.904	1.46526	0.8329421
7776	-1643.321	-2000.995	357.6742	1.706849	0.8179847
7782	-1668.472	-2026.188	357.7162	1.75348	0.6847411
7788	-1652.862	-2010.653	357.7913	1.609076	0.7924251
7794	-1637.138	-1994.892	357.7538	1.676938	0.7491817
7800	-1627.857	-1985.619	357.7622	1.632012	0.80072
7806	-1617.034	-1974.715	357.6809	1.653976	0.8743952
7812	-1629.59	-1987.4	357.8107	1.422419	0.9846591
7818	-1632.423	-1990.169	357.7462	1.694932	0.7331891
7824	-1636.895	-1994.737	357.8424	1.619072	0.6995173
7830	-1636.836	-1994.57	357.7338	1.563957	0.9164005
7836	-1634.706	-1992.436	357.7302	1.567604	0.9164005
7842	-1639.436	-1997.132	357.6965	1.345169	1.164118
7848	-1637.71	-1995.31	357.6008	1.440869	1.164118
7854	-1622.868	-1980.514	357.646	1.458082	1.108328
7860	-1608.963	-1966.687	357.724	1.448071	1.04485
7866	-1615.289	-1972.864	357.5745	1.597553	1.04485
7872	-1612.029	-1969.742	357.7129	1.573266	0.9291388
7878	-1616.141	-1973.864	357.7238	1.549058	0.9433718
7884	-1621.833	-1979.689	357.8564	1.435314	0.9231083
7890	-1616.942	-1974.468	357.5253	1.476118	1.198974
7896	-1608.831	-1966.573	357.7428	1.487257	0.9877706
7902	-1620.393	-1978.112	357.7187	1.61816	0.872085
7908	-1634.694	-1992.363	357.6687	1.723393	0.8035025
7914	-1639.228	-1996.986	357.7579	1.592807	0.8556169
7920	-1629.923	-1987.622	357.6994	1.485748	1.03228
7926	-1644.884	-2002.5	357.6165	1.831885	0.7216002
7932	-1641.421	-1999.257	357.8359	1.648589	0.6556334
7938	-1636.952	-1994.689	357.7373	1.659479	0.7972463
7944	-1638.444	-1996.24	357.7965	1.647838	0.7282113
7950	-1635.327	-1993.157	357.8296	1.534756	0.8389667
7956	-1640.699	-1998.588	357.8888	1.475565	0.8389667
7962	-1626.902	-1984.778	357.8762	1.579321	0.7097716
7968	-1629.134	-1986.845	357.7102	1.727563	0.738459
7974	-1622.287	-1979.98	357.6936	1.768591	0.6983903
7980	-1606.332	-1964.099	357.767	1.635807	0.7891262
7986	-1611.024	-1968.722	357.6974	1.701458	0.7944688
7992	-1621.591	-1979.354	357.7629	1.635964	0.7944688
7998	-1621.244	-1979.05	357.8059	1.509136	0.897207
8004	-1621.282	-1978.964	357.6821	1.60736	0.9255597
8010	-1623.324	-1981.02	357.6965	1.814109	0.5890152
8016	-1617.436	-1975.079	357.6428	1.845178	0.6482285
8022	-1619.409	-1977.13	357.7209	1.798134	0.5555106
8028	-1627.3	-1984.943	357.6423	1.744257	0.8107968
8034	-1623.863	-1981.534	357.6706	1.691564	0.8416737
8040	-1622.509	-1980.237	357.728	1.63057	0.8461158
8046	-1621.863	-1979.572	357.7093	1.734066	0.7297455
8052	-1625.544	-1983.219	357.6745	1.680716	0.8502072
8058	-1638.054	-1995.802	357.7486	1.4163	1.051713
8064	-1644.228	-2002.083	357.8552	1.364558	0.9981179
8070	-1636.743	-1994.288	357.5446	1.33604	1.299728
8076	-1623.988	-1981.715	357.727	1.58278	0.9030517
8082	-1645.964	-2003.57	357.6053	1.719993	0.8854518
8088	-1654.533	-2012.245	357.7122	1.769772	0.660899
8094	-1633.451	-1990.952	357.5004	1.634225	1.080233
8100	-1652.809	-2010.449	357.6395	1.676031	0.8965868
8106	-1647.537	-2005.301	357.7647	1.50263	0.9491962
8112	-1637.231	-1994.947	357.7158	1.475577	1.02615
8118	-1638.382	-1995.968	357.5858	1.649091	0.9828984
8124	-1619.052	-1976.724	357.6721	1.440694	1.100369
8130	-1636.631	-1994.346	357.7146	1.471811	1.030971
8136	-1637.851	-1995.228	357.3768	1.41069	1.374119
8142	-1617.102	-1974.739	357.6365	1.274862	1.274589
8148	-1629.168	-1986.744	357.5761	1.287392	1.31356
8154	-1621.306	-1979.022	357.7158	1.633735	0.8570835
8160	-1637.646	-1995.43	357.7837	1.622172	0.784922
8166	-1621.812	-1979.503	357.6914	1.30397	1.204182
8172	-1622.273	-1980.106	357.8328	1.507272	0.8683267
8178	-1613.517	-1971.16	357.6427	1.805487	0.7220493
8184	-1621.546	-1979.298	357.752	1.696169	0.7220493
8190	-1627.392	-1985.098	357.7062	1.69823	0.7869762
8196	-1620.615	-1978.284	357.6691	1.462175	1.083361
8202	-1639.146	-1996.936	357.7909	1.458196	0.9682917
8208	-1620.316	-1978.104	357.7879	1.461243	0.9682917
8214	-1627.571	-1985.221	357.6495	1.362599	1.189771
8220	-1634.247	-1991.819	357.572	1.440112	1.189771
8226	-1632.224	-1989.971	357.7468	1.481723	0.989319
8232	-1648.974	-2006.734	357.7592	1.604784	0.839485
8238	-1648.623	-2006.298	357.6744	1.689585	0.839485
8244	-1650.849	-2008.543	357.694	1.669742	0.8397894
8250	-1632.589	-1990.098	357.5085	1.592274	1.111396
8256	-1641.676	-1999.204	357.5289	1.538274	1.141589
8262	-1643.266	-2000.908	357.6418	1.613965	0.9613667
8268	-1641.484	-1998.974	357.4895	1.675672	1.051441
8274	-1632.253	-1990.048	357.7944	1.537987	0.8773197
8280	-1636.421	-1994.035	357.6146	1.561443	1.040994
8286	-1613.711	-1971.392	357.6808	1.492411	1.043763
8292	-1625.93	-1983.701	357.7707	1.598398	0.8330451
8298	-1616.625	-1974.446	357.8216	1.59803	0.7655069
8304	-1615.917	-1973.758	357.8411	1.399847	0.9767226
8310	-1629.054	-1986.752	357.6982	1.383389	1.128711
8316	-1631.808	-1989.376	357.568	1.588846	1.059394
8322	-1622.444	-1980.136	357.6917	1.518001	1.008182
8328	-1637.611	-1995.254	357.6434	1.785275	0.7523026
8334	-1626.667	-1984.528	357.861	1.6258	0.6507387
8340	-1631.335	-1988.999	357.6641	1.508626	1.044242
8346	-1618.431	-1976.13	357.6995	1.534282	0.9840245
8352	-1620.811	-1978.554	357.7427	1.696924	0.7356507
8358	-1625.925	-1983.612	357.6872	1.511539	1.019004
8364	-1625.383	-1982.941	357.5579	1.414419	1.223725
8370	-1628.405	-1986.233	357.8282	1.610196	0.7374782
8376	-1632.186	-1989.961	357.7757	1.606155	0.8169531
8382	-1633.373	-1991.137	357.7638	1.679842	0.729298
8388	-1633.045	-1990.726	357.6803	1.484439	1.051901
8394	-1641.901	-1999.513	357.6121	1.363904	1.220669
8400	-1630.691	-1988.395	357.7043	1.807297	0.5856142
8406	-1618.724	-1976.529	357.8054	1.609566	0.772293
8412	-1625.806	-1983.633	357.827	1.587955	0.772293
8418	-1639.114	-1996.921	357.8077	1.602473	0.7790072
8424	-1640.121	-1997.886	357.7645	1.630316	0.7999629
8430	-1642.329	-1999.87	357.5407	1.614628	1.060798
8436	-1646.481	-2004.199	357.7184	1.700479	0.7666089
8442	-1644.871	-2002.55	357.6782	1.694061	0.8291189
8448	-1646.845	-2004.666	357.8216	1.616016	0.7387902
8454	-1629.407	-1987.111	357.7039	1.740903	0.7273656
8460	-1628.823	-1986.42	357.597	1.927728	0.5034238
8466	-1636.576	-1994.276	357.7003	1.801351	0.6154161
8472	-1636.483	-1994.21	357.7277	1.773882	0.6154161
8478	-1640.193	-1997.882	357.6892	1.79849	0.648855
8484	-1636.571	-1994.126	357.5552	1.945139	0.6187313
8490	-1635.421	-1993.135	357.7134	1.808898	0.5357368
8496	-1614.864	-1972.548	357.684	1.790898	0.674919
8502	-1632.913	-1990.633	357.7194	1.767276	0.6508865
8508	-1627.375	-1985.082	357.7077	1.733502	0.7330747
8514	-1630.719	-1988.475	357.7555	1.668055	0.7598934
8520	-1621.989	-1979.731	357.7418	1.66104	0.7890717
8526	-1613.748	-1971.478	357.7292	1.426794	1.060164
8532	-1644.813	-2002.42	357.607	1.286098	1.289547
8538	-1636.672	-1994.402	357.7294	1.420314	1.066071
8544	-1634.856	-1992.514	357.6572	1.219727	1.302743
8550	-1636.294	-1993.853	357.5584	1.646654	1.012725
8556	-1617.425	-1975.104	357.6789	1.680291	0.8453582
8562	-1626.975	-1984.663	357.6877	1.737807	0.7569926
8568	-1631.485	-1989.342	357.857	1.643481	0.6183764
8574	-1626.186	-1984.08	357.8943	1.591358	0.6530961
8580	-1614.654	-1972.453	357.7991	1.686544	0.6530961
8586	-1625.448	-1983.29	357.8421	1.516257	0.8463462
8592	-1637.683	-1995.357	357.6741	1.642983	0.8948329
8598	-1633.278	-1991.083	357.8053	1.41288	0.9997034
8604	-1640.206	-1998.002	357.7964	1.243203	1.165904
8610	-1633.2	-1990.754	357.5538	1.362841	1.270187
8616	-1646.904	-2004.515	357.6109	1.402164	1.188988
8622	-1644.809	-2002.601	357.7921	1.464515	0.9605226
8628	-1629.736	-1987.662	357.9256	1.335695	0.955626
8634	-1647.695	-2005.323	357.6282	1.455046	1.12715
8640	-1638.458	-1996.424	357.9664	1.384306	0.8556298
8646	-1629.466	-1987.479	358.0125	1.338197	0.8556298
8652	-1636.784	-1994.538	357.7548	1.663855	0.767032
8658	-1628.967	-1986.738	357.771	1.692902	0.6953537
8664	-1634.203	-1992.061	357.8574	1.438565	0.9183947
8670	-1621.78	-1979.589	357.8082	1.499233	0.9056794
8676	-1621.129	-1978.812	357.6829	1.62454	0.9056794
8682	-1623.462	-1981.165	357.7037	1.371658	1.134268
8688	-1629.082	-1986.695	357.6136	1.514494	1.086282
8694	-1624.755	-1982.332	357.5768	1.551319	1.086282
8700	-1629.146	-1986.881	357.7359	1.683639	0.7657655
8706	-1639.209	-1996.989	357.7805	1.583809	0.8390749
8712	-1631.328	-1989.091	357.7632	1.679157	0.7313729
8718	-1637.589	-1995.415	357.8266	1.542002	0.8336617
8724	-1642.201	-2000.177	357.9752	1.480206	0.7099545
8730	-1628.961	-1986.781	357.8198	1.374316	1.023532
8736	-1617.768	-1975.716	357.9471	1.354032	0.9127697
8742	-1621.889	-1979.488	357.5985	1.81706	0.7713522
8748	-1617.769	-1975.478	357.7088	1.736594	0.7265384
8754	-1629.907	-1987.561	357.6539	1.803718	0.7061941
8760	-1634.013	-1991.892	357.8791	1.610531	0.6444207
8766	-1632.771	-1990.527	357.7563	1.655601	0.7764938
8772	-1633.674	-1991.535	357.8612	1.55072	0.7764938
8778	-1622.817	-1980.624	357.8072	1.636064	0.7298934
8784	-1629.28	-1986.995	357.7149	1.777727	0.6377135
8790	-1622.029	-1979.683	357.6542	1.684478	0.8699738
8796	-1610.715	-1968.363	357.6485	1.611442	0.9570424
8802	-1610.523	-1968.385	357.8617	1.492211	0.8517486
8808	-1614.51	-1972.279	357.7683	1.388328	1.059548
8814	-1633.978	-1991.941	357.9626	1.194023	1.059548
8820	-1649.918	-2007.351	357.4334	1.106013	1.562347
8826	-1626.891	-1984.387	357.4965	1.307727	1.360905
8832	-1643.537	-2001.105	357.5685	1.440519	1.192459
8838	-1630.199	-1987.902	357.7032	1.484102	1.030179
8844	-1644.438	-2002.176	357.7381	1.545715	0.931602
8850	-1645.166	-2002.952	357.7858	1.423229	1.008792
8856	-1624.516	-1982.353	357.8362	1.56097	0.7967425
8862	-1630.788	-1988.512	357.7239	1.430144	1.062014
8868	-1636.226	-1993.978	357.7518	1.290517	1.163495
8874	-1642.657	-2000.378	357.7215	1.305844	1.176548
8880	-1633.563	-1991.19	357.6273	1.267846	1.287889
8886	-1639.599	-1997.156	357.5575	1.316635	1.304945
8892	-1632.629	-1990.29	357.661	1.54751	1.009367
8898	-1632.349	-1990.207	357.8576	1.40797	0.9511146
8904	-1642.187	-1999.763	357.5758	1.524368	1.111942
8910	-1641.175	-1998.992	357.8168	1.551653	0.8339551
8916	-1652.173	-2009.795	357.6223	1.745971	0.8341186
8922	-1642.476	-2000.139	357.6627	1.757695	0.7643891
8928	-1658.152	-2015.97	357.8178	1.693905	0.5853229
8934	-1652.451	-2010.309	357.8579	1.572223	0.7501474
8940	-1644.003	-2001.704	357.701	1.47601	1.040082
8946	-1628.019	-1985.689	357.6708	1.529157	1.017829
8952	-1635.072	-1992.809	357.7368	1.439079	1.041205
8958	-1634.666	-1992.367	357.701	1.384994	1.124761
8964	-1633.693	-1991.66	357.9666	1.365712	0.877409
8970	-1622.388	-1980.189	357.8012	1.53109	0.877409
8976	-1627.307	-1985.065	357.758	1.725064	0.6586676
8982	-1628.295	-1986.13	357.8343	1.605962	0.7346722
8988	-1628.64	-1986.403	357.7621	1.600039	0.8417132
8994	-1628.494	-1986.259	357.765	1.470525	0.982241
9000	-1632.522	-1990.29	357.7684	1.695551	0.6952538
9006	-1625.476	-1983.216	357.7402	1.641157	0.8175133
9012	-1617.788	-1975.676	357.8882	1.490024	0.8215586
9018	-1624.212	-1981.895	357.6822	1.644001	0.8844198
9024	-1616.212	-1974.068	357.8555	1.553835	0.7801296
9030	-1632.091	-1989.796	357.7044	1.684427	0.8078661
9036	-1626.532	-1984.218	357.6853	1.615123	0.9135224
9042	-1610.476	-1968.241	357.7655	1.603829	0.8328308
9048	-1616.075	-1973.86	357.7845	1.61628	0.7918333
9054	-1630.987	-1988.719	357.7316	1.747319	0.6670606
9060	-1613.655	-1971.322	357.6673	1.82077	0.6479446
9066	-1627.774	-1985.461	357.6868	1.78924	0.6726166
9072	-1615.658	-1973.3	357.6425	1.437827	1.129771
9078	-1616.714	-1974.527	357.8128	1.478349	0.9236491
9084	-1619.518	-1977.252	357.7347	1.477497	1.005669
9090	-1625.588	-1983.225	357.6369	1.472808	1.103185
9096	-1639.094	-1996.948	357.8545	1.384715	0.978409
9102	-1638.479	-1996.207	357.728	1.511245	0.978409
9108	-1636.902	-1994.741	357.8394	1.508264	0.8593435
9114	-1626.72	-1984.461	357.7417	1.505074	0.9707077
9120	-1632.419	-1990.137	357.7179	1.555315	0.9430245
9126	-1628.985	-1986.791	357.8062	1.425656	0.9859039
9132	-1634.667	-1992.35	357.6827	1.332647	1.187005
9138	-1633.745	-1991.398	357.6537	1.402731	1.15109
9144	-1640.253	-1998.015	357.7622	1.248469	1.191044
9150	-1628.545	-1986.359	357.8135	1.559032	0.8288264
9156	-1625.967	-1983.708	357.7409	1.622311	0.8403749
9162	-1638.695	-1996.436	357.7413	1.71778	0.703728
9168	-1639.886	-1997.5	357.6145	1.876227	0.6419617
9174	-1634.517	-1992.261	357.7443	1.667661	0.7765183
9180	-1629.589	-1987.354	357.7653	1.667661	0.745917
9186	-1630.028	-1987.871	357.8424	1.555845	0.7953597
9192	-1633.933	-1991.736	357.8027	1.595566	0.7953597
9198	-1637.058	-1994.679	357.6213	1.73575	0.8479596
9204	-1627.07	-1984.652	357.5823	1.559132	1.073847
9210	-1629.984	-1987.734	357.7503	1.584889	0.8740483
9216	-1618.646	-1976.58	357.9341	1.445329	0.8199832
9222	-1623.128	-1980.906	357.7772	1.713089	0.6429125
9228	-1635.924	-1993.601	357.6766	1.822744	0.6212373
9234	-1627.137	-1984.909	357.7726	1.61024	0.8156536
9240	-1644.033	-2001.61	357.5765	1.61024	1.030677
9246	-1632.632	-1990.386	357.7535	1.593906	0.8596133
9252	-1631.483	-1989.178	357.6949	1.599365	0.9202638
9258	-1647.86	-2005.503	357.6433	1.825718	0.686078
9264	-1639.667	-1997.265	357.5984	1.870611	0.686078
9270	-1638.446	-1996.342	357.8957	1.495596	0.8046008
9276	-1634.62	-1992.404	357.7842	1.534419	0.8931825
9282	-1624.925	-1982.573	357.6484	1.543288	1.025896
9288	-1629.576	-1987.252	357.6754	1.282615	1.235787
9294	-1631.983	-1989.743	357.7608	1.557828	0.8931379
9300	-1637.504	-1995.266	357.7624	1.596714	0.8454676
9306	-1620.129	-1977.878	357.7495	1.548044	0.9166869
9312	-1639.325	-1996.851	357.526	1.667331	1.024237
9318	-1628.393	-1986.078	357.6845	1.777328	0.6989386
9324	-1632.936	-1990.738	357.8027	1.682879	0.653284
9330	-1633.361	-1991.308	357.9471	1.407065	0.8514696
9336	-1624.478	-1982.197	357.7198	1.58604	0.9075429
9342	-1626.324	-1984.047	357.7228	1.707285	0.7502293
9348	-1636.242	-1994.07	357.8283	1.566972	0.799288
9354	-1632.299	-1990.111	357.812	1.525664	0.8711546
9360	-1618.757	-1976.472	357.7149	1.759787	0.6752998
9366	-1630.02	-1987.745	357.7244	1.799041	0.5264265
9372	-1645.734	-2003.287	357.5533	1.922252	0.6735885
9378	-1644.879	-2002.644	357.7648	1.531614	0.9179037
9384	-1633.335	-1991.213	357.8789	1.537044	0.7707887
9390	-1645.767	-2003.531	357.764	1.471784	0.9819674
9396	-1647.386	-2005.144	357.7579	1.708253	0.6912152
9402	-1641.472	-1999.089	357.6176	1.521582	1.076007
9408	-1649.693	-2007.512	357.8197	1.362584	1.034999
9414	-1641.485	-1999.276	357.7907	1.443405	0.9836711
9420	-1629.498	-1987.418	357.9201	1.381184	0.9125218
9426	-1631.371	-1989.034	357.6633	1.752558	0.7710164
9432	-1628.385	-1986.047	357.6616	1.848636	0.59002
9438	-1623.265	-1981.033	357.7685	1.743311	0.5848571
9444	-1622.078	-1979.683	357.6049	1.894338	0.6216479
9450	-1623.938	-1981.569	357.6301	1.894338	0.4870096
9456	-1624.787	-1982.435	357.6476	1.86587	0.5788252
9462	-1611.673	-1969.323	357.6503	1.741219	0.8042328
9468	-1612.693	-1970.446	357.7523	1.639221	0.8042328
9474	-1616.531	-1974.254	357.7234	1.508463	0.9859464
9480	-1618.082	-1975.807	357.7241	1.61052	0.8747388
9486	-1620.021	-1977.643	357.6227	1.647293	0.9464681
9492	-1621.031	-1978.712	357.6811	1.746881	0.7533107
9498	-1627.585	-1985.205	357.6204	1.713951	0.8750092
9504	-1622.614	-1980.225	357.6109	1.758572	0.8326706
9510	-1615.357	-1973.147	357.7908	1.589509	0.8189081
9516	-1625.105	-1982.789	357.6836	1.590523	0.9420569
9522	-1625.333	-1983.086	357.7529	1.63401	0.810416
9528	-1624.389	-1982.036	357.648	1.648776	0.9175482
9534	-1613.494	-1971.218	357.7238	1.49139	1.002713
9540	-1613.505	-1971.117	357.6122	1.459613	1.137431
9546	-1615.443	-1972.99	357.5466	1.525191	1.137431
9552	-1616.542	-1974.236	357.6947	1.613518	0.9048124
9558	-1612.742	-1970.366	357.6247	1.636308	0.955885
9564	-1632.604	-1989.857	357.2532	1.708658	1.232562
9570	-1639.462	-1997.225	357.7629	1.542932	0.9075394
9576	-1630.889	-1988.682	357.793	1.530305	0.8877352
9582	-1632.982	-1990.791	357.808	1.439054	0.9703944
9588	-1623.841	-1981.399	357.558	1.79808	0.8491114
9594	-1619.741	-1977.402	357.6609	1.859825	0.5460169
9600	-1625.297	-1983.086	357.7889	1.382931	1.045045
9606	-1624.992	-1982.632	357.6404	1.482393	1.091144
9612	-1620.844	-1978.581	357.737	1.42568	1.053827
9618	-1639.354	-1997.161	357.8068	1.429624	0.9812947
9624	-1644.221	-2002.007	357.7855	1.409885	1.022225
9630	-1632.631	-1990.489	357.8585	1.463746	0.8890394
9636	-1632.996	-1990.794	357.7982	1.696159	0.6335356
9642	-1627.803	-1985.61	357.8068	1.654759	0.6994789
9648	-1645.108	-2002.875	357.7675	1.654759	0.7617753
9654	-1633.766	-1991.495	357.7287	1.703956	0.7463419
9660	-1609.801	-1967.631	357.8298	1.602801	0.7463419
9666	-1615.566	-1973.274	357.7083	1.806281	0.5746177
9672	-1622.488	-1980.293	357.8053	1.67146	0.6713309
9678	-1626.423	-1984.213	357.7898	1.578242	0.8344582
9684	-1620.943	-1978.703	357.7601	1.498271	0.9586644
9690	-1619.184	-1976.951	357.7668	1.444122	1.006981
9696	-1625.563	-1983.377	357.8139	1.503782	0.8942092
9702	-1635.746	-1993.506	357.7602	1.557442	0.8942092
9708	-1634.707	-1992.467	357.7598	1.649683	0.7798762
9714	-1633.234	-1990.991	357.7563	1.597581	0.8518403
9720	-1633.994	-1991.673	357.6783	1.289597	1.227457
9726	-1621.947	-1979.541	357.5938	1.321264	1.271554
9732	-1640.693	-1998.539	357.846	1.405262	0.9659991
9738	-1632.169	-1990.03	357.8615	1.346107	1.010219
9744	-1635.79	-1993.495	357.7046	1.6034	0.9051427
9750	-1635.177	-1992.943	357.7664	1.541529	0.9051427
9756	-1630.06	-1987.915	357.8551	1.470304	0.8853385
9762	-1623.327	-1981.143	357.8166	1.534919	0.8546486
9768	-1629.538	-1987.267	357.729	1.649647	0.8210573
9774	-1631.866	-1989.739	357.8725	1.53498	0.7826703
9780	-1632.145	-1989.944	357.7987	1.500102	0.9152751
9786	-1617.659	-1975.367	357.7081	1.590729	0.9152751
9792	-1633.52	-1991.295	357.7753	1.727063	0.6134165
9798	-1634.813	-1992.562	357.749	1.724305	0.6780479
9804	-1637.914	-1995.649	357.7347	1.637332	0.8293801
9810	-1626.025	-1983.766	357.7404	1.567448	0.905311
9816	-1630.183	-1987.549	357.366	1.282209	1.481288
9822	-1647.271	-2004.958	357.6866	1.460817	1.068299
9828	-1649.483	-2007.358	357.8744	1.473494	0.8590802
9834	-1642.554	-2000.252	357.6976	1.500543	1.019602
9840	-1653.036	-2010.722	357.6862	1.520317	1.01135
9846	-1640.878	-1998.595	357.717	1.702668	0.7655817
9852	-1640.765	-1998.493	357.7283	1.510266	0.9791254
9858	-1645.483	-2003.21	357.7269	1.591443	0.8934618
9864	-1636.047	-1993.746	357.6986	1.607517	0.9072417
9870	-1636.619	-1994.239	357.6199	1.882599	0.6129824
9876	-1640.965	-1998.506	357.5412	1.968159	0.5929222
9882	-1632.293	-1989.706	357.4124	1.243719	1.475312
9888	-1638.562	-1996.21	357.6479	1.267614	1.271154
9894	-1631.674	-1989.446	357.772	1.371362	1.072016
9900	-1631.072	-1988.74	357.6679	1.664184	0.8776681
9906	-1633.314	-1991.068	357.7542	1.62691	0.8178337
9912	-1641.897	-1999.42	357.5225	1.658523	1.036267
9918	-1625.112	-1982.747	357.6343	1.546713	1.036267
9924	-1631.754	-1989.597	357.8426	1.565058	0.7824265
9930	-1637.258	-1994.999	357.7407	1.533195	0.9422848
9936	-1643.044	-2000.738	357.694	1.523515	1.000346
9942	-1631.478	-1989.235	357.7569	1.583828	0.8674978
9948	-1617.352	-1974.964	357.6122	1.599591	1.006046
9954	-1628.677	-1986.409	357.7319	1.648904	0.8182932
9960	-1626.719	-1984.493	357.7738	1.562256	0.8729711
9966	-1627.028	-1984.794	357.7659	1.674466	0.7344549
9972	-1631.434	-1989.092	357.658	1.782319	0.7344549
9978	-1629.263	-1986.939	357.6765	1.782319	0.704242
9984	-1631.408	-1989.142	357.7338	1.675045	0.7808118
9990	-1631.993	-1989.681	357.6882	1.47614	1.052214
9996	-1631.525	-1989.436	357.9112	1.465453	0.8236088
10002	-1627.752	-1985.555	357.803	1.325877	1.0856
10008	-1619.171	-1976.908	357.7371	1.39704	1.080653
10014	-1634.385	-1992.154	357.7687	1.329103	1.11404
10020	-1628.841	-1986.605	357.7638	1.384052	1.067883
10026	-1625.33	-1982.804	357.4733	1.515463	1.209828
10032	-1617.377	-1974.931	357.5545	1.434211	1.209828
10038	-1617.236	-1974.725	357.4887	1.230466	1.427262
10044	-1625.266	-1983.13	357.8636	1.355384	0.9989458
10050	-1627.565	-1985.346	357.7814	1.431651	1.004814
10056	-1627.771	-1985.456	357.6851	1.684705	0.8322641
10062	-1633.381	-1991.074	357.6938	1.740897	0.7431999
10068	-1622.515	-1980.106	357.5913	1.753013	0.8632732
10074	-1622.234	-1979.86	357.6263	1.806352	0.7463324
10080	-1624.208	-1981.821	357.6126	1.704483	0.8948897
10086	-1632.649	-1990.243	357.5934	1.623021	1.001468
10092	-1626.761	-1984.619	357.8572	1.475495	0.8769959
10098	-1638.023	-1995.667	357.6443	1.439757	1.126444
10104	-1644.009	-2001.821	357.8118	1.486976	0.9152765
10110	-1631.723	-1989.459	357.7364	1.557205	0.9209588
10116	-1637.425	-1995.075	357.6506	1.597343	0.9694887
10122	-1658.15	-2015.817	357.6678	1.46291	1.083889
10128	-1641.034	-1998.731	357.6971	1.405983	1.109259
10134	-1639.089	-1996.931	357.8425	1.607238	0.7193811
10140	-1639.71	-1997.481	357.7714	1.445351	1.001145
10146	-1634.285	-1992.048	357.7635	1.463766	0.9906336
10152	-1639.109	-1996.911	357.8022	1.590057	0.803348
10158	-1634.873	-1992.532	357.6593	1.58197	0.9763259
10164	-1627.299	-1985.106	357.8071	1.603471	0.778407
10170	-1641.683	-1999.37	357.6866	1.728881	0.7715697
10176	-1628.246	-1985.894	357.6479	1.820486	0.6872474
10182	-1622.57	-1980.388	357.8179	1.6309	0.7209853
10188	-1630.118	-1987.822	357.7045	1.80914	0.5782022
10194	-1615.902	-1973.623	357.721	1.769518	0.6424138
10200	-1628.481	-1986.228	357.7464	1.705536	0.7158171
10206	-1611.446	-1969.151	357.7051	1.615281	0.8910675
10212	-1613.424	-1971.102	357.6773	1.804145	0.6618698
10218	-1622.655	-1980.388	357.7337	1.427368	1.055355
10224	-1619.127	-1976.953	357.8257	1.52108	0.8603035
10230	-1624.816	-1982.56	357.7444	1.598356	0.8651487
10236	-1635.11	-1992.818	357.7078	1.67736	0.8125705
10242	-1620.54	-1978.399	357.8584	1.526817	0.8125705
10248	-1615.61	-1973.281	357.6712	1.785109	0.7084778
10254	-1611.609	-1969.428	357.8194	1.473196	0.9220605
10260	-1616.982	-1974.82	357.8373	1.45563	0.921697
10266	-1613.357	-1971.185	357.8286	1.348727	1.039848
10272	-1624.159	-1981.747	357.5875	1.408238	1.203818
10278	-1635.174	-1992.633	357.4598	1.269815	1.419163
10284	-1629.378	-1987.247	357.8688	1.502587	0.8302431
10290	-1621.32	-1979.073	357.753	1.569318	0.888961
10296	-1625.758	-1983.603	357.8451	1.538672	0.814381
10302	-1625.358	-1983.128	357.77	1.529308	0.9147697
10308	-1624.975	-1982.766	357.7916	1.664594	0.7086178
10314	-1631.587	-1989.385	357.7982	1.518654	0.8950926
10320	-1630.598	-1988.423	357.8246	1.512677	0.8715468
10326	-1625.524	-1983.367	357.843	1.58401	0.7547593
10332	-1626.914	-1984.573	357.6593	1.712753	0.8294168
10338	-1616.149	-1973.937	357.7874	1.429204	1.001325
10344	-1614.476	-1972.177	357.7008	1.442042	1.07253
10350	-1628.734	-1986.461	357.7273	1.364461	1.119552
10356	-1617.648	-1975.34	357.692	1.459263	1.064636
10362	-1617.762	-1975.419	357.6569	1.488347	1.0703
10368	-1631.421	-1989.175	357.7537	1.703018	0.7077572
10374	-1616.329	-1974.064	357.7358	1.451049	1.030587
10380	-1622.732	-1980.475	357.743	1.699484	0.731151
10386	-1645.32	-2003.02	357.7001	1.755881	0.7090975
10392	-1629.812	-1987.481	357.6691	1.837795	0.6005852
10398	-1621.006	-1978.765	357.759	1.641593	0.7921929
10404	-1616.486	-1974.198	357.7124	1.648723	0.8430035
10410	-1630.541	-1988.196	357.6551	1.569026	0.993776
10416	-1638.454	-1996.191	357.7368	1.678437	0.7717933
10422	-1630.947	-1988.625	357.6784	1.523668	1.015743
10428	-1630.545	-1988.257	357.7118	1.490231	1.015743
10434	-1626.009	-1983.648	357.6398	1.300459	1.250621
10440	-1627.462	-1985.039	357.577	1.296665	1.305357
10446	-1626.175	-1983.853	357.6778	1.480956	1.057566
10452	-1619.694	-1977.348	357.6533	1.499945	1.062777
10458	-1625.384	-1983.042	357.6576	1.511591	1.047567
10464	-1623.623	-1981.469	357.8463	1.41068	0.9600603
10470	-1619.497	-1977.322	357.8245	1.432507	0.9600603
10476	-1627.129	-1984.826	357.6971	1.401114	1.113663
10482	-1624.512	-1982.191	357.6796	1.196791	1.303149
10488	-1620.484	-1978.342	357.8588	1.258948	1.095847
10494	-1616.105	-1973.89	357.7847	1.235034	1.18322
10500	-1609.167	-1967.105	357.9379	1.416388	0.8512753
10506	-1618.533	-1976.282	357.7481	1.571775	0.8917145
10512	-1621.465	-1979.383	357.9182	1.398645	0.8951778
10518	-1628.463	-1986.165	357.7024	1.542249	0.9728534
10524	-1628.027	-1985.847	357.82	1.631241	0.7169506
10530	-1624.565	-1982.385	357.82	1.631241	0.7169506
10536	-1625.711	-1983.599	357.8877	1.550527	0.7377379
10542	-1623.048	-1980.974	357.9268	1.376092	0.9107984
10548	-1626.294	-1984.015	357.7212	1.684884	0.784594
10554	-1617.136	-1974.838	357.7018	1.752396	0.7121117
10560	-1623.127	-1980.929	357.8021	1.720811	0.5305973
10566	-1619.647	-1977.33	357.6829	1.800158	0.6585806
10572	-1610.756	-1968.559	357.8035	1.679574	0.6585806
10578	-1626.68	-1984.501	357.821	1.642866	0.6953152
10584	-1627.356	-1984.982	357.6257	1.671178	0.9174052
10590	-1629.564	-1987.247	357.682	1.806767	0.6462867
10596	-1636.408	-1994.159	357.7503	1.73558	0.6527423
