Iteration	Posterior	Likelihood	Prior	rate_log_sd	tree_length
0	-1636.869	-1994.631	357.7616	1.656584	0.7676828
6	-1638.02	-1995.859	357.8391	1.549214	0.808464
12	-1635.629	-1993.35	357.7216	1.701734	0.7602306
18	-1638.757	-1996.559	357.8021	1.621182	0.7602306
24	-1634.865	-1992.515	357.6492	1.725503	0.8260506
30	-1631.247	-1989.103	357.8567	1.44105	0.9163997
36	-1621.624	-1979.43	357.8055	1.293354	1.11306
42	-1630.939	-1988.491	357.5515	1.246127	1.36614
48	-1628.316	-1985.622	357.3056	1.267933	1.537127
54	-1627.356	-1984.958	357.6026	1.246257	1.325342
60	-1628.461	-1986.119	357.6582	1.82059	0.6672482
66	-1632.236	-1990.155	357.9196	1.461891	0.8173934
72	-1624.867	-1982.725	357.8585	1.4693	0.8825718
78	-1631.51	-1989.327	357.8174	1.510476	0.8825718
84	-1626.193	-1983.8	357.6068	1.355167	1.23245
90	-1631.804	-1989.586	357.782	1.284975	1.141716
96	-1631.695	-1989.156	357.4606	1.241171	1.440625
102	-1612.991	-1970.554	357.5631	1.353616	1.270127
108	-1611.156	-1968.626	357.4706	1.400558	1.307371
114	-1609.767	-1967.565	357.7985	1.441464	0.9776998
120	-1627.744	-1985.532	357.7878	1.628219	0.7707035
126	-1617.443	-1975.05	357.6064	1.281693	1.293659
132	-1619.776	-1977.3	357.5242	1.328091	1.322576
138	-1622.087	-1979.899	357.8117	1.363547	1.041826
144	-1629.955	-1987.72	357.7656	1.619404	0.8128254
150	-1623.141	-1980.973	357.8321	1.517023	0.857528
156	-1628.067	-1985.816	357.7496	1.494661	0.9732829
162	-1614.91	-1972.827	357.9171	1.509037	0.756054
168	-1606.698	-1964.396	357.6976	1.562616	0.956691
174	-1624.938	-1982.89	357.9528	1.477664	0.7496807
180	-1625.067	-1982.89	357.8228	1.490507	0.8991021
186	-1634.623	-1992.421	357.7984	1.556725	0.850269
192	-1624.704	-1982.426	357.7224	1.545756	0.9483464
198	-1619.989	-1977.867	357.8783	1.460329	0.8700215
204	-1641	-1998.686	357.686	1.46075	1.068894
210	-1649.639	-2007.275	357.6358	1.4531	1.122066
216	-1620.408	-1977.981	357.5731	1.385269	1.235538
222	-1624.552	-1982.302	357.7502	1.293608	1.162198
228	-1623.315	-1981.039	357.7238	1.57249	0.9180579
234	-1627.783	-1985.573	357.7899	1.276762	1.141982
240	-1642.216	-1999.907	357.6909	1.215349	1.278758
246	-1632.798	-1990.428	357.63	1.595754	0.9920974
252	-1628.063	-1985.733	357.6702	1.851157	0.5424537
258	-1634.649	-1992.426	357.7772	1.693598	0.6827023
264	-1640.606	-1998.491	357.8855	1.339958	0.9923818
270	-1640.9	-1998.718	357.817	1.290465	1.105227
276	-1634.27	-1992.093	357.8229	1.561739	0.8133046
282	-1632.131	-1989.93	357.7984	1.656135	0.711416
288	-1649.947	-2007.706	357.7592	1.717624	0.6711988
294	-1640.016	-1997.83	357.8149	1.612822	0.7537718
300	-1630.73	-1988.524	357.7934	1.518174	0.9010378
306	-1635.866	-1993.409	357.5428	1.764999	0.9053388
312	-1627.764	-1985.258	357.4934	2.014669	0.5968404
318	-1633.641	-1991.323	357.6819	1.743576	0.7570549
324	-1630.684	-1988.362	357.6778	1.554371	0.9855945
330	-1641.509	-1999.158	357.6489	1.551769	1.017129
336	-1627.312	-1985.051	357.7392	1.532577	0.9445425
342	-1623.567	-1981.353	357.7861	1.611829	0.7957343
348	-1621.06	-1978.878	357.8182	1.67421	0.6382282
354	-1615.033	-1972.822	357.7895	1.684902	0.6759133
360	-1611.239	-1968.972	357.7323	1.742113	0.6759133
366	-1613.459	-1971.235	357.7756	1.656257	0.7475789
372	-1609.353	-1967.168	357.815	1.515168	0.8798448
378	-1614.138	-1971.866	357.7281	1.450693	1.038417
384	-1635.932	-1993.345	357.4129	1.441918	1.320585
390	-1636.644	-1994.329	357.6846	1.449058	1.081134
396	-1623.351	-1981.179	357.8279	1.529443	0.8475631
402	-1621.537	-1979.178	357.641	1.599907	0.9766681
408	-1618.095	-1975.828	357.7325	1.577424	0.9029136
414	-1629.204	-1987.021	357.8174	1.492551	0.9029136
420	-1629.394	-1987.11	357.7163	1.547331	0.9531305
426	-1636.527	-1994.346	357.8191	1.543765	0.8408923
432	-1633.024	-1990.81	357.7861	1.576732	0.8408923
438	-1625.024	-1982.789	357.7641	1.661701	0.7565547
444	-1628.168	-1985.936	357.7685	1.664808	0.7453186
450	-1626.133	-1983.78	357.6465	1.541757	1.029234
456	-1642.814	-2000.512	357.698	1.594627	0.9220604
462	-1642.426	-2000.127	357.7005	1.522106	0.9952933
468	-1642.85	-2000.528	357.6777	1.407377	1.125527
474	-1644.56	-2002.073	357.5133	1.592824	1.106445
480	-1630.781	-1988.554	357.7729	1.579855	0.8531966
486	-1617.507	-1975.244	357.737	1.612766	0.8567932
492	-1616.33	-1974.074	357.7439	1.63538	0.8201624
498	-1614.294	-1971.781	357.4876	2.034838	0.5351527
504	-1622.054	-1979.676	357.6226	1.746367	0.8332143
510	-1627.464	-1985.004	357.5399	1.698778	0.9789858
516	-1615.506	-1973.21	357.7041	1.507232	1.006513
522	-1632.409	-1990.049	357.6401	1.635322	0.9405991
528	-1629.497	-1987.218	357.7217	1.646047	0.8347605
534	-1636.033	-1993.828	357.795	1.455125	0.9671889
540	-1626.855	-1984.718	357.8633	1.580456	0.7290707
546	-1626.818	-1984.621	357.8025	1.664748	0.6892026
552	-1623.495	-1981.197	357.7027	1.521438	0.9937426
558	-1627.909	-1985.677	357.7688	1.469593	0.9792856
564	-1637.565	-1995.28	357.7149	1.662977	0.821992
570	-1624.709	-1982.402	357.6931	1.585375	0.9374036
576	-1624.097	-1981.808	357.7112	1.559726	0.9453792
582	-1628.609	-1986.395	357.7859	1.624834	0.7782433
588	-1622.318	-1980.075	357.7569	1.601997	0.8457202
594	-1622.329	-1980.007	357.6781	1.621057	0.9149518
600	-1619.473	-1977.262	357.789	1.311021	1.112049
606	-1632.772	-1990.615	357.8429	1.390138	0.9847693
612	-1629.819	-1987.362	357.543	1.45473	1.202138
618	-1632.368	-1990.01	357.6427	1.402974	1.160544
624	-1632.258	-1990.178	357.9198	1.43709	0.8482232
630	-1630.914	-1988.625	357.7108	1.509156	0.9979593
636	-1629.704	-1987.48	357.7763	1.578024	0.8512781
642	-1625.378	-1982.996	357.6177	1.51615	1.080933
648	-1619.323	-1977.084	357.7617	1.322711	1.126132
654	-1626.622	-1984.084	357.4617	1.43645	1.285401
660	-1624.751	-1982.36	357.609	1.291372	1.283616
666	-1625.723	-1982.941	357.2177	1.232018	1.62768
672	-1624.449	-1981.592	357.1429	1.387895	1.568652
678	-1618.657	-1976.331	357.6749	1.303642	1.21846
684	-1619.944	-1977.505	357.5613	1.396683	1.235817
690	-1621.14	-1978.873	357.7331	1.42888	1.054523
696	-1626.86	-1984.606	357.7456	1.281429	1.176901
702	-1622.352	-1980.038	357.6859	1.308799	1.20476
708	-1632.213	-1989.725	357.5121	1.467362	1.217741
714	-1626.688	-1984.432	357.7435	1.556786	0.913613
720	-1622.988	-1980.641	357.6538	1.612323	0.9504971
726	-1628.876	-1986.542	357.6661	1.679396	0.8618479
732	-1624.264	-1982.211	357.9466	1.346909	0.9211254
738	-1614.587	-1972.413	357.8263	1.508105	0.8749122
744	-1627.579	-1985.362	357.7827	1.425773	1.009368
750	-1635.435	-1993.343	357.9075	1.278358	1.031545
756	-1628.427	-1986.122	357.6941	1.424147	1.095363
762	-1641.183	-1999.036	357.8532	1.399396	0.9647055
768	-1619.9	-1977.527	357.6264	1.345421	1.224188
774	-1623.896	-1981.619	357.7225	1.38071	1.109119
780	-1627.148	-1984.978	357.8308	1.585288	0.770657
786	-1632.606	-1990.552	357.9456	1.279792	0.9924341
792	-1617.845	-1975.487	357.6416	1.503887	1.070042
798	-1623.936	-1981.678	357.742	1.661707	0.7878533
804	-1615.488	-1973.232	357.744	1.651707	0.7987401
810	-1619.333	-1977.104	357.7702	1.667828	0.7381162
816	-1629.704	-1987.25	357.5456	1.56205	1.105121
822	-1632.48	-1990.172	357.6915	1.833078	0.4913095
828	-1633.357	-1991.096	357.7393	1.758508	0.6252254
834	-1629.774	-1987.451	357.6771	1.794216	0.6817342
840	-1650.367	-2008.084	357.7166	1.67201	0.8081157
846	-1634.025	-1991.735	357.7097	1.58018	0.9250481
852	-1621.963	-1979.779	357.816	1.473849	0.9250481
858	-1631.63	-1989.415	357.7847	1.475898	0.9562831
864	-1642.624	-2000.256	357.6323	1.437205	1.139449
870	-1633.773	-1991.472	357.699	1.418284	1.096301
876	-1638.775	-1996.255	357.48	1.304144	1.376747
882	-1631.283	-1988.94	357.6561	1.289882	1.24588
888	-1632.068	-1989.813	357.7448	1.389222	1.080809
894	-1627.599	-1985.344	357.7452	1.575663	0.8906268
900	-1633.754	-1991.502	357.7484	1.577451	0.8848207
906	-1628.624	-1986.344	357.7196	1.404894	1.089657
912	-1623.242	-1980.743	357.5008	1.623619	1.089657
918	-1632.551	-1990.247	357.6966	1.571234	0.9487521
924	-1632.377	-1989.86	357.483	1.380405	1.313627
930	-1630.182	-1987.974	357.7918	1.503665	0.9189107
936	-1646.675	-2004.315	357.6401	1.503221	1.072121
942	-1624.023	-1981.905	357.8812	1.438709	0.8916064
948	-1623.951	-1981.649	357.6982	1.415137	1.099907
954	-1627.126	-1984.827	357.7012	1.579591	0.9349044
960	-1626.721	-1984.474	357.753	1.677046	0.7503176
966	-1624.914	-1982.675	357.7605	1.626644	0.8100031
972	-1624.863	-1982.636	357.773	1.551572	0.8863723
978	-1621.625	-1979.397	357.7726	1.551911	0.8863723
984	-1616.109	-1973.816	357.7077	1.554906	0.9542484
990	-1622.484	-1980.422	357.9385	1.395925	0.8749675
996	-1621.301	-1978.938	357.6371	1.791481	0.7524201
1002	-1621.519	-1979.224	357.7047	1.703477	0.7817271
1008	-1623.384	-1981.158	357.7744	1.699412	0.6770232
1014	-1627.605	-1985.348	357.7431	1.699412	0.7310085
1020	-1629.74	-1987.395	357.6542	1.861009	0.5721269
1026	-1629.158	-1986.844	357.6857	1.804532	0.6431492
1032	-1617.939	-1975.562	357.6231	1.840191	0.6964438
1038	-1624.43	-1982.195	357.765	1.746217	0.5867291
1044	-1606.269	-1964.102	357.8332	1.603679	0.7398779
1050	-1623.979	-1981.826	357.847	1.654406	0.6160283
1056	-1609.964	-1967.754	357.7901	1.601642	0.8040636
1062	-1614.613	-1972.404	357.7913	1.626626	0.7679836
1068	-1628.153	-1985.896	357.7425	1.659338	0.7905141
1074	-1630.697	-1988.439	357.7421	1.704022	0.7253369
1080	-1628.281	-1986.189	357.9073	1.518303	0.7567892
1086	-1624.617	-1982.31	357.6937	1.740423	0.7441577
1092	-1641.024	-1998.841	357.8166	1.611096	0.7537562
1098	-1634.286	-1992.013	357.7266	1.457887	1.032893
1104	-1645.328	-2003.274	357.946	1.457887	0.7877223
1110	-1625.579	-1983.297	357.7179	1.579392	0.9169178
1116	-1613.859	-1971.663	357.8049	1.505213	0.9027774
1122	-1611.17	-1968.901	357.73	1.57818	0.9048395
1128	-1624.264	-1981.884	357.6198	1.813212	0.7457514
1134	-1621.793	-1979.469	357.6764	1.804741	0.6625151
1140	-1615.016	-1972.687	357.6708	1.813374	0.6563634
1146	-1612.099	-1969.85	357.7511	1.70823	0.7032577
1152	-1609.747	-1967.451	357.704	1.708	0.776418
1158	-1626.178	-1983.873	357.6951	1.698556	0.8015312
1164	-1619.761	-1977.51	357.7491	1.698556	0.7227615
1170	-1626.336	-1983.957	357.6204	1.844018	0.6942731
1176	-1631.85	-1989.585	357.7354	1.758046	0.6358509
1182	-1635.827	-1993.52	357.693	1.758195	0.7170719
1188	-1624.547	-1982.225	357.6781	1.814619	0.6374785
1194	-1621.291	-1978.927	357.6353	1.889468	0.4993136
1200	-1612.948	-1970.551	357.603	1.897241	0.6191098
1206	-1625.291	-1982.893	357.6021	1.879252	0.6620836
1212	-1622.597	-1980.413	357.8155	1.680411	0.6298548
1218	-1615.023	-1972.827	357.8043	1.675298	0.6657068
1224	-1614.132	-1971.842	357.7099	1.732698	0.7309602
1230	-1633.444	-1991.137	357.6929	1.80314	0.6296025
1236	-1635.955	-1993.69	357.7352	1.704767	0.7351516
1242	-1621.879	-1979.599	357.7205	1.340678	1.146885
1248	-1628.789	-1986.561	357.7722	1.55547	0.8827357
1254	-1623.935	-1981.64	357.705	1.622674	0.8827357
1260	-1624.554	-1982.249	357.6955	1.76209	0.7063641
1266	-1619.51	-1977.255	357.7453	1.740527	0.6528825
1272	-1608.142	-1965.715	357.5729	1.947533	0.4550168
1278	-1612.328	-1970.081	357.7538	1.721035	0.6751301
1284	-1622.035	-1979.683	357.6477	1.683592	0.8786156
1290	-1624.123	-1981.9	357.7762	1.663226	0.7358884
1296	-1623.122	-1980.981	357.8589	1.609477	0.6872736
1302	-1612.328	-1970.113	357.7849	1.628935	0.7737628
1308	-1615.178	-1973.076	357.8986	1.378935	0.9384175
1314	-1621.232	-1978.79	357.5583	1.451377	1.191898
1320	-1634.013	-1991.569	357.5556	1.305314	1.315693
1326	-1615.406	-1973	357.5943	1.606838	1.016651
1332	-1623.357	-1981.069	357.7122	1.526242	0.9792508
1338	-1633.465	-1991.138	357.6728	1.613319	0.9291905
1344	-1635.557	-1993.304	357.7471	1.670724	0.7681103
1350	-1641.198	-1998.844	357.6467	1.533659	1.036876
1356	-1631.825	-1989.579	357.7548	1.555496	0.9025103
1362	-1624.828	-1982.671	357.8426	1.483721	0.8842823
1368	-1629.253	-1987.079	357.8257	1.57088	0.7975933
1374	-1621.333	-1979.178	357.8452	1.609819	0.7106273
1380	-1611.301	-1969.043	357.7413	1.679745	0.7635334
1386	-1605.309	-1962.968	357.6587	1.827446	0.6520222
1392	-1622.775	-1980.44	357.6653	1.815579	0.6630299
1398	-1608.418	-1966.067	357.6495	1.830143	0.6656621
1404	-1604.608	-1962.26	357.6526	1.857781	0.5897642
1410	-1611.881	-1969.616	357.7346	1.752621	0.6498782
1416	-1618.782	-1976.437	357.6547	1.851934	0.6014382
1422	-1615.197	-1972.99	357.7933	1.581138	0.8263452
1428	-1622.671	-1980.37	357.6992	1.631408	0.8793485
1434	-1627.44	-1985.115	357.6747	1.613424	0.9269514
1440	-1627.963	-1985.7	357.7373	1.551173	0.9266316
1446	-1631.978	-1989.73	357.7519	1.567748	0.8919807
1452	-1624.144	-1981.92	357.7761	1.602674	0.820863
1458	-1628.145	-1985.794	357.6495	1.804582	0.7123062
1464	-1635.836	-1993.435	357.5987	1.587527	1.031221
1470	-1617.659	-1975.143	357.4837	1.423506	1.277981
1476	-1609.607	-1967.211	357.6041	1.544522	1.067129
1482	-1610.781	-1968.359	357.5782	1.479948	1.149608
1488	-1615.393	-1973.218	357.8257	1.434296	0.9569177
1494	-1613.116	-1970.714	357.5988	1.455501	1.153009
1500	-1630.16	-1987.998	357.8385	1.351234	1.027762
1506	-1621.438	-1979.146	357.7084	1.578686	0.9281359
1512	-1623.091	-1980.825	357.7343	1.561775	0.918286
1518	-1643.564	-2001.424	357.8598	1.452482	0.9002964
1524	-1626.958	-1984.665	357.707	1.505326	1.005559
1530	-1616.092	-1973.973	357.8816	1.559564	0.7332658
1536	-1617.722	-1975.432	357.7101	1.603174	0.8991393
1542	-1623.559	-1981.317	357.7583	1.509242	0.9489781
1548	-1619.093	-1976.799	357.7052	1.511583	1.001104
1554	-1623.375	-1981.199	357.8238	1.536763	0.8436807
1560	-1626.789	-1984.483	357.6943	1.592059	0.9289385
1566	-1619.127	-1976.999	357.8717	1.523274	0.7997506
1572	-1629.17	-1986.944	357.7735	1.6214	0.7997506
1578	-1625.808	-1983.592	357.7839	1.525934	0.9029905
1584	-1622.683	-1980.509	357.8263	1.361889	1.029314
1590	-1640.565	-1998.332	357.7672	1.625242	0.8030146
1596	-1633.694	-1991.544	357.8502	1.507714	0.8469012
1602	-1635.381	-1993.249	357.8682	1.50229	0.8313748
1608	-1641.796	-1999.429	357.6327	1.555549	1.029235
1614	-1636.755	-1994.46	357.7054	1.54238	0.9696415
1620	-1628.124	-1985.75	357.626	1.590534	1.001342
1626	-1609.248	-1967.016	357.7683	1.450239	0.9993972
1632	-1619.703	-1977.497	357.7931	1.496905	0.9248923
1638	-1623.103	-1980.932	357.8297	1.477099	0.9064054
1644	-1617.365	-1975.201	357.836	1.558307	0.8006489
1650	-1629.264	-1987.008	357.7438	1.677725	0.7628922
1656	-1633.343	-1991.024	357.6811	1.524219	1.012536
1662	-1629.912	-1987.731	357.8197	1.501311	0.8903581
1668	-1632.75	-1990.573	357.8229	1.616762	0.7356279
1674	-1624.589	-1982.277	357.6873	1.796605	0.6568367
1680	-1629.671	-1987.373	357.7012	1.781882	0.6584647
1686	-1622.751	-1980.355	357.6044	1.802942	0.7828813
1692	-1625.926	-1983.772	357.8456	1.586169	0.7477146
1698	-1613.162	-1970.762	357.6004	1.831355	0.7477146
1704	-1620.778	-1978.444	357.6657	1.837536	0.6111349
1710	-1622.517	-1980.259	357.742	1.68725	0.7514885
1716	-1626.083	-1983.582	357.4992	1.518518	1.184961
1722	-1634.533	-1992.166	357.633	1.545962	1.03819
1728	-1632.017	-1989.819	357.8025	1.481485	0.9314462
1734	-1631.948	-1989.529	357.5813	1.853933	0.7423832
1740	-1623.248	-1980.813	357.5657	1.820066	0.8118787
1746	-1627.01	-1984.652	357.6426	1.873801	0.5673688
1752	-1628.937	-1986.71	357.7731	1.712518	0.6532513
1758	-1623.272	-1981.119	357.8467	1.644888	0.6399611
1764	-1609.035	-1966.764	357.7294	1.659995	0.8071536
1770	-1623.554	-1981.23	357.6766	1.532996	1.008244
1776	-1635.916	-1993.699	357.7827	1.286317	1.139963
1782	-1641.746	-1999.308	357.5612	1.457325	1.184271
1788	-1625.4	-1982.967	357.5676	1.462247	1.174388
1794	-1628.363	-1986.113	357.75	1.435609	1.031824
1800	-1630.362	-1988.09	357.7281	1.574584	0.9109827
1806	-1632.456	-1990.19	357.7339	1.617617	0.854731
1812	-1635.642	-1993.404	357.7621	1.598627	0.8434693
1818	-1644.08	-2001.595	357.5145	1.856383	0.8309051
1824	-1654.671	-2012.321	357.6499	1.848244	0.6244001
1830	-1640.948	-1998.676	357.728	1.754828	0.6590922
1836	-1640.061	-1997.705	357.6432	1.575375	0.9993027
1842	-1636.031	-1993.722	357.691	1.671191	0.8416579
1848	-1615.614	-1973.344	357.7303	1.700048	0.7498448
1854	-1633.163	-1990.905	357.7418	1.573824	0.8965429
1860	-1650.524	-2008.195	357.6708	1.410018	1.129359
1866	-1646.995	-2004.631	357.6359	1.582154	0.9998705
1872	-1616.074	-1973.781	357.7072	1.545084	0.9649989
1878	-1622.202	-1979.967	357.7652	1.449289	1.003441
1884	-1629.939	-1987.536	357.5975	1.488191	1.124954
1890	-1642.19	-1999.808	357.6181	1.799553	0.7684069
1896	-1645.983	-2003.731	357.7473	1.703653	0.7174158
1902	-1624.804	-1982.497	357.6924	1.519228	1.006227
1908	-1623.11	-1980.808	357.6985	1.347366	1.160405
1914	-1634.98	-1992.657	357.6768	1.391343	1.140694
1920	-1628.854	-1986.498	357.6437	1.380146	1.179602
1926	-1631.412	-1989.092	357.68	1.520314	1.017404
1932	-1620.628	-1978.424	357.7956	1.510875	0.9067907
1938	-1624.542	-1982.169	357.6275	1.331651	1.234833
1944	-1636.1	-1993.844	357.7443	1.302309	1.159762
1950	-1624.14	-1981.89	357.7498	1.512328	0.9547175
1956	-1623.992	-1981.467	357.475	1.444698	1.267704
1962	-1620.146	-1977.922	357.7762	1.584362	0.8436422
1968	-1630.954	-1988.596	357.6426	1.551704	1.023367
1974	-1642.802	-2000.648	357.8457	1.415224	0.9560113
1980	-1629.197	-1986.973	357.7763	1.570957	0.8597897
1986	-1633.252	-1991.099	357.8474	1.499863	0.8597897
1992	-1631.643	-1989.301	357.658	1.465444	1.090548
1998	-1623.446	-1981.255	357.8085	1.471639	0.93563
2004	-1631.967	-1989.797	357.8305	1.501107	0.8782707
2010	-1648.185	-2005.93	357.7456	1.770501	0.568646
2016	-1640.038	-1997.749	357.7106	1.80483	0.5714136
2022	-1631.8	-1989.499	357.6989	1.647127	0.8612403
2028	-1630.171	-1988.099	357.9281	1.417711	0.861533
2034	-1638.388	-1995.809	357.4213	1.506244	1.261183
2040	-1632.688	-1990.308	357.6199	1.493004	1.100319
2046	-1629.721	-1987.548	357.8269	1.532478	0.8451178
2052	-1625.71	-1983.336	357.6263	1.772431	0.794715
2058	-1625.61	-1983.234	357.6242	1.795084	0.7660877
2064	-1634.864	-1992.584	357.7199	1.69297	0.7752458
2070	-1619.086	-1976.871	357.7845	1.60022	0.8131626
2076	-1614.811	-1972.283	357.4715	1.774114	0.971894
2082	-1618.077	-1975.927	357.8499	1.589133	0.7365213
2088	-1622.861	-1980.541	357.6804	1.718672	0.7941919
2094	-1613.36	-1971.189	357.829	1.485758	0.8974554
2100	-1613.579	-1971.297	357.718	1.554197	0.9441103
2106	-1623.084	-1980.874	357.7893	1.379833	1.047636
2112	-1623.653	-1981.527	357.8745	1.552968	0.7541674
2118	-1624.744	-1982.285	357.5418	1.508614	1.156381
2124	-1630.43	-1988.028	357.5977	1.761671	0.8451621
2130	-1625.417	-1983.101	357.6834	1.627255	0.9021071
2136	-1633.452	-1991.222	357.7703	1.698162	0.6870179
2142	-1635.245	-1992.913	357.668	1.833824	0.6148429
2148	-1631.624	-1989.146	357.522	1.993433	0.5712724
2154	-1632.488	-1990.155	357.6666	1.403834	1.138657
2160	-1627.827	-1985.551	357.7242	1.372777	1.114842
2166	-1626.923	-1984.612	357.6884	1.800592	0.6459436
2172	-1624.594	-1982.284	357.6893	1.77274	0.6986363
2178	-1607.761	-1965.564	357.8027	1.693333	0.6295934
2184	-1620.008	-1977.671	357.663	1.769748	0.7462429
2190	-1615.352	-1973.004	357.6515	1.742305	0.8012085
2196	-1620.515	-1978.256	357.741	1.762157	0.6112834
2202	-1627.733	-1985.435	357.7025	1.479204	1.035537
2208	-1622.649	-1980.243	357.5937	1.246666	1.332194
2214	-1619.288	-1976.949	357.661	1.458336	1.094333
2220	-1619.218	-1976.853	357.6359	1.389263	1.178514
2226	-1616.165	-1973.951	357.7858	1.403006	1.0287
2232	-1625.742	-1983.437	357.6945	1.72906	0.7598584
2238	-1624.522	-1982.268	357.7464	1.644183	0.8055951
2244	-1620.729	-1978.458	357.7284	1.590104	0.8932131
2250	-1630.503	-1988.136	357.6335	1.662552	0.9183695
2256	-1639.449	-1997.115	357.6661	1.814856	0.6628665
2262	-1627.452	-1985.065	357.6126	1.742016	0.850945
2268	-1609.072	-1966.81	357.7378	1.395127	1.081809
2274	-1613.919	-1971.331	357.4118	1.619568	1.173099
2280	-1625.854	-1983.492	357.6378	1.810377	0.7220341
2286	-1641.367	-1999.165	357.7978	1.604949	0.7892426
2292	-1620.132	-1977.841	357.7086	1.604949	0.8988973
2298	-1626.306	-1983.895	357.5884	1.725147	0.8988973
2304	-1640.392	-1998.179	357.7872	1.659266	0.7247975
2310	-1626.039	-1983.77	357.7307	1.702806	0.7450688
2316	-1630.291	-1987.957	357.6666	1.785275	0.7158884
2322	-1633.562	-1991.32	357.7581	1.528915	0.9281339
2328	-1629.864	-1987.651	357.7867	1.433459	0.9977085
2334	-1624.117	-1981.935	357.8181	1.519068	0.8717658
2340	-1624.16	-1981.754	357.594	1.523968	1.095601
2346	-1616.894	-1974.597	357.703	1.392703	1.11597
2352	-1600.903	-1958.538	357.6349	1.564373	1.018497
2358	-1617.093	-1974.989	357.8961	1.488435	0.8134715
2364	-1625.963	-1983.752	357.7894	1.604599	0.8010053
2370	-1612.742	-1970.558	357.8166	1.469773	0.9288799
2376	-1621.734	-1979.17	357.4356	1.357933	1.369343
2382	-1628.567	-1986.249	357.6823	1.376049	1.14941
2388	-1649.146	-2006.964	357.8179	1.531424	0.8572912
2394	-1630.784	-1988.471	357.6876	1.549208	0.9809481
2400	-1633.232	-1991.093	357.8608	1.62302	0.6570501
2406	-1635.877	-1993.647	357.7704	1.604177	0.8262603
2412	-1639.471	-1997.137	357.6657	1.532403	1.019644
2418	-1648.342	-2006.076	357.7337	1.409879	1.071872
2424	-1644.962	-2002.708	357.7459	1.5702	0.8960106
2430	-1622.957	-1980.55	357.5937	1.698216	0.9228137
2436	-1632.609	-1990.278	357.6695	1.76389	0.7451631
2442	-1647.849	-2005.613	357.7635	1.405475	1.047791
2448	-1633.862	-1991.659	357.7967	1.562634	0.8451824
2454	-1640.726	-1998.282	357.556	1.59859	1.06146
2460	-1623.664	-1981.443	357.779	1.56628	0.8621678
2466	-1632.205	-1989.966	357.7616	1.565884	0.8829629
2472	-1640.294	-1998.111	357.817	1.510493	0.8829629
2478	-1635.945	-1993.65	357.7049	1.782596	0.6491717
2484	-1623.162	-1980.969	357.8072	1.706611	0.5778387
2490	-1623.187	-1980.965	357.7777	1.582923	0.8436364
2496	-1628.282	-1986.044	357.7618	1.598813	0.8436364
2502	-1626.492	-1984.23	357.7381	1.619668	0.8470774
2508	-1625.132	-1982.877	357.7442	1.708408	0.7147643
2514	-1646.032	-2003.758	357.7261	1.647314	0.8277265
2520	-1629.572	-1987.341	357.7683	1.593722	0.841843
2526	-1631.487	-1989.343	357.8565	1.569609	0.7560901
2532	-1643.259	-2001.138	357.8786	1.506417	0.8128072
2538	-1645.49	-2003.406	357.9158	1.45847	0.8266059
2544	-1638.194	-1996.033	357.8387	1.393651	0.9854668
2550	-1626.434	-1984.307	357.8729	1.518461	0.804457
2556	-1618.258	-1975.873	357.6152	1.872993	0.6476165
2562	-1621.87	-1979.602	357.7326	1.786023	0.5572304
2568	-1623.474	-1981.111	357.637	1.659011	0.9183579
2574	-1630.503	-1988.237	357.7343	1.476195	1.007365
2580	-1625.152	-1982.97	357.8186	1.552264	0.8308317
2586	-1620.299	-1978.148	357.8488	1.473862	0.8885431
2592	-1622.131	-1979.913	357.7824	1.519636	0.9116743
2598	-1611.242	-1969.056	357.8142	1.529864	0.8635693
2604	-1619.055	-1976.718	357.6633	1.485989	1.06652
2610	-1605.44	-1963.265	357.8247	1.49685	0.8898374
2616	-1614.939	-1972.711	357.7719	1.549626	0.8898374
2622	-1623.021	-1980.495	357.4742	1.361007	1.336272
2628	-1629.635	-1987.051	357.4163	1.18199	1.518714
2634	-1642.11	-1999.465	357.3544	1.163227	1.578321
2640	-1629.059	-1986.593	357.5332	1.234817	1.389349
2646	-1624.883	-1982.699	357.8165	1.274284	1.120371
2652	-1642.375	-1999.947	357.5725	1.458667	1.173271
2658	-1629.949	-1987.723	357.7743	1.444898	0.998679
2664	-1619.89	-1977.697	357.8073	1.537874	0.8622476
2670	-1618.505	-1976.199	357.6935	1.472115	1.051021
2676	-1615.759	-1973.397	357.6379	1.511043	1.066831
2682	-1599.65	-1957.334	357.6838	1.411287	1.116516
2688	-1618.483	-1976.388	357.9051	1.352492	0.9594364
2694	-1619.49	-1977.215	357.725	1.603731	0.8815961
2700	-1616.496	-1974.35	357.8545	1.603731	0.7051088
2706	-1610.526	-1968.315	357.7892	1.593704	0.815592
2712	-1607.262	-1964.966	357.7034	1.677647	0.8179129
2718	-1619.998	-1977.883	357.8846	1.537841	0.7614811
2724	-1623.321	-1981.049	357.7287	1.54991	0.9372152
2730	-1621.708	-1979.39	357.6818	1.325352	1.194022
2736	-1627.985	-1985.388	357.4029	1.293125	1.445012
2742	-1636.276	-1993.965	357.6897	1.362298	1.154975
2748	-1636.702	-1994.5	357.7979	1.380925	1.038381
2754	-1640.33	-1997.979	357.6488	1.565264	1.00387
2760	-1638.342	-1995.972	357.6298	1.44076	1.138517
2766	-1624.938	-1982.702	357.7637	1.466255	0.9878968
2772	-1632.503	-1990.199	357.6956	1.569362	0.9517207
2778	-1632.642	-1990.306	357.664	1.675832	0.8686334
2784	-1626.583	-1984.293	357.7094	1.662499	0.8295388
2790	-1631.845	-1989.693	357.8482	1.607548	0.7094016
2796	-1638.23	-1995.996	357.766	1.72402	0.6435895
2802	-1647.25	-2004.879	357.6295	1.578783	1.009585
2808	-1635.429	-1993.239	357.8098	1.512329	0.8890788
2814	-1634.974	-1992.837	357.8629	1.531048	0.8011418
2820	-1639.01	-1996.784	357.7734	1.32392	1.11445
2826	-1625.135	-1982.752	357.6169	1.353679	1.225215
2832	-1627.076	-1984.74	357.6647	1.275384	1.250803
2838	-1623.959	-1981.759	357.8001	1.4328	0.9849181
2844	-1625.668	-1983.386	357.7188	1.490116	1.008942
2850	-1630.952	-1988.629	357.6777	1.344617	1.18095
2856	-1616.637	-1974.141	357.5033	1.470878	1.222192
2862	-1617.461	-1975.187	357.7262	1.55137	0.9383662
2868	-1614.008	-1971.755	357.7476	1.530001	0.9383662
2874	-1607.42	-1965.055	357.6354	1.751617	0.8101874
2880	-1609.477	-1967.214	357.7378	1.728378	0.6912501
2886	-1614.356	-1971.995	357.6393	1.574163	1.004406
2892	-1623.306	-1981.155	357.8483	1.432134	0.9352771
2898	-1624.651	-1982.352	357.7008	1.771241	0.6804514
2904	-1639.472	-1997.162	357.6892	1.828964	0.5595888
2910	-1622.953	-1980.646	357.6924	1.798705	0.6411356
2916	-1631.406	-1989.195	357.7884	1.534919	0.8877925
2922	-1639.711	-1997.449	357.7371	1.597895	0.8742136
2928	-1631.671	-1989.447	357.7764	1.660853	0.7392927
2934	-1628.439	-1986.251	357.812	1.655653	0.6885224
2940	-1637.168	-1994.895	357.7276	1.299374	1.176923
2946	-1629.937	-1987.916	357.979	1.299374	0.9375258
2952	-1637.666	-1995.528	357.8624	1.519367	0.81702
2958	-1640.401	-1997.982	357.581	1.571843	1.06318
2964	-1636.3	-1994.108	357.8073	1.495688	0.9106201
2970	-1630.39	-1988.12	357.7305	1.47903	1.008306
2976	-1626.854	-1984.489	357.6345	1.506569	1.074172
2982	-1626.528	-1984.299	357.7705	1.370642	1.074172
2988	-1618.699	-1976.557	357.8579	1.611823	0.6847372
2994	-1621.261	-1979.044	357.7824	1.51025	0.9220766
3000	-1635.257	-1993.048	357.7913	1.653274	0.7278698
3006	-1640.279	-1997.866	357.587	1.933708	0.5461271
3012	-1625.458	-1983.113	357.6556	1.831955	0.6489638
3018	-1632.481	-1990.213	357.7315	1.716702	0.7219871
3024	-1631.936	-1989.663	357.727	1.743346	0.6836022
3030	-1639.006	-1996.727	357.7204	1.741863	0.6981672
3036	-1623.034	-1980.825	357.7914	1.653034	0.7280646
3042	-1626.686	-1984.544	357.8582	1.585151	0.729762
3048	-1620.237	-1977.974	357.7363	1.779172	0.5712023
3054	-1624.839	-1982.466	357.6267	1.896679	0.4743326
3060	-1617.239	-1974.91	357.671	1.766543	0.7388957
3066	-1618.134	-1975.995	357.8609	1.617144	0.6686831
3072	-1623.353	-1981.21	357.8579	1.434267	0.9225578
3078	-1630.682	-1988.363	357.6817	1.418226	1.112111
3084	-1629.904	-1987.669	357.7652	1.418226	1.03394
3090	-1635.693	-1993.333	357.6402	1.570164	1.007527
3096	-1625.957	-1983.603	357.6461	1.691169	0.8715974
3102	-1616.973	-1974.595	357.6219	1.793318	0.7719143
3108	-1602.286	-1959.925	357.6385	1.816906	0.7100174
3114	-1608.605	-1966.341	357.7355	1.729579	0.6931528
3120	-1621.976	-1979.625	357.6488	1.850687	0.6209411
3126	-1625.802	-1983.41	357.6084	1.740922	0.8573208
3132	-1626.038	-1983.873	357.8349	1.527487	0.8414405
3138	-1630.997	-1988.674	357.6769	1.721706	0.7948792
3144	-1650.032	-2007.695	357.663	1.743103	0.784636
3150	-1635.877	-1993.612	357.7349	1.682608	0.7686223
3156	-1638.569	-1996.38	357.8109	1.659573	0.683302
3162	-1640.313	-1998.207	357.8937	1.554343	0.7222659
3168	-1629.087	-1986.848	357.7608	1.506293	0.9494767
3174	-1629.01	-1986.621	357.6112	1.661922	0.9431182
3180	-1621.252	-1978.936	357.6846	1.470254	1.061228
3186	-1631.094	-1988.776	357.6821	1.460565	1.072692
3192	-1633.869	-1991.55	357.6808	1.623011	0.9097536
3198	-1621.757	-1979.618	357.861	1.350221	1.006618
3204	-1621.326	-1979.081	357.7542	1.675115	0.7513928
3210	-1622.774	-1980.475	357.7006	1.609411	0.9028272
3216	-1633.857	-1991.645	357.7877	1.567088	0.8506909
3222	-1619.021	-1976.786	357.7656	1.501104	0.9498757
3228	-1623.811	-1981.551	357.7396	1.302606	1.163607
3234	-1632.492	-1990.3	357.8073	1.452458	0.9571906
3240	-1662.186	-2019.689	357.5024	1.390134	1.290004
3246	-1638.07	-1995.717	357.6466	1.390134	1.168388
3252	-1617.652	-1975.472	357.8202	1.39447	1.003237
3258	-1628.572	-1986.363	357.7917	1.289476	1.12909
3264	-1641.615	-1999.436	357.8204	1.64837	0.686437
3270	-1621.924	-1979.698	357.7732	1.38727	1.05593
3276	-1622.375	-1979.971	357.5959	1.478335	1.135238
3282	-1626.81	-1984.201	357.3913	1.582071	1.222875
3288	-1632.795	-1990.621	357.8267	1.493038	0.8918513
3294	-1626.387	-1984.095	357.7084	1.698326	0.7838213
3300	-1637.07	-1994.81	357.7405	1.750107	0.6423549
3306	-1639.29	-1996.993	357.702	1.770367	0.6796879
3312	-1629.583	-1987.164	357.5818	1.893232	0.6745706
3318	-1633.836	-1991.517	357.6809	1.815549	0.6285344
3324	-1634.721	-1992.484	357.7627	1.748604	0.5864993
3330	-1633.287	-1991.035	357.748	1.707254	0.7101956
3336	-1623.285	-1980.986	357.7014	1.682793	0.81388
3342	-1616.587	-1974.319	357.7318	1.735231	0.6896147
3348	-1609.218	-1967.063	357.8456	1.516323	0.8419462
3354	-1612.472	-1970.289	357.8169	1.525988	0.8649998
3360	-1610.485	-1968.33	357.8446	1.608592	0.713749
3366	-1621.12	-1978.765	357.6451	1.875738	0.5458535
3372	-1625.549	-1983.09	357.5413	1.974629	0.4363399
3378	-1635.041	-1992.548	357.5065	1.987636	0.634087
3384	-1662.322	-2020.03	357.7083	1.786433	0.6328074
3390	-1634.559	-1992.249	357.6892	1.687908	0.8229315
3396	-1623.022	-1980.792	357.7703	1.508875	0.936645
3402	-1627.465	-1985.254	357.7891	1.428445	1.000377
3408	-1648.029	-2005.823	357.7938	1.692691	0.6514111
3414	-1641.25	-1998.753	357.503	2.020687	0.4772758
3420	-1640.961	-1998.619	357.6579	1.512353	1.046591
3426	-1622.382	-1980.185	357.8029	1.638199	0.7332587
3432	-1616.72	-1974.476	357.7562	1.631558	0.809261
3438	-1611.825	-1969.6	357.7747	1.472527	0.9702608
3444	-1640.92	-1998.656	357.7363	1.368979	1.107243
3450	-1638.73	-1996.333	357.6022	1.785897	0.8088284
3456	-1622.154	-1980.004	357.8494	1.559065	0.7813516
3462	-1616.75	-1974.57	357.8202	1.553334	0.82752
3468	-1623.559	-1981.469	357.9092	1.321243	0.9874101
3474	-1618.538	-1976.415	357.8768	1.424399	0.9126003
3480	-1621.383	-1979.278	357.8957	1.418687	0.897958
3486	-1616.953	-1974.712	357.7588	1.642787	0.7908507
3492	-1605.35	-1963.152	357.8017	1.626444	0.7530839
3498	-1598.14	-1955.921	357.7813	1.511186	0.9222474
3504	-1600.603	-1958.456	357.8525	1.494808	0.8596914
3510	-1606.779	-1964.588	357.8094	1.489919	0.9147451
3516	-1616.999	-1974.767	357.7672	1.637229	0.7868585
3522	-1613.699	-1971.366	357.6671	1.758086	0.7574656
3528	-1634.979	-1992.719	357.7399	1.551054	0.9238683
3534	-1613.178	-1970.853	357.6742	1.464207	1.076658
3540	-1611.466	-1969.371	357.9043	1.484643	0.8077519
3546	-1646.422	-2003.951	357.5284	1.565642	1.11747
3552	-1633.639	-1991.369	357.7296	1.456778	1.031025
3558	-1634.312	-1992.191	357.8788	1.463587	0.8656225
3564	-1634.756	-1992.479	357.7229	1.747651	0.6832546
3570	-1634.419	-1992.223	357.8043	1.568551	0.8283506
3576	-1636.717	-1994.513	357.7963	1.510719	0.9062398
3582	-1626.44	-1984.229	357.7891	1.665783	0.710936
3588	-1634.908	-1992.49	357.5824	1.880711	0.6966577
3594	-1628.039	-1985.735	357.6956	1.767488	0.6966577
3600	-1637.264	-1995.009	357.7442	1.710452	0.7112639
3606	-1621.073	-1978.788	357.7146	1.740108	0.7112639
3612	-1634.133	-1991.686	357.5527	1.777696	0.8795762
3618	-1614.535	-1972.246	357.7102	1.795925	0.6028603
3624	-1617.921	-1975.627	357.7056	1.733783	0.7359923
3630	-1613.398	-1971.165	357.7665	1.684675	0.7170992
3636	-1612.26	-1969.917	357.6565	1.794653	0.7170992
3642	-1632.029	-1989.737	357.7088	1.65693	0.8372718
3648	-1621.903	-1979.516	357.6129	1.584327	1.020496
3654	-1627.048	-1984.601	357.5524	1.411748	1.230617
3660	-1632.056	-1989.571	357.515	1.553409	1.140489
3666	-1626.207	-1983.96	357.7528	1.444365	1.020485
3672	-1618.528	-1976.164	357.6366	1.688754	0.8854443
3678	-1624.422	-1982.221	357.7986	1.698549	0.6268243
3684	-1617.067	-1974.905	357.8384	1.45255	0.9238979
3690	-1613.884	-1971.302	357.4182	1.399039	1.350625
3696	-1612.351	-1969.974	357.6235	1.271521	1.287943
3702	-1623.94	-1981.539	357.5991	1.400466	1.200602
3708	-1629.806	-1987.58	357.7747	1.357607	1.082374
3714	-1660.669	-2018.445	357.776	1.668411	0.7281222
3720	-1625.759	-1983.472	357.7128	1.502226	1.00284
3726	-1641.352	-1999.143	357.7904	1.562585	0.8528786
3732	-1645.341	-2003.129	357.7878	1.565024	0.8531146
3738	-1645.199	-2002.965	357.7655	1.631612	0.796913
3744	-1627.323	-1984.994	357.6714	1.610339	0.9338304
3750	-1626.883	-1984.621	357.7381	1.626981	0.838102
3756	-1628.725	-1986.311	357.5868	1.748287	0.8741712
3762	-1636.675	-1994.342	357.6675	1.66159	0.8811513
3768	-1647.887	-2005.576	357.6887	1.493289	1.035268
3774	-1633.323	-1991.169	357.8454	1.546001	0.8045059
3780	-1660.567	-2018.402	357.835	1.291039	1.088218
3786	-1644.241	-2002.075	357.8336	1.442182	0.9402488
3792	-1630.264	-1987.894	357.6298	1.477449	1.105457
3798	-1630.252	-1987.999	357.7471	1.536478	0.9318739
3804	-1636.828	-1994.596	357.7683	1.617656	0.8116341
3810	-1637.496	-1995.245	357.7493	1.596714	0.8612293
3816	-1630.188	-1987.876	357.6877	1.316562	1.196495
3822	-1618.392	-1976.212	357.8195	1.349877	1.047417
3828	-1624.16	-1981.95	357.7897	1.435188	0.9929626
3834	-1635.064	-1992.699	357.6352	1.642356	0.9383595
3840	-1654.198	-2012.019	357.8206	1.634787	0.7100086
3846	-1652.019	-2009.744	357.7252	1.785237	0.5893122
3852	-1651.226	-2008.889	357.6634	1.523984	1.030086
3858	-1631	-1988.719	357.7197	1.467632	1.030086
3864	-1628.517	-1986.191	357.6741	1.513283	1.030086
3870	-1629.42	-1987.087	357.6671	1.435163	1.110016
3876	-1624.57	-1982.259	357.689	1.535229	0.9936762
3882	-1638.017	-1995.824	357.8078	1.416368	0.9936762
3888	-1629.494	-1987.108	357.6141	1.672551	0.9286178
3894	-1630.824	-1988.532	357.7085	1.711674	0.764738
3900	-1629.4	-1987.053	357.6533	1.857812	0.5872835
3906	-1624.201	-1981.85	357.6489	1.873611	0.4675082
3912	-1632.642	-1990.109	357.4673	2.057416	0.5028536
3918	-1632.18	-1989.774	357.5941	1.874312	0.6871216
3924	-1619.156	-1976.782	357.6256	1.840591	0.6912094
3930	-1622.487	-1980.297	357.8101	1.587853	0.7956547
3936	-1612.378	-1970.107	357.7286	1.601383	0.8800404
3942	-1621.815	-1979.497	357.6821	1.647972	0.8800404
3948	-1613.634	-1971.416	357.7821	1.477072	0.9578332
3954	-1619.243	-1976.852	357.6092	1.689768	0.9151421
3960	-1612.354	-1970.045	357.6913	1.779615	0.6824542
3966	-1622.585	-1980.396	357.8116	1.528341	0.8684311
3972	-1630.565	-1988.395	357.8302	1.438775	0.9474597
3978	-1633.525	-1991.49	357.9654	1.369147	0.8748142
3984	-1626.217	-1983.902	357.6849	1.568478	0.9638468
3990	-1621.801	-1979.583	357.7828	1.498921	0.9338776
3996	-1634.672	-1992.419	357.7472	1.549009	0.9181917
4002	-1614.359	-1972.071	357.7124	1.426025	1.076704
4008	-1631.065	-1988.638	357.5735	1.564897	1.076704
4014	-1636.03	-1993.728	357.6974	1.591017	0.9266142
4020	-1638.476	-1996.357	357.8809	1.419708	0.913322
4026	-1633.529	-1991.265	357.7368	1.625053	0.8421198
4032	-1644.656	-2002.08	357.4237	1.385901	1.356668
4038	-1628.953	-1986.541	357.5872	1.46829	1.151942
4044	-1618.66	-1976.413	357.753	1.644867	0.7958116
4050	-1617.472	-1975.068	357.5961	1.708174	0.9092908
4056	-1631.15	-1988.818	357.6681	1.806714	0.6750554
4062	-1623.733	-1981.432	357.6992	1.729632	0.7520839
4068	-1633.876	-1991.594	357.7179	1.714128	0.7472438
4074	-1632.607	-1990.238	357.6308	1.690874	0.8896059
4080	-1639.614	-1997.424	357.8106	1.354979	1.051087
4086	-1624.306	-1982.037	357.731	1.504152	0.9825736
4092	-1618.193	-1976.011	357.8184	1.62856	0.7238885
4098	-1634.493	-1992.208	357.7156	1.521482	0.980652
4104	-1621.447	-1979.152	357.7053	1.555691	0.9559457
4110	-1635.464	-1993.05	357.5858	1.502676	1.122467
4116	-1647.794	-2005.642	357.8479	1.207489	1.152031
4122	-1635.234	-1992.968	357.7338	1.37134	1.10737
4128	-1617.458	-1975.186	357.7281	1.377065	1.10737
4134	-1619.453	-1977.195	357.7418	1.651302	0.8021425
4140	-1649.957	-2007.629	357.6724	1.683106	0.8498869
4146	-1657.422	-2015.239	357.817	1.556633	0.827344
4152	-1637.963	-1995.642	357.6785	1.637634	0.895993
4158	-1650.133	-2007.769	357.6366	1.639885	0.9395215
4164	-1618.997	-1976.807	357.8096	1.573987	0.8146104
4170	-1613.767	-1971.467	357.7002	1.771492	0.6810151
4176	-1623.796	-1981.595	357.7989	1.595728	0.8001446
4182	-1608.648	-1966.442	357.7941	1.562097	0.8489879
4188	-1612.387	-1970.282	357.8946	1.461628	0.8489879
4194	-1621.009	-1978.891	357.882	1.479351	0.8426552
4200	-1633.641	-1991.23	357.5892	1.440304	1.174705
4206	-1635.983	-1993.429	357.4459	1.34986	1.367623
4212	-1632.352	-1990.1	357.7483	1.403409	1.06422
4218	-1623.787	-1981.41	357.623	1.570082	1.024542
4224	-1614.307	-1971.99	357.6831	1.622272	0.9080379
4230	-1624.818	-1982.653	357.8344	1.470984	0.9080379
4236	-1638.264	-1996.131	357.8672	1.507804	0.825721
4242	-1644.211	-2001.82	357.6097	1.90141	0.5871014
4248	-1622.956	-1980.735	357.7781	1.627421	0.7854815
4254	-1614.321	-1972.002	357.6818	1.418202	1.112042
4260	-1617.596	-1975.275	357.6787	1.384083	1.145487
4266	-1626.643	-1984.205	357.562	1.500712	1.145487
4272	-1626.885	-1984.756	357.8712	1.287979	1.057185
4278	-1625.819	-1983.706	357.8865	1.441255	0.8826638
4284	-1627.988	-1985.854	357.8656	1.594143	0.7025817
4290	-1617.426	-1975.093	357.667	1.704156	0.8305789
4296	-1615.931	-1973.682	357.7509	1.641122	0.8036417
4302	-1629.941	-1987.579	357.6383	1.791001	0.7514368
4308	-1635.905	-1993.59	357.6851	1.634447	0.8920972
4314	-1615.792	-1973.637	357.8454	1.500877	0.8609607
4320	-1637.703	-1995.535	357.8322	1.533871	0.8369181
4326	-1636.44	-1994.129	357.689	1.72867	0.768425
4332	-1639.701	-1997.464	357.7627	1.599571	0.8415789
4338	-1637.66	-1995.464	357.8044	1.696965	0.616165
4344	-1640.428	-1998.144	357.7157	1.676443	0.8034266
4350	-1621.622	-1979.409	357.7871	1.489274	0.9396414
4356	-1626.423	-1984.057	357.6342	1.512274	1.069172
4362	-1628.717	-1986.368	357.6516	1.854145	0.6039538
4368	-1627.639	-1985.269	357.6303	1.880885	0.5869414
4374	-1645.33	-2002.985	357.6552	1.732554	0.809187
4380	-1639.651	-1997.356	357.7051	1.280118	1.212797
4386	-1636.721	-1994.731	358.01	1.21811	0.9897345
4392	-1639.629	-1997.437	357.808	1.371009	1.038154
4398	-1626.601	-1984.265	357.6636	1.743099	0.7837977
4404	-1620.515	-1978.245	357.7299	1.56882	0.9153971
4410	-1610.975	-1968.724	357.7497	1.326711	1.13336
4416	-1615.707	-1973.454	357.7473	1.331918	1.130818
4422	-1630.847	-1988.58	357.7323	1.346893	1.130818
4428	-1626.921	-1984.473	357.5526	1.291633	1.329066
4434	-1625.63	-1983.545	357.9147	1.386187	0.9130038
4440	-1639.844	-1997.59	357.746	1.386187	1.082528
4446	-1626.386	-1984.208	357.822	1.40658	0.9892131
4452	-1614.823	-1972.65	357.8276	1.588898	0.7701001
4458	-1619.614	-1977.277	357.6629	1.824775	0.6487254
4464	-1611.086	-1968.846	357.7609	1.569228	0.8799227
4470	-1621.593	-1979.195	357.6018	1.441863	1.162349
4476	-1614.055	-1971.536	357.4808	1.484516	1.229649
4482	-1618.552	-1976.159	357.6071	1.415866	1.180379
4488	-1608.472	-1966.336	357.8637	1.476468	0.8681632
4494	-1625.78	-1983.177	357.397	1.445229	1.330691
4500	-1632.966	-1990.717	357.7508	1.543925	0.9198063
4506	-1631.927	-1989.755	357.8282	1.416843	0.9724305
4512	-1633.712	-1991.364	357.6522	1.627081	0.9364991
4518	-1623.348	-1981.148	357.7997	1.495743	0.91901
4524	-1628.803	-1986.445	357.6421	1.79248	0.7433432
4530	-1624.804	-1982.533	357.7295	1.763747	0.6362593
4536	-1611.834	-1969.411	357.577	1.895466	0.6796168
4542	-1616.541	-1974.284	357.7437	1.759981	0.6097575
4548	-1620.583	-1978.396	357.813	1.704069	0.5645495
4554	-1624.262	-1981.946	357.6843	1.762837	0.7237212
4560	-1628.678	-1986.443	357.7649	1.468484	0.9844127
4566	-1631.719	-1989.4	357.6813	1.493289	1.04248
4572	-1646.262	-2003.983	357.7216	1.624812	0.8607794
4578	-1650.49	-2008.287	357.7965	1.550336	0.8602371
4584	-1638.085	-1995.853	357.7687	1.570596	0.8692598
4590	-1643.63	-2001.226	357.5965	1.757296	0.8519525
4596	-1628.997	-1986.759	357.7617	1.638784	0.7922424
4602	-1622.091	-1979.928	357.837	1.638626	0.6735555
4608	-1626.36	-1984.098	357.7378	1.586805	0.8862706
4614	-1623.571	-1981.36	357.7898	1.587904	0.8222755
4620	-1615.522	-1973.206	357.6838	1.469499	1.06272
4626	-1639.234	-1997.059	357.8252	1.511713	0.8719803
4632	-1627.78	-1985.64	357.8599	1.379921	0.9778763
4638	-1632.367	-1990.028	357.6608	1.598495	0.9576888
4644	-1626.944	-1984.68	357.7356	1.718052	0.712929
4650	-1637.276	-1995.072	357.7962	1.594771	0.8050876
4656	-1625.208	-1982.906	357.6981	1.692795	0.8050876
4662	-1619.155	-1976.998	357.8429	1.541874	0.8130757
4668	-1625.096	-1982.841	357.7449	1.444579	1.028051
4674	-1634.784	-1992.353	357.5684	1.604239	1.044322
4680	-1640.114	-1997.843	357.7289	1.298812	1.176262
4686	-1648.679	-2006.215	357.5362	1.491513	1.176262
4692	-1638.326	-1995.79	357.4642	1.381667	1.327727
4698	-1632.253	-1989.787	357.5344	1.311539	1.327727
4704	-1630.474	-1988.134	357.6599	1.607859	0.9487815
4710	-1629.948	-1987.581	357.6333	1.714348	0.8593689
4716	-1615.345	-1973.102	357.7565	1.57803	0.8748087
4722	-1626.356	-1984.029	357.6727	1.550185	0.9950323
4728	-1619.831	-1977.489	357.6575	1.550185	1.010204
4734	-1629.232	-1986.991	357.7596	1.447998	1.010204
4740	-1637.951	-1995.562	357.6105	1.597143	1.010204
4746	-1643.171	-2000.804	357.6332	1.501435	1.080218
4752	-1623.601	-1981.414	357.8122	1.39956	1.006144
4758	-1629.831	-1987.535	357.7039	1.460547	1.05216
4764	-1627.885	-1985.506	357.6209	1.477961	1.113122
4770	-1625.73	-1983.346	357.6168	1.482031	1.113122
4776	-1647.009	-2004.765	357.7557	1.651518	0.7831219
4782	-1620.367	-1978.082	357.7148	1.750518	0.6926906
4788	-1622.128	-1979.885	357.7567	1.697617	0.7118305
4794	-1624.619	-1982.412	357.7931	1.71268	0.6037892
4800	-1645.688	-2003.329	357.6412	1.811699	0.7141715
4806	-1635.189	-1992.933	357.7433	1.772272	0.571043
4812	-1634.309	-1991.815	357.5062	2.015385	0.4612711
4818	-1650.005	-2007.457	357.4522	2.059774	0.4241913
4824	-1620.344	-1978.203	357.8598	1.53523	0.7996809
4830	-1636.5	-1994.206	357.7061	1.703996	0.779091
4836	-1637.216	-1995.025	357.8091	1.501993	0.9015922
4842	-1630.254	-1987.964	357.7103	1.5754	0.929597
4848	-1624.816	-1982.482	357.6659	1.603914	0.9465553
4854	-1629.551	-1987.462	357.9109	1.531716	0.7309287
4860	-1622.503	-1980.209	357.7053	1.734416	0.7354888
4866	-1618.572	-1976.209	357.637	1.882275	0.5540754
4872	-1612.56	-1970.222	357.6618	1.849263	0.5873642
4878	-1615.033	-1972.821	357.7876	1.72349	0.5873642
4884	-1622.518	-1980.237	357.7192	1.756906	0.6724914
4890	-1608.841	-1966.61	357.7692	1.724909	0.6342367
4896	-1615.708	-1973.413	357.7045	1.714661	0.7662524
4902	-1615.86	-1973.658	357.7975	1.716305	0.5778408
4908	-1623.76	-1981.571	357.8108	1.687308	0.6245172
4914	-1627.131	-1984.817	357.686	1.812094	0.6245172
4920	-1627.615	-1985.481	357.8663	1.63166	0.6249161
4926	-1631.25	-1988.998	357.7482	1.709791	0.7056902
4932	-1653.727	-2011.389	357.6626	1.591466	0.9631894
4938	-1632.972	-1990.735	357.7628	1.517357	0.9355906
4944	-1626.659	-1984.322	357.6627	1.591899	0.9625786
4950	-1624.673	-1982.24	357.5671	1.428639	1.20386
4956	-1622.852	-1980.629	357.7773	1.305023	1.128044
4962	-1616.063	-1973.658	357.5956	1.537878	1.081244
4968	-1624.115	-1981.748	357.6335	1.394131	1.176325
4974	-1630.725	-1988.544	357.8197	1.580579	0.7925125
4980	-1620.892	-1978.668	357.7758	1.650312	0.7561639
4986	-1631.047	-1988.84	357.7931	1.45977	0.9644227
4992	-1617.385	-1975.089	357.7045	1.516523	0.9968659
4998	-1631.466	-1989.134	357.668	1.827853	0.630097
5004	-1626.137	-1983.901	357.7636	1.723345	0.6504383
5010	-1628.619	-1986.24	357.6215	1.900894	0.5350411
5016	-1641.036	-1998.665	357.6291	1.865195	0.6336997
5022	-1641.498	-1999.287	357.7889	1.683081	0.680456
5028	-1650.158	-2007.815	357.6567	1.866568	0.5282076
5034	-1638.335	-1996.109	357.7736	1.692367	0.6915604
5040	-1633.403	-1991.183	357.7795	1.624296	0.7877908
5046	-1639.079	-1996.734	357.6556	1.455384	1.102064
5052	-1642.17	-1999.7	357.5303	1.439226	1.226116
5058	-1622.491	-1980.146	357.655	1.435496	1.12067
5064	-1624.71	-1982.466	357.7561	1.363177	1.094468
5070	-1637.965	-1995.632	357.6676	1.410591	1.131731
5076	-1636.667	-1994.24	357.5735	1.23911	1.354319
5082	-1625.702	-1983.334	357.632	1.369628	1.198791
5088	-1635.386	-1993.023	357.6369	1.38519	1.181114
5094	-1618.996	-1976.584	357.5877	1.267216	1.320467
5100	-1626.367	-1983.903	357.5362	1.368476	1.280102
5106	-1612.261	-1970.046	357.7855	1.244339	1.174396
5112	-1613.884	-1971.502	357.6176	1.306589	1.263977
5118	-1628.729	-1986.471	357.742	1.447515	1.027991
5124	-1631.021	-1988.785	357.764	1.520012	0.9313736
5130	-1616.742	-1974.464	357.722	1.520012	0.9755844
5136	-1624.984	-1982.719	357.7354	1.57179	0.9060028
5142	-1629.63	-1987.474	357.8443	1.552612	0.797067
5148	-1624.585	-1982.289	357.7048	1.405815	1.102357
5154	-1610.348	-1968.118	357.7703	1.340297	1.102357
5160	-1634.433	-1992.016	357.5838	1.356324	1.250789
5166	-1619.744	-1977.616	357.8729	1.527418	0.7925283
5172	-1635.451	-1993.125	357.6742	1.841545	0.570051
5178	-1618.713	-1976.359	357.6466	1.865396	0.584075
5184	-1615.096	-1972.8	357.7049	1.713293	0.7676442
5190	-1629.284	-1987.083	357.7995	1.627041	0.7554335
5196	-1638.12	-1995.833	357.7125	1.696956	0.7799713
5202	-1624.236	-1981.916	357.6797	1.682015	0.8422409
5208	-1602.923	-1960.696	357.7722	1.559398	0.8781805
5214	-1605.461	-1963.263	357.8023	1.511335	0.8988222
5220	-1615.717	-1973.548	357.8309	1.600473	0.7483128
5226	-1615.367	-1973.121	357.7542	1.697411	0.7163595
5232	-1620.431	-1978.171	357.7397	1.638776	0.8212375
5238	-1632.769	-1990.454	357.6853	1.83943	0.4944438
5244	-1626.585	-1984.309	357.7245	1.674373	0.794468
5250	-1623.518	-1981.284	357.7663	1.530677	0.9173213
5256	-1624.952	-1982.768	357.8154	1.545881	0.8427616
5262	-1642.974	-2000.61	357.6361	1.888559	0.5076779
5268	-1631.137	-1988.768	357.6311	1.890596	0.4621046
5274	-1612.434	-1970.047	357.6139	1.896974	0.5880358
5280	-1621.918	-1979.642	357.7242	1.743759	0.6879868
5286	-1626.021	-1983.738	357.7169	1.645509	0.8414594
5292	-1621.909	-1979.8	357.8909	1.146828	1.167538
5298	-1615.808	-1973.586	357.7784	1.316862	1.116313
5304	-1626.779	-1984.255	357.476	1.488628	1.230235
5310	-1620.663	-1978.283	357.6198	1.439146	1.148897
5316	-1626.638	-1984.243	357.6052	1.270893	1.303356
5322	-1634.173	-1991.95	357.7775	1.488463	0.9506712
5328	-1635.62	-1993.334	357.7136	1.341079	1.152616
5334	-1633.023	-1990.802	357.7789	1.51316	0.9226383
5340	-1642.71	-2000.38	357.6698	1.697112	0.8358111
5346	-1645.07	-2002.875	357.8045	1.537288	0.8662283
5352	-1637.303	-1995.036	357.733	1.491418	0.9934947
5358	-1631.748	-1989.366	357.6174	1.491248	1.104199
5364	-1629.656	-1987.518	357.8619	1.473469	0.8738167
5370	-1614.089	-1971.691	357.6021	1.489541	1.119646
5376	-1627.45	-1984.944	357.4941	1.644142	1.076856
5382	-1622.103	-1979.913	357.8098	1.602308	0.7762789
5388	-1625.069	-1982.71	357.6406	1.460983	1.11058
5394	-1614.249	-1971.839	357.5903	1.341144	1.258007
5400	-1635.157	-1992.654	357.4972	1.434197	1.258007
5406	-1630.658	-1988.248	357.59	1.335871	1.262601
5412	-1632.625	-1990.082	357.4564	1.469433	1.262601
5418	-1638.492	-1996.019	357.5276	1.440792	1.227097
5424	-1622.04	-1979.356	357.3157	1.454865	1.387369
5430	-1620.942	-1978.708	357.7662	1.12565	1.290549
5436	-1616.654	-1974.195	357.5403	1.301355	1.331177
5442	-1618.81	-1976.538	357.7281	1.436186	1.05232
5448	-1617.092	-1974.793	357.7009	1.460238	1.055293
5454	-1621.774	-1979.561	357.7868	1.456251	0.9745071
5460	-1635.479	-1993.241	357.7622	1.531034	0.9214447
5466	-1643.601	-2001.285	357.6836	1.742266	0.7565047
5472	-1628.332	-1986.266	357.9341	1.385437	0.8921073
5478	-1609.476	-1967.165	357.6883	1.648065	0.8726307
5484	-1626.198	-1983.983	357.7853	1.652505	0.7384753
5490	-1622.655	-1980.153	357.498	1.939746	0.7384753
5496	-1632.32	-1989.959	357.6392	1.846318	0.6534447
5502	-1637.278	-1995.022	357.7448	1.513261	0.9590016
5508	-1652.556	-2010.228	357.6725	1.322545	1.204411
5514	-1624.783	-1982.453	357.6694	1.722024	0.8044203
5520	-1629.342	-1987.039	357.6975	1.550029	0.9699333
5526	-1627.779	-1985.523	357.7434	1.663323	0.7837365
5532	-1629.857	-1987.462	357.6054	1.485642	1.120212
5538	-1620.351	-1978.044	357.6926	1.552275	0.9726704
5544	-1621.393	-1979.168	357.7749	1.490751	0.951029
5550	-1625.962	-1983.641	357.6793	1.788189	0.6887333
5556	-1628.889	-1986.467	357.5775	1.947222	0.4992784
5562	-1650.358	-2007.892	357.5349	1.569013	1.108499
5568	-1632.442	-1990.141	357.6991	1.573747	0.9433599
5574	-1635.91	-1993.702	357.7924	1.6008	0.8020809
5580	-1655.749	-2013.431	357.6819	1.724889	0.7836544
5586	-1633.952	-1991.608	357.6559	1.724889	0.8183459
5592	-1626.327	-1984.027	357.6991	1.597837	0.9172977
5598	-1625.412	-1983.144	357.7324	1.564586	0.9172977
5604	-1632.136	-1989.824	357.6881	1.733481	0.7627008
5610	-1640.639	-1998.235	357.5957	1.864479	0.7017984
5616	-1651.937	-2009.488	357.5507	1.973147	0.478915
5622	-1633.758	-1991.577	357.8184	1.594749	0.7748281
5628	-1625.253	-1982.968	357.7151	1.7329	0.7222005
5634	-1636.54	-1994.207	357.6662	1.717277	0.8148035
5640	-1635.168	-1992.965	357.7968	1.668304	0.6931508
5646	-1625.634	-1983.467	357.833	1.613231	0.7251102
5652	-1632.341	-1989.957	357.6164	1.683646	0.9138927
5658	-1640.627	-1998.378	357.7507	1.588916	0.8688763
5664	-1643.481	-2000.895	357.4141	1.482705	1.286534
5670	-1627.231	-1984.972	357.7416	1.515807	0.9596224
5676	-1628.695	-1986.339	357.6446	1.569652	1.003673
5682	-1627.413	-1984.884	357.4715	1.651987	1.09051
5688	-1626.723	-1984.436	357.7134	1.373202	1.124215
5694	-1627.112	-1984.905	357.7925	1.439498	0.9857891
5700	-1626.414	-1984.247	357.8328	1.542176	0.8256577
5706	-1628.902	-1986.669	357.767	1.65351	0.7643369
5712	-1642.167	-1999.841	357.674	1.764617	0.7371786
5718	-1645.824	-2003.477	357.6534	1.698715	0.8539495
5724	-1644.83	-2002.699	357.869	1.603519	0.6795584
5730	-1635.937	-1993.528	357.591	1.622615	1.004294
5736	-1627.791	-1985.573	357.7823	1.628737	0.7777646
5742	-1617.784	-1975.305	357.521	2.003689	0.5066855
5748	-1630.444	-1988.177	357.7322	1.668868	0.7914635
5754	-1628.509	-1986.167	357.658	1.719683	0.8222205
5760	-1641.145	-1998.979	357.834	1.674524	0.5955876
5766	-1645.507	-2003.21	357.7026	1.76477	0.6890725
5772	-1641.154	-1998.887	357.7331	1.75491	0.6481643
5778	-1625.413	-1983.127	357.7143	1.792614	0.6006268
5784	-1627.21	-1984.861	357.6517	1.739777	0.8043458
5790	-1620.138	-1977.725	357.5868	1.793688	0.818615
5796	-1627.904	-1985.744	357.8399	1.579857	0.7653843
5802	-1627.423	-1985.278	357.8546	1.599997	0.7113554
5808	-1633.829	-1991.435	357.6051	1.686165	0.923591
5814	-1620.34	-1977.726	357.3859	1.325726	1.433041
5820	-1615.279	-1972.981	357.7022	1.380858	1.12737
5826	-1619.61	-1977.138	357.5284	1.55466	1.12737
5832	-1638.327	-1995.82	357.4934	1.81938	0.8996961
5838	-1625.83	-1983.67	357.8392	1.526598	0.8372076
5844	-1621.709	-1979.449	357.7402	1.737999	0.6683722
5850	-1625.894	-1983.427	357.5329	1.301848	1.33664
5856	-1626.779	-1984.521	357.7424	1.440236	1.034705
5862	-1626.987	-1984.719	357.7318	1.417332	1.066663
5868	-1623.273	-1980.971	357.6975	1.347721	1.160923
5874	-1625.922	-1983.65	357.7282	1.483065	1.006656
5880	-1642.107	-1999.996	357.8893	1.387295	0.9393794
5886	-1638.271	-1995.817	357.5456	1.396487	1.2491
5892	-1633.371	-1991.13	357.7591	1.541047	0.913777
5898	-1624.851	-1982.424	357.5728	1.603924	1.040384
5904	-1636.89	-1994.718	357.8287	1.597509	0.7559465
5910	-1641.837	-1999.667	357.8291	1.41176	0.9767397
5916	-1627.924	-1985.594	357.6698	1.515315	1.032268
5922	-1633.402	-1991.188	357.786	1.381108	1.049612
5928	-1631.562	-1989.304	357.7419	1.413709	1.060542
5934	-1629.654	-1987.306	357.652	1.497699	1.066125
5940	-1623.747	-1981.459	357.712	1.52011	0.9857307
5946	-1619.397	-1977.191	357.794	1.641828	0.7415094
5952	-1631.686	-1989.373	357.6866	1.504308	1.026638
5958	-1633.806	-1991.673	357.867	1.380179	0.9703024
5964	-1642.575	-1999.93	357.3546	1.132801	1.6004
5970	-1640.577	-1998.45	357.8739	1.392158	0.9505746
5976	-1627.988	-1985.705	357.7171	1.139297	1.319302
5982	-1632.371	-1989.986	357.615	1.269703	1.296366
5988	-1628.961	-1986.405	357.4438	1.382358	1.343531
5994	-1636.304	-1994.015	357.7104	1.335963	1.159965
6000	-1632.971	-1990.773	357.802	1.430085	0.9857556
6006	-1629.465	-1987.194	357.729	1.349621	1.131337
6012	-1634.548	-1992.258	357.7099	1.368125	1.13187
6018	-1627.568	-1985.214	357.6461	1.43197	1.13187
6024	-1628.929	-1986.741	357.8117	1.447127	0.9582245
6030	-1631.436	-1989.311	357.8747	1.595878	0.6831715
6036	-1620.717	-1978.538	357.8211	1.534581	0.8496572
6042	-1606.582	-1964.336	357.7536	1.596989	0.8557594
6048	-1619.888	-1977.444	357.556	1.712923	0.9476002
6054	-1620.626	-1978.476	357.8496	1.528654	0.8214729
6060	-1623.181	-1980.954	357.7732	1.691376	0.6941511
6066	-1630.089	-1987.765	357.6757	1.631782	0.9057119
6072	-1627.33	-1985.046	357.716	1.496011	1.005859
6078	-1623.278	-1980.961	357.6834	1.515563	1.018755
6084	-1622.41	-1980.176	357.7663	1.711904	0.6683979
6090	-1621.062	-1978.764	357.7022	1.812013	0.5759868
6096	-1640.126	-1998.02	357.8941	1.592372	0.6512873
6102	-1625.237	-1983.104	357.8672	1.451726	0.8928022
6108	-1614.411	-1972.166	357.7544	1.480547	0.9828299
6114	-1617.637	-1975.318	357.6807	1.661572	0.8657461
6120	-1620.67	-1978.215	357.5445	1.439564	1.213789
6126	-1622.329	-1980.135	357.8059	1.178166	1.213789
6132	-1629.445	-1987.255	357.8103	1.243465	1.15341
6138	-1647.926	-2005.573	357.6476	1.389001	1.16851
6144	-1666.284	-2024.137	357.853	1.624586	0.6696045
6150	-1646.15	-2003.944	357.7946	1.364118	1.05757
6156	-1642.706	-2000.348	357.6419	1.433919	1.133841
6162	-1631.969	-1989.796	357.8273	1.603127	0.7496529
6168	-1630.48	-1988.297	357.8172	1.613235	0.7496529
6174	-1636.314	-1993.988	357.6744	1.657329	0.8780457
6180	-1639.751	-1997.572	357.8212	1.557913	0.8204906
6186	-1626.745	-1984.479	357.7337	1.596326	0.8800784
6192	-1636.728	-1993.989	357.2608	1.228463	1.599033
6198	-1630.573	-1988.259	357.6866	1.384254	1.138313
6204	-1632.775	-1990.55	357.7751	1.355267	1.084219
6210	-1639.086	-1996.604	357.5171	1.307975	1.344382
6216	-1646.638	-2004.311	357.6728	1.560914	0.9840974
6222	-1630.697	-1988.51	357.8125	1.359432	1.044943
6228	-1628.262	-1985.96	357.6981	1.473919	1.044943
6234	-1627.954	-1985.417	357.4634	1.5757	1.166371
6240	-1629.914	-1987.455	357.5411	1.440846	1.2156
6246	-1622.553	-1979.859	357.3051	1.578501	1.297254
6252	-1618.501	-1976.24	357.739	1.616986	0.8493186
6258	-1625.869	-1983.566	357.6967	1.778369	0.6746788
6264	-1618.067	-1975.718	357.6513	1.862454	0.5777656
6270	-1620.357	-1978.135	357.7781	1.731006	0.5936148
6276	-1613.313	-1970.885	357.5725	1.695943	0.9481018
6282	-1630.209	-1987.954	357.7447	1.507479	0.9650799
6288	-1652.357	-2009.942	357.5855	1.692451	0.9379929
6294	-1654.786	-2012.334	357.5482	1.930933	0.6666738
6300	-1650.521	-2008.294	357.7738	1.424609	1.019322
6306	-1637.562	-1995.218	357.6568	1.44166	1.113464
6312	-1628.565	-1986.165	357.6007	1.622396	0.9948362
6318	-1634.129	-1991.839	357.7094	1.59829	0.9053861
6324	-1632.686	-1990.263	357.5775	1.477841	1.152066
6330	-1630.884	-1988.692	357.8078	1.30611	1.099344
6336	-1622.512	-1980.207	357.6951	1.44295	1.076991
6342	-1622.795	-1980.648	357.8531	1.466253	0.8922997
6348	-1630.938	-1988.781	357.8428	1.477164	0.8916422
6354	-1626.997	-1984.835	357.8377	1.575069	0.7753408
6360	-1635.41	-1992.996	357.5859	1.908841	0.6327608
6366	-1650.624	-2008.438	357.8135	1.473653	0.9280258
6372	-1627.998	-1985.753	357.7555	1.403966	1.056861
6378	-1630.768	-1988.585	357.8171	1.545082	0.8416857
6384	-1631.089	-1988.954	357.865	1.459442	0.8865368
6390	-1625.503	-1983.28	357.7766	1.584219	0.8433659
6396	-1639.708	-1997.323	357.6154	1.597756	1.004696
6402	-1647.471	-2005.244	357.7735	1.571558	0.8623937
6408	-1639.947	-1997.821	357.874	1.477624	0.8545384
6414	-1627.706	-1985.133	357.4278	1.402169	1.340512
6420	-1634.33	-1992.097	357.7673	1.498597	0.9507475
6426	-1635.156	-1992.763	357.6065	1.649738	0.9609269
6432	-1629.706	-1987.379	357.6731	1.548836	0.9959638
6438	-1635.43	-1993.128	357.6984	1.531471	0.9879734
6444	-1641.632	-1999.429	357.7966	1.541061	0.8711132
6450	-1639.059	-1996.676	357.6165	1.634303	0.9664737
6456	-1632.329	-1989.972	357.6428	1.608008	0.9664737
6462	-1662.702	-2020.404	357.7023	1.668008	0.8315766
6468	-1670.606	-2028.277	357.6716	1.771939	0.7293957
6474	-1646.205	-2003.764	357.5584	1.89265	0.717213
6480	-1637.644	-1995.303	357.6592	1.848412	0.5984095
6486	-1619.415	-1977.223	357.8082	1.644372	0.7147128
6492	-1616.727	-1974.443	357.7158	1.773965	0.6441684
6498	-1630.765	-1988.611	357.8452	1.642277	0.6492425
6504	-1624.836	-1982.569	357.7325	1.57897	0.9011751
6510	-1617.654	-1975.264	357.61	1.752728	0.8410469
6516	-1617.974	-1975.616	357.6426	1.859902	0.6131319
6522	-1629.264	-1987.095	357.8312	1.623297	0.7114694
6528	-1633.658	-1991.343	357.6853	1.702112	0.8096357
6534	-1625.581	-1983.289	357.7078	1.639679	0.8595295
6540	-1623.596	-1981.411	357.8148	1.622324	0.7395155
6546	-1615.989	-1973.6	357.611	1.668547	0.9362485
6552	-1622.941	-1980.522	357.5813	1.344443	1.262733
6558	-1621.857	-1979.676	357.8194	1.375728	1.02248
6564	-1618.418	-1975.702	357.2831	1.234664	1.578214
6570	-1620.025	-1977.808	357.7826	1.336499	1.094603
6576	-1625.579	-1983.048	357.4696	1.352216	1.346941
6582	-1630.56	-1988.286	357.7266	1.464821	1.026164
6588	-1629.584	-1987.236	357.652	1.618985	0.9453343
6594	-1634.475	-1992.039	357.5642	1.421584	1.21231
6600	-1625.482	-1983.02	357.5378	1.364387	1.282105
6606	-1614.904	-1972.343	357.4388	1.399501	1.333857
6612	-1615.732	-1973.532	357.7995	1.539764	0.8692078
6618	-1618.576	-1976.182	357.6064	1.466155	1.136744
6624	-1625.948	-1983.547	357.5987	1.377163	1.22073
6630	-1620.107	-1977.629	357.5218	1.367068	1.292999
6636	-1637.983	-1995.454	357.4707	1.226228	1.444299
6642	-1641.691	-1999.483	357.7926	1.367892	1.055921
6648	-1621.767	-1979.541	357.774	1.650618	0.7582383
6654	-1617.368	-1974.96	357.5913	1.816146	0.7828159
6660	-1608.117	-1965.776	357.6593	1.856678	0.5692404
6666	-1615.849	-1973.565	357.7154	1.728909	0.7281635
6672	-1622.347	-1979.917	357.5699	1.75965	0.8806238
6678	-1623.319	-1981.052	357.7335	1.661796	0.799238
6684	-1615.665	-1973.4	357.7349	1.559955	0.9195978
6690	-1628.6	-1986.344	357.7441	1.636386	0.8186658
6696	-1633.576	-1991.172	357.5952	1.887077	0.660161
6702	-1634.942	-1992.559	357.6173	1.721378	0.8700099
6708	-1629.069	-1986.597	357.5281	1.613558	1.073639
6714	-1609.986	-1967.722	357.7363	1.580781	0.89491
6720	-1621.57	-1979.261	357.6913	1.746955	0.7377798
6726	-1616.352	-1974.072	357.7201	1.718101	0.7377798
6732	-1620.128	-1978.007	357.8795	1.554712	0.7439288
6738	-1620.713	-1978.42	357.7065	1.752812	0.7033887
6744	-1624.913	-1982.493	357.5802	1.642103	0.9955807
6750	-1638.487	-1996.289	357.8026	1.670691	0.6780965
6756	-1632.97	-1990.715	357.7446	1.465577	1.007689
6762	-1621.128	-1978.904	357.7762	1.434014	1.007689
6768	-1622.652	-1980.324	357.6722	1.39232	1.143913
6774	-1623.428	-1981.216	357.788	1.351699	1.075533
6780	-1624.518	-1982.27	357.7518	1.319411	1.138
6786	-1614.577	-1972.38	357.8029	1.423396	0.9915516
6792	-1618.585	-1976.367	357.7821	1.621747	0.7876642
6798	-1622.051	-1979.835	357.7837	1.724326	0.5969838
6804	-1628.924	-1986.68	357.7558	1.577828	0.8758565
6810	-1628.164	-1985.951	357.7875	1.597848	0.8124115
6816	-1618.129	-1975.888	357.7595	1.597848	0.84758
6822	-1613.532	-1971.259	357.7266	1.723705	0.7185892
6828	-1618.082	-1975.852	357.7707	1.68506	0.7093953
6834	-1627.595	-1985.245	357.6507	1.873777	0.5115207
6840	-1626.204	-1983.877	357.6734	1.820576	0.6345586
6846	-1628.146	-1986.02	357.8742	1.577826	0.7157192
6852	-1616.545	-1974.276	357.7312	1.436145	1.049415
6858	-1623.607	-1981.295	357.6886	1.482771	1.045501
6864	-1619.848	-1977.623	357.7754	1.518887	0.9202218
6870	-1630.05	-1987.737	357.6873	1.785512	0.6788747
6876	-1637.628	-1995.311	357.6826	1.823111	0.6039993
6882	-1624.22	-1981.945	357.7256	1.757304	0.6589687
6888	-1627.296	-1985.046	357.7503	1.725884	0.6724362
6894	-1625.872	-1983.462	357.5903	1.64575	0.9817142
6900	-1624.406	-1982.134	357.7281	1.612253	0.8680213
6906	-1613.288	-1970.912	357.6239	1.67111	0.9194123
6912	-1635.795	-1993.561	357.7656	1.566282	0.8778426
6918	-1646.199	-2003.811	357.6127	1.610568	0.9946453
6924	-1646.602	-2004.403	357.8012	1.505954	0.9060341
6930	-1647.318	-2005.092	357.7733	1.660125	0.745138
6936	-1624.316	-1982.023	357.7066	1.660125	0.8360114
6942	-1626.318	-1984.101	357.7828	1.715509	0.6238656
6948	-1621.782	-1979.572	357.7895	1.700974	0.6426467
6954	-1632.644	-1990.314	357.6699	1.689769	0.8448301
6960	-1637.095	-1994.787	357.6921	1.548581	0.9769725
6966	-1623.003	-1980.757	357.754	1.486682	0.9769725
6972	-1623.901	-1981.73	357.8296	1.57068	0.7926213
6978	-1621.387	-1979.165	357.7774	1.655018	0.7467049
6984	-1633.719	-1991.41	357.6912	1.525059	1.001675
6990	-1616.566	-1974.245	357.6795	1.547198	0.9911225
6996	-1625.591	-1983.097	357.5056	1.540242	1.160426
7002	-1641.198	-1998.691	357.4929	1.524002	1.185611
7008	-1636.873	-1994.536	357.6637	1.661663	0.8854383
7014	-1639.627	-1997.276	357.6494	1.567942	1.000517
7020	-1613.208	-1970.961	357.7536	1.530081	0.9318054
7026	-1604.966	-1962.514	357.5487	1.504876	1.153578
7032	-1607.422	-1965.247	357.8246	1.227407	1.154984
7038	-1614.113	-1971.757	357.6441	1.42818	1.136981
7044	-1628.055	-1985.839	357.784	1.42505	1.008803
7050	-1612.938	-1970.711	357.7737	1.371922	1.06993
7056	-1621.725	-1979.458	357.7327	1.264654	1.202444
7062	-1632.758	-1990.273	357.5143	1.373844	1.293613
7068	-1630.494	-1988.213	357.7189	1.441289	1.056196
7074	-1635.749	-1993.38	357.6312	1.606743	0.97975
7080	-1620.492	-1978.203	357.7117	1.531396	0.9745132
7086	-1625.286	-1983.073	357.7875	1.322515	1.102949
7092	-1641.281	-1999.215	357.9342	1.364915	0.9150025
7098	-1639.62	-1997.475	357.8545	1.431283	0.9295293
7104	-1637.247	-1995	357.7529	1.301805	1.152602
7110	-1635.139	-1993.008	357.8685	1.382363	0.9664824
7116	-1640.139	-1997.711	357.5721	1.347539	1.267745
7122	-1638.731	-1996.544	357.8129	1.395607	1.009352
7128	-1628.5	-1986.244	357.7442	1.520086	0.9524823
7134	-1631.223	-1989.002	357.7798	1.480652	0.9564862
7140	-1625.911	-1983.497	357.5865	1.425212	1.190139
7146	-1630.365	-1987.842	357.4761	1.53557	1.190139
7152	-1625.259	-1982.922	357.6625	1.681075	0.8641366
7158	-1631.042	-1988.883	357.8414	1.502238	0.8641366
7164	-1609.935	-1967.671	357.7363	1.617529	0.8518968
7170	-1616.182	-1974	357.8182	1.468184	0.9288915
7176	-1638.78	-1996.468	357.6877	1.783997	0.6810028
7182	-1620.52	-1978.129	357.6088	1.845448	0.7120035
7188	-1607.414	-1965.083	357.6695	1.731333	0.7918538
7194	-1629.199	-1986.789	357.5902	1.619618	1.008038
7200	-1634.461	-1992.09	357.629	1.336881	1.229168
7206	-1651.518	-2009.278	357.7593	1.669454	0.7521703
7212	-1633.951	-1991.493	357.5417	1.366717	1.27696
7218	-1652.375	-2010.071	357.6963	1.399754	1.115658
7224	-1648.772	-2006.538	357.7664	1.580248	0.8605312
7230	-1629.61	-1987.105	357.4948	1.658961	1.062271
7236	-1627.243	-1984.904	357.661	1.513162	1.042891
7242	-1620.422	-1978.016	357.5934	1.580688	1.042891
7248	-1639.834	-1997.505	357.6709	1.391337	1.145988
7254	-1652.781	-2010.641	357.8605	1.439359	0.914088
7260	-1641.176	-1999.007	357.8307	1.469239	0.914088
7266	-1619.524	-1977.346	357.8216	1.342639	1.052306
7272	-1622.908	-1980.808	357.9001	1.264185	1.052306
7278	-1626.962	-1984.446	357.4843	1.408784	1.289582
7284	-1623.398	-1981.114	357.7162	1.452149	1.048455
7290	-1624.377	-1981.927	357.5499	1.501885	1.155174
7296	-1617.097	-1974.704	357.6069	1.34509	1.240838
7302	-1617.456	-1974.951	357.495	1.513988	1.192438
7308	-1626.4	-1984.119	357.7186	1.644138	0.8410397
7314	-1628.498	-1985.953	357.4545	1.477695	1.257389
7320	-1637.057	-1994.691	357.6339	1.255947	1.292234
7326	-1635.467	-1993.07	357.6035	1.386214	1.208967
7332	-1624.279	-1982.04	357.7606	1.305702	1.142374
7338	-1617.819	-1975.519	357.6993	1.238965	1.252343
7344	-1635.068	-1992.695	357.6275	1.63202	0.9574216
7350	-1627.042	-1984.706	357.6636	1.400739	1.144055
7356	-1633.887	-1991.526	357.6386	1.371933	1.191151
7362	-1625.728	-1983.451	357.7234	1.45235	1.041339
7368	-1624.362	-1982.177	357.8146	1.450585	0.9514658
7374	-1620.34	-1978.059	357.7191	1.652758	0.8295959
7380	-1623.557	-1981.233	357.6756	1.648691	0.8866502
7386	-1630.305	-1987.941	357.6365	1.700691	0.8716767
7392	-1611.222	-1968.992	357.7698	1.723105	0.6371381
7398	-1629.652	-1987.44	357.7876	1.672001	0.7028486
7404	-1635.888	-1993.664	357.7765	1.669121	0.7260972
7410	-1640.927	-1998.599	357.6729	1.765855	0.7369801
7416	-1632.622	-1990.508	357.8865	1.481053	0.8350006
7422	-1626.135	-1983.76	357.6245	1.337949	1.232106
7428	-1631.622	-1988.94	357.3186	1.359541	1.458656
7434	-1627.072	-1984.841	357.7693	1.175757	1.246652
7440	-1624.705	-1982.371	357.6665	1.178878	1.328123
7446	-1634.644	-1992.384	357.7397	1.439496	1.037978
7452	-1628.495	-1986.054	357.5583	1.899244	0.706336
7458	-1633.577	-1991.155	357.5788	1.879508	0.704989
7464	-1645.874	-2003.476	357.6018	1.91861	0.5478737
7470	-1639.388	-1997.147	357.7594	1.642871	0.7898302
7476	-1642.48	-2000.216	357.7357	1.636043	0.8297232
7482	-1639.752	-1997.22	357.4682	1.428513	1.286621
7488	-1632.303	-1990.115	357.8117	1.520468	0.8775614
7494	-1623.58	-1981.286	357.7066	1.65433	0.8432278
7500	-1608.938	-1966.784	357.8457	1.518428	0.8393143
7506	-1610.369	-1968.135	357.7664	1.428093	1.023174
7512	-1616.349	-1974.219	357.8701	1.583491	0.7130452
7518	-1607.053	-1964.755	357.7012	1.761558	0.6972936
7524	-1619.021	-1976.906	357.8856	1.487519	0.8281073
7530	-1626.8	-1984.479	357.6797	1.811622	0.6406804
7536	-1628.684	-1986.483	357.7984	1.677412	0.6732016
7542	-1625.415	-1983.193	357.7778	1.677412	0.7103022
7548	-1630.658	-1988.428	357.77	1.562815	0.8768633
7554	-1632.377	-1990.114	357.7368	1.51145	0.9691322
7560	-1636.709	-1994.382	357.6725	1.624089	0.9177821
7566	-1628.795	-1986.498	357.7027	1.743539	0.7251898
7572	-1637.04	-1994.723	357.6837	1.837915	0.5406071
7578	-1631.629	-1989.268	357.6391	1.69018	0.8809411
7584	-1641.052	-1998.866	357.8139	1.665569	0.6659617
7590	-1628.783	-1986.527	357.745	1.674698	0.7655346
7596	-1640.196	-1997.752	357.5568	1.886666	0.7295019
7602	-1646.336	-2004.132	357.7953	1.616568	0.7766025
7608	-1630.98	-1988.905	357.9247	1.487146	0.7766025
7614	-1634.069	-1991.937	357.8678	1.550306	0.7676904
7620	-1623.973	-1981.743	357.7701	1.488918	0.9579516
7626	-1637.752	-1995.517	357.7653	1.49617	0.9553775
7632	-1632.891	-1990.721	357.8294	1.651069	0.6639355
7638	-1632.706	-1990.526	357.8198	1.339699	1.056872
7644	-1640.694	-1998.278	357.5833	1.425843	1.19231
7650	-1642.662	-2000.48	357.8184	1.282679	1.111044
7656	-1634.446	-1992.137	357.6915	1.565835	0.9596809
7662	-1631.653	-1989.375	357.7225	1.617416	0.8684872
7668	-1641.486	-1999.37	357.884	1.551694	0.7416173
7674	-1636.011	-1993.662	357.6502	1.556488	1.011166
7680	-1638.39	-1996.048	357.6577	1.52569	1.033982
7686	-1637.679	-1995.533	357.8534	1.300559	1.062057
7692	-1633.504	-1991.104	357.6001	1.406163	1.194797
7698	-1634.706	-1992.258	357.5525	1.507395	1.147995
7704	-1626.293	-1983.95	357.6573	1.449409	1.105987
7710	-1624.879	-1982.57	357.6912	1.536055	0.99064
7716	-1630.162	-1987.988	357.8262	1.538458	0.8386717
7722	-1627.236	-1985.038	357.8016	1.616247	0.768169
7728	-1639.898	-1997.778	357.8803	1.556935	0.739252
7734	-1631.898	-1989.685	357.7866	1.705021	0.6400939
7740	-1636.566	-1994.205	357.6386	1.847837	0.6514245
7746	-1635.841	-1993.517	357.6752	1.63865	0.8985781
7752	-1636.273	-1993.991	357.7183	1.626934	0.8622036
7758	-1632.07	-1989.902	357.832	1.567993	0.7929926
7764	-1638.176	-1995.982	357.8062	1.499745	0.9074237
7770	-1636.12	-1993.926	357.8057	1.590574	0.7979387
7776	-1633.823	-1991.694	357.8716	1.474581	0.8610419
7782	-1619.331	-1977.16	357.8289	1.490021	0.892741
7788	-1619.286	-1976.932	357.6454	1.443483	1.122105
7794	-1618.632	-1976.238	357.6058	1.483144	1.122105
7800	-1616.367	-1974.225	357.8574	1.421563	0.9368107
7806	-1611.12	-1968.839	357.7191	1.218036	1.253221
7812	-1625.851	-1983.624	357.7729	1.490407	0.9534608
7818	-1607.748	-1965.533	357.7856	1.434823	0.9974894
7824	-1623.664	-1981.463	357.7989	1.622692	0.7627179
7830	-1620.556	-1978.319	357.7627	1.542635	0.9080455
7836	-1624.272	-1982.134	357.8621	1.312239	1.042666
7842	-1619.634	-1977.324	357.6905	1.769739	0.7017592
7848	-1615.084	-1972.675	357.5909	1.661397	0.9649796
7854	-1625.406	-1983.115	357.7087	1.448808	1.058705
7860	-1624.449	-1982.153	357.7039	1.413313	1.09637
7866	-1631.08	-1988.708	357.6276	1.404807	1.172147
7872	-1623.432	-1981.318	357.8866	1.515793	0.78965
7878	-1625.514	-1983.144	357.6301	1.68634	0.8956335
7884	-1611.196	-1968.928	357.7324	1.779753	0.5837652
7890	-1615.849	-1973.645	357.7966	1.715499	0.5837652
7896	-1626.558	-1984.522	357.9639	1.518091	0.6607281
7902	-1616.702	-1974.462	357.7602	1.626505	0.8106119
7908	-1621.831	-1979.695	357.8638	1.392901	0.9604104
7914	-1629.588	-1987.307	357.7192	1.392901	1.101013
7920	-1626.376	-1984.149	357.7725	1.688434	0.7004286
7926	-1631.066	-1988.859	357.793	1.567454	0.8437659
7932	-1625.99	-1983.799	357.8087	1.582873	0.8042632
7938	-1630.292	-1987.992	357.7001	1.675259	0.8251788
7944	-1628.34	-1986.092	357.7519	1.672336	0.7589434
7950	-1642.975	-2000.744	357.768	1.65423	0.7617449
7956	-1633.259	-1990.957	357.6973	1.510747	1.009806
7962	-1625.134	-1982.957	357.8227	1.53425	0.848135
7968	-1619.808	-1977.545	357.737	1.668619	0.7852278
7974	-1617.66	-1975.301	357.6407	1.724714	0.8376664
7980	-1622.768	-1980.46	357.6916	1.615989	0.9055952
7986	-1625.833	-1983.579	357.7458	1.530495	0.939669
7992	-1629.517	-1987.419	357.9017	1.384046	0.9295913
7998	-1631.084	-1988.764	357.6801	1.584847	0.9517437
8004	-1624.581	-1982.233	357.6517	1.433503	1.125429
8010	-1628.817	-1986.513	357.6955	1.442335	1.07727
8016	-1616.494	-1974.155	357.6613	1.609112	0.9459411
8022	-1611.679	-1969.431	357.7529	1.582928	0.8733368
8028	-1614.795	-1972.449	357.6543	1.796149	0.7183018
8034	-1622.636	-1980.331	357.695	1.77408	0.6858123
8040	-1625.436	-1983.095	357.6593	1.834674	0.6344422
8046	-1617.35	-1974.948	357.5986	1.925715	0.5140883
8052	-1641.904	-1999.49	357.586	1.930364	0.4379796
8058	-1635.524	-1993.271	357.7466	1.725786	0.679762
8064	-1628.908	-1986.678	357.7705	1.725786	0.6289144
8070	-1624.906	-1982.647	357.7415	1.707312	0.7210212
8076	-1625.806	-1983.612	357.8052	1.601284	0.7840739
8082	-1628.264	-1986.054	357.7897	1.617928	0.7824967
8088	-1626.224	-1983.991	357.7669	1.617928	0.8130755
8094	-1624.501	-1982.311	357.8096	1.616708	0.7557848
8100	-1638.412	-1996.266	357.8543	1.560188	0.7729589
8106	-1641.083	-1998.628	357.5448	1.683854	0.9892312
8112	-1647.749	-2005.576	357.8274	1.581754	0.7803361
8118	-1643.165	-2000.815	357.6499	1.674459	0.886614
8124	-1622.83	-1980.637	357.8067	1.557112	0.8396285
8130	-1619.51	-1977.186	357.6759	1.693009	0.8333556
8136	-1628.096	-1985.766	357.6698	1.773333	0.7300592
8142	-1615.307	-1973.03	357.7231	1.732768	0.7091831
8148	-1625.693	-1983.49	357.7967	1.654431	0.7171525
8154	-1623.773	-1981.612	357.8386	1.628018	0.6903951
8160	-1624.302	-1982.07	357.7684	1.628018	0.7978349
8166	-1628.899	-1986.712	357.8123	1.643085	0.7100562
8172	-1632.655	-1990.398	357.7432	1.725911	0.6859269
8178	-1619.789	-1977.373	357.584	1.850272	0.7438318
8184	-1623.533	-1981.24	357.707	1.760508	0.6888004
8190	-1621.49	-1979.303	357.8127	1.645355	0.7055507
8196	-1620.969	-1978.691	357.722	1.54224	0.9524887
8202	-1624.309	-1981.878	357.5685	1.501765	1.138828
8208	-1625.744	-1983.507	357.7626	1.357163	1.093992
8214	-1630.918	-1988.419	357.5006	1.70411	1.01315
8220	-1618.572	-1976.108	357.5359	1.782306	0.8935902
8226	-1614.487	-1972.114	357.6273	1.562589	1.027662
8232	-1631.005	-1988.706	357.7012	1.597517	0.9153458
8238	-1615.054	-1972.81	357.7553	1.543418	0.9153458
8244	-1636.961	-1994.696	357.7356	1.563164	0.9153458
8250	-1635.311	-1992.782	357.4711	1.359859	1.339714
8256	-1630.963	-1988.239	357.2764	1.479864	1.398564
8262	-1648.585	-2006.441	357.8558	1.49664	0.8536026
8268	-1657.589	-2015.241	357.6519	1.692331	0.8634414
8274	-1636.728	-1994.401	357.6731	1.587987	0.9558211
8280	-1624.547	-1982.042	357.4954	1.428729	1.264053
8286	-1626.96	-1984.417	357.4566	1.401337	1.318081
8292	-1625.074	-1982.614	357.54	1.453891	1.205414
8298	-1627.678	-1985.309	357.6304	1.485424	1.097565
8304	-1618.933	-1976.838	357.9046	1.405944	0.9022688
8310	-1625.358	-1983.168	357.809	1.581386	0.8057462
8316	-1612.484	-1970.188	357.7047	1.739642	0.7281464
8322	-1616.682	-1974.422	357.7398	1.646784	0.8108173
8328	-1625.446	-1983.137	357.691	1.711069	0.790192
8334	-1633.28	-1991.194	357.9138	1.443546	0.8476628
8340	-1627.471	-1985.09	357.619	1.557141	1.040947
8346	-1621.448	-1978.991	357.5435	1.532837	1.133423
8352	-1636.889	-1994.632	357.7434	1.675578	0.7665166
8358	-1623.167	-1980.845	357.6778	1.593825	0.9447309
8364	-1618.466	-1976.271	357.805	1.574855	0.8194928
8370	-1624.158	-1981.997	357.8383	1.583234	0.7628277
8376	-1633.09	-1990.74	357.65	1.819106	0.685931
8382	-1628.621	-1986.297	357.6755	1.746773	0.7617472
8388	-1624.834	-1982.603	357.7691	1.64168	0.7780737
8394	-1626.869	-1984.529	357.6607	1.63104	0.9230391
8400	-1627.041	-1984.74	357.6983	1.660291	0.8460625
8406	-1620.433	-1978.141	357.7072	1.792579	0.6201764
8412	-1626.876	-1984.686	357.81	1.502016	0.9005819
8418	-1629.026	-1986.827	357.8017	1.514358	0.8960492
8424	-1620.991	-1978.717	357.7266	1.537995	0.9521244
8430	-1625.905	-1983.637	357.7314	1.480844	1.005597
8436	-1631.559	-1989.295	357.7368	1.516276	0.9641197
8442	-1624.902	-1982.671	357.7687	1.638414	0.7831814
8448	-1630.43	-1988.014	357.5841	1.590881	1.042016
8454	-1625.954	-1983.52	357.566	1.810816	0.8233855
8460	-1628.321	-1986.168	357.8473	1.529472	0.8233855
8466	-1627.958	-1985.744	357.7855	1.54243	0.8824204
8472	-1614.214	-1971.957	357.7429	1.585089	0.8824204
8478	-1624.288	-1981.907	357.6196	1.56009	1.037519
8484	-1625.703	-1983.482	357.7788	1.569837	0.8581
8490	-1627.688	-1985.426	357.7381	1.550669	0.9263005
8496	-1623.097	-1980.774	357.677	1.432792	1.103174
8502	-1618.776	-1976.497	357.7217	1.359383	1.129172
8508	-1633.084	-1990.86	357.7757	1.305378	1.129172
8514	-1625.199	-1982.915	357.7165	1.375315	1.119434
8520	-1617.041	-1974.765	357.7236	1.471163	1.022845
8526	-1625.598	-1983.251	357.6538	1.635335	0.9259049
8532	-1624.262	-1982.033	357.7708	1.495934	0.9498894
8538	-1630.84	-1988.772	357.9321	1.387567	0.8918978
8544	-1640.674	-1998.26	357.5861	1.210001	1.367328
8550	-1622.405	-1980.121	357.7155	1.218936	1.255533
8556	-1625.06	-1982.875	357.8146	1.383204	1.019923
8562	-1613.888	-1971.365	357.4771	1.388088	1.312194
8568	-1611.862	-1969.44	357.5775	1.516534	1.117422
8574	-1611.833	-1969.644	357.8108	1.654835	0.6921486
8580	-1610.751	-1968.452	357.701	1.580509	0.9341242
8586	-1629.537	-1987.367	357.8297	1.451769	0.9341242
8592	-1627.194	-1984.979	357.7847	1.436128	0.997085
8598	-1633.175	-1990.858	357.6829	1.583791	0.9499461
8604	-1639.31	-1997.165	357.8552	1.382864	0.9796047
8610	-1629.561	-1987.193	357.6328	1.349037	1.215679
8616	-1633.201	-1990.809	357.6088	1.332966	1.249413
8622	-1637.015	-1994.753	357.7375	1.558486	0.9184144
8628	-1634.464	-1992.23	357.7659	1.604164	0.8319018
8634	-1633.556	-1991.383	357.827	1.547285	0.8265948
8640	-1630.096	-1987.795	357.6996	1.670982	0.8312803
8646	-1618.975	-1976.812	357.8368	1.533767	0.8312803
8652	-1603.166	-1960.857	357.6916	1.525011	1.001315
8658	-1609.523	-1967.236	357.7135	1.503087	1.001315
8664	-1614.839	-1972.617	357.7782	1.54564	0.8871725
8670	-1621.644	-1979.162	357.5182	1.44988	1.22729
8676	-1618.433	-1976.197	357.7638	1.476266	0.977584
8682	-1615.022	-1972.72	357.6986	1.671196	0.8322158
8688	-1610.929	-1968.652	357.7226	1.338099	1.147281
8694	-1623.327	-1981.042	357.7152	1.606327	0.8897749
8700	-1616.182	-1973.871	357.6891	1.763219	0.7152078
8706	-1622.833	-1980.502	357.6697	1.850956	0.5468612
8712	-1628.753	-1986.45	357.6972	1.823798	0.5442882
8718	-1636.369	-1993.889	357.5192	2.005508	0.500131
8724	-1638.377	-1996.128	357.7511	1.762312	0.5791063
8730	-1633.419	-1991.284	357.8647	1.617872	0.6596683
8736	-1628.471	-1986.136	357.6651	1.836576	0.6151374
8742	-1626.092	-1983.678	357.5858	1.900597	0.65159
8748	-1626.218	-1983.969	357.7519	1.753696	0.6043841
8754	-1640.061	-1997.686	357.6251	1.815583	0.7339442
8760	-1625.901	-1983.596	357.6949	1.808537	0.6105703
8766	-1619.627	-1977.372	357.7446	1.67098	0.7713034
8772	-1631.36	-1989.212	357.8522	1.549561	0.7905439
8778	-1646.23	-2003.712	357.4824	1.625185	1.105124
8784	-1642.345	-2000.043	357.698	1.599538	0.9167407
8790	-1641.794	-1999.542	357.7477	1.599538	0.8598137
8796	-1633.633	-1991.338	357.7058	1.599538	0.9080527
8802	-1627.605	-1985.424	357.8188	1.512209	0.8788928
8808	-1612.029	-1969.866	357.8375	1.439972	0.9384447
8814	-1625.641	-1983.307	357.6657	1.535333	1.016694
8820	-1637.411	-1995.2	357.7889	1.632328	0.7631819
8826	-1644.56	-2002.293	357.7329	1.642135	0.8255761
8832	-1639.286	-1996.812	357.5267	1.386081	1.273416
8838	-1629.978	-1987.591	357.6139	1.747546	0.8425822
8844	-1626.906	-1984.594	357.6873	1.741665	0.7519225
8850	-1619.158	-1976.989	357.8308	1.559173	0.8063077
8856	-1632.623	-1990.239	357.6164	1.769578	0.8115202
8862	-1628.501	-1986.198	357.6969	1.747074	0.7286991
8868	-1623.47	-1981.221	357.7512	1.708273	0.7030237
8874	-1624.131	-1981.74	357.6097	1.894199	0.6092396
8880	-1636.355	-1994.011	357.6565	1.48749	1.071467
8886	-1632.093	-1989.677	357.5838	1.281527	1.31209
8892	-1639.227	-1997.163	357.9358	1.107633	1.162515
8898	-1621.64	-1979.339	357.6985	1.418652	1.096419
8904	-1638.448	-1996.149	357.7014	1.52886	0.9875958
8910	-1646.095	-2003.901	357.8068	1.379638	1.031019
8916	-1638.501	-1996.189	357.6878	1.589657	0.9384187
8922	-1629.623	-1987.369	357.746	1.474781	0.9971244
8928	-1625.564	-1983.26	357.6957	1.434903	1.083952
8934	-1617.016	-1974.767	357.7518	1.443564	1.022338
8940	-1621.849	-1979.519	357.6705	1.379548	1.156752
8946	-1621.213	-1979.012	357.7987	1.315027	1.099525
8952	-1627.027	-1984.778	357.7502	1.47692	0.990703
8958	-1629.408	-1986.996	357.5886	1.362943	1.241231
8964	-1628.399	-1986.103	357.7045	1.441656	1.06946
8970	-1632.144	-1990.075	357.9309	1.451071	0.81682
8976	-1643.363	-2001.167	357.8039	1.55262	0.8486601
8982	-1635.831	-1993.696	357.8653	1.491221	0.8486601
8988	-1644.082	-2001.783	357.7016	1.799876	0.6157508
8994	-1640.058	-1997.876	357.8182	1.512229	0.8795467
9000	-1656.039	-2013.776	357.7372	1.431536	1.048036
9006	-1648.97	-2006.775	357.8048	1.458635	0.9533517
9012	-1638.26	-1995.865	357.6051	1.630682	0.9819577
9018	-1620.682	-1978.424	357.7414	1.717891	0.7034465
9024	-1629.215	-1986.888	357.6733	1.648222	0.8898608
9030	-1631.314	-1989.119	357.8045	1.470083	0.9414917
9036	-1634.902	-1992.854	357.9524	1.292342	0.9727546
9042	-1645.978	-2003.596	357.6182	1.48889	1.105588
9048	-1627.417	-1985.245	357.8281	1.344288	1.044503
9054	-1625.314	-1983.019	357.7052	1.467233	1.044503
9060	-1626.108	-1983.937	357.8292	1.479981	0.9038215
9066	-1631.17	-1988.927	357.757	1.415579	1.044381
9072	-1630.555	-1988.193	357.6379	1.481833	1.094034
9078	-1607.863	-1965.634	357.7706	1.424117	1.022965
9084	-1646.207	-2003.764	357.5573	1.251271	1.357473
9090	-1646.722	-2004.313	357.591	1.231779	1.34622
9096	-1636.599	-1993.901	357.3017	1.562166	1.313284
9102	-1618.787	-1976.542	357.7546	1.515363	0.9464584
9108	-1622.297	-1980.061	357.7638	1.515363	0.9366233
9114	-1626.231	-1983.798	357.5674	1.478926	1.160003
9120	-1622.845	-1980.594	357.7491	1.646685	0.7986668
9126	-1630.338	-1988.016	357.6787	1.733659	0.7758606
9132	-1627.143	-1984.974	357.8318	1.342272	1.042924
9138	-1634.38	-1992.043	357.6626	1.542872	1.012359
9144	-1634.717	-1992.295	357.5783	1.380136	1.235416
9150	-1631.26	-1989.141	357.8812	1.356077	0.9803792
9156	-1634.636	-1992.358	357.7228	1.406889	1.084845
9162	-1632.679	-1990.437	357.7586	1.342982	1.110615
9168	-1638.4	-1996.124	357.7234	1.54696	0.9459838
9174	-1635.873	-1993.579	357.7058	1.628075	0.8756155
9180	-1631.887	-1989.67	357.7831	1.478199	0.9555963
9186	-1625.281	-1983.027	357.7466	1.656679	0.7885549
9192	-1647.878	-2005.765	357.8875	1.615652	0.6111677
9198	-1640.455	-1998.232	357.7778	1.534553	0.9002015
9204	-1632.818	-1990.429	357.6108	1.59842	1.00869
9210	-1632.62	-1990.403	357.7829	1.675673	0.7046452
9216	-1629.487	-1987.028	357.5419	1.866247	0.7818182
9222	-1624.232	-1981.802	357.57	1.754702	0.8862225
9228	-1631.611	-1989.24	357.6294	1.893962	0.5264918
9234	-1621.016	-1978.744	357.7274	1.750486	0.6690831
9240	-1632.267	-1989.899	357.6316	1.815498	0.7237385
9246	-1620.387	-1977.961	357.5743	1.660922	0.9825514
9252	-1611.906	-1969.645	357.7387	1.638901	0.8223298
9258	-1613.55	-1971.181	357.6304	1.68936	0.8918575
9264	-1625.288	-1982.924	357.6356	1.477967	1.099692
9270	-1622.636	-1980.268	357.6316	1.694475	0.884609
9276	-1613.931	-1971.601	357.6695	1.354793	1.17924
9282	-1608.849	-1966.593	357.7445	1.513177	0.9593841
9288	-1610.119	-1967.743	357.6234	1.732144	0.8497765
9294	-1611.3	-1968.994	357.6934	1.490481	1.033441
9300	-1618.303	-1975.919	357.6162	1.619865	0.9816834
9306	-1614.996	-1972.771	357.7749	1.690042	0.693456
9312	-1629.503	-1987.188	357.6846	1.612759	0.9168377
9318	-1624.035	-1981.69	357.655	1.668379	0.8877116
9324	-1624.933	-1982.563	357.6307	1.894031	0.4973702
9330	-1621.799	-1979.396	357.5973	1.898122	0.6310718
9336	-1606.688	-1964.449	357.7612	1.665236	0.755584
9342	-1615.618	-1973.265	357.6469	1.827358	0.6761078
9348	-1628.43	-1986.368	357.9383	1.394076	0.8773319
9354	-1625.526	-1983.25	357.7241	1.618996	0.8646879
9360	-1618.601	-1976.28	357.6789	1.541967	0.9970318
9366	-1625.526	-1983.185	357.6587	1.637465	0.918155
9372	-1629.609	-1987.516	357.9077	1.388497	0.918155
9378	-1643.403	-2000.977	357.5737	1.489658	1.144911
9384	-1623.621	-1981.224	357.6029	1.657731	0.9562895
9390	-1617.811	-1975.417	357.606	1.561164	1.049573
9396	-1622.903	-1980.403	357.5	1.45744	1.236263
9402	-1625.043	-1982.705	357.6623	1.6718	0.8752557
9408	-1628.088	-1985.885	357.7973	1.410402	1.010182
9414	-1623.195	-1980.858	357.6623	1.7577	0.7650543
9420	-1620.427	-1978.245	357.8177	1.58036	0.7956377
9426	-1611.891	-1969.647	357.7566	1.53554	0.9226181
9432	-1604.678	-1962.505	357.8274	1.606763	0.7440882
9438	-1622.058	-1979.806	357.7484	1.756182	0.6073818
9444	-1628.027	-1985.855	357.8283	1.575756	0.7874909
9450	-1631.947	-1989.69	357.7428	1.745167	0.6480641
9456	-1629.15	-1986.945	357.7943	1.722265	0.5665595
9462	-1621.267	-1979.049	357.782	1.69013	0.6801465
9468	-1633.762	-1991.507	357.7453	1.763087	0.5961186
9474	-1622.747	-1980.446	357.6991	1.791158	0.6429791
9480	-1632.526	-1990.054	357.5273	1.933189	0.7012256
9486	-1630.008	-1987.796	357.7881	1.601224	0.8072179
9492	-1637.845	-1995.522	357.6766	1.421299	1.113921
9498	-1626.758	-1984.458	357.7009	1.46724	1.048634
9504	-1628.998	-1986.854	357.8563	1.295485	1.064147
9510	-1633.45	-1991.296	357.8454	1.44333	0.9263426
9516	-1624.615	-1982.347	357.7321	1.525736	0.9592265
9522	-1630.12	-1987.779	357.6594	1.447441	1.105797
9528	-1620.87	-1978.451	357.5809	1.312101	1.289644
9534	-1639.871	-1997.703	357.8323	1.581399	0.7740946
9540	-1630.601	-1988.311	357.7093	1.784268	0.6353707
9546	-1636.939	-1994.624	357.6853	1.78038	0.6920155
9552	-1621.198	-1978.996	357.7977	1.666867	0.6941041
9558	-1621.359	-1979.139	357.7794	1.557616	0.8719599
9564	-1631.8	-1989.49	357.6898	1.53282	0.995283
9570	-1620.934	-1978.698	357.7639	1.610467	0.8264558
9576	-1619.597	-1977.099	357.5019	1.682325	1.033154
9582	-1619.059	-1976.684	357.6245	1.806046	0.7494629
9588	-1613.509	-1971.258	357.7487	1.616117	0.8384742
9594	-1597.706	-1955.438	357.7317	1.629412	0.8429766
9600	-1600.215	-1958.036	357.8206	1.611636	0.7469713
9606	-1607.873	-1965.687	357.8137	1.358289	1.044937
9612	-1614.246	-1971.984	357.738	1.409989	1.06768
9618	-1613.708	-1971.565	357.8568	1.543652	0.7923034
9624	-1623.309	-1981.137	357.8281	1.57938	0.7827156
9630	-1623.272	-1981.012	357.74	1.633981	0.8269039
9636	-1615.936	-1973.733	357.7966	1.566738	0.8403092
9642	-1624.824	-1982.641	357.8171	1.504752	0.8894811
9648	-1621.261	-1979.065	357.804	1.510419	0.8978641
9654	-1628.406	-1986.182	357.7766	1.549019	0.885137
9660	-1620.679	-1978.459	357.78	1.423274	1.014475
9666	-1629.921	-1987.387	357.4661	1.626141	1.119086
9672	-1613.251	-1970.907	357.6556	1.634867	0.9244616
9678	-1610.275	-1968.013	357.7379	1.347447	1.125299
9684	-1615.679	-1973.288	357.6093	1.262231	1.307101
9690	-1624.795	-1982.342	357.5467	1.361879	1.276874
9696	-1627.545	-1985.17	357.6252	1.283382	1.276874
9702	-1622.458	-1980.162	357.7038	1.455891	1.056696
9708	-1630.672	-1988.551	357.8792	1.549365	0.7525253
9714	-1631.639	-1989.281	357.6425	1.692039	0.8747738
9720	-1625.6	-1983.251	357.6506	1.582493	0.9847117
9726	-1621.316	-1978.989	357.673	1.715248	0.8086147
9732	-1652.792	-2010.537	357.7451	1.701438	0.7245694
9738	-1654.198	-2011.869	357.6705	1.613242	0.9317006
9744	-1618.967	-1976.678	357.7103	1.73777	0.7222029
9750	-1627.632	-1985.298	357.6656	1.576988	0.9749483
9756	-1623.108	-1980.796	357.688	1.554667	0.9749483
9762	-1617.278	-1975.122	357.8441	1.666674	0.5883729
9768	-1619.999	-1977.687	357.6877	1.7601	0.7226825
9774	-1617.076	-1974.85	357.774	1.679025	0.7139241
9780	-1620.435	-1978.152	357.7171	1.787694	0.6066686
9786	-1612.957	-1970.627	357.6703	1.854392	0.4973505
9792	-1618.118	-1975.713	357.5949	1.924002	0.4477752
9798	-1621.961	-1979.694	357.7334	1.774922	0.5962201
